Archive member included because of file (symbol)

c:/mios32_toolchain/bin/../lib/gcc/arm-none-eabi/4.5.1/thumb/v7m\libgcc.a(_arm_muldivdf3.o)
                              project_build//C/mios32/trunk/mios32/common/mios32_osc.o (__aeabi_dmul)
c:/mios32_toolchain/bin/../lib/gcc/arm-none-eabi/4.5.1/thumb/v7m\libgcc.a(_arm_fixdfsi.o)
                              project_build//C/mios32/trunk/mios32/common/mios32_osc.o (__aeabi_d2iz)
c:/mios32_toolchain/bin/../lib/gcc/arm-none-eabi/4.5.1/thumb/v7m\libgcc.a(_arm_muldivsf3.o)
                              project_build//C/mios32/trunk/mios32/common/mios32_osc.o (__aeabi_fmul)
c:/mios32_toolchain/bin/../lib/gcc/arm-none-eabi/4.5.1/thumb/v7m\libgcc.a(_arm_fixsfsi.o)
                              project_build//C/mios32/trunk/mios32/common/mios32_osc.o (__aeabi_f2iz)
c:/mios32_toolchain/bin/../lib/gcc/arm-none-eabi/4.5.1/../../../../arm-none-eabi/lib/thumb/v7m\libg.a(lib_a-init.o)
                              project_build//C/mios32/trunk/programming_models/traditional/main.o (__libc_init_array)
c:/mios32_toolchain/bin/../lib/gcc/arm-none-eabi/4.5.1/../../../../arm-none-eabi/lib/thumb/v7m\libg.a(lib_a-memcpy.o)
                              project_build//C/mios32/trunk/FreeRTOS/Source/queue.o (memcpy)
c:/mios32_toolchain/bin/../lib/gcc/arm-none-eabi/4.5.1/../../../../arm-none-eabi/lib/thumb/v7m\libg.a(lib_a-memmove.o)
                              project_build//C/mios32/trunk/FreeRTOS/Source/portable/MemMang/umm_malloc.o (memmove)
c:/mios32_toolchain/bin/../lib/gcc/arm-none-eabi/4.5.1/../../../../arm-none-eabi/lib/thumb/v7m\libg.a(lib_a-memset.o)
                              project_build//C/mios32/trunk/FreeRTOS/Source/tasks.o (memset)
c:/mios32_toolchain/bin/../lib/gcc/arm-none-eabi/4.5.1/../../../../arm-none-eabi/lib/thumb/v7m\libg.a(lib_a-stpcpy.o)
                              project_build//C/mios32/trunk/mios32/common/mios32_osc.o (stpcpy)
c:/mios32_toolchain/bin/../lib/gcc/arm-none-eabi/4.5.1/../../../../arm-none-eabi/lib/thumb/v7m\libg.a(lib_a-strcpy.o)
                              project_build//C/mios32/trunk/mios32/common/mios32_midi.o (strcpy)
c:/mios32_toolchain/bin/../lib/gcc/arm-none-eabi/4.5.1/../../../../arm-none-eabi/lib/thumb/v7m\libg.a(lib_a-strlen.o)
                              project_build//C/mios32/trunk/mios32/common/mios32_midi.o (strlen)
c:/mios32_toolchain/bin/../lib/gcc/arm-none-eabi/4.5.1/../../../../arm-none-eabi/lib/thumb/v7m\libg.a(lib_a-strncmp.o)
                              project_build//C/mios32/trunk/mios32/common/mios32_osc.o (strncmp)
c:/mios32_toolchain/bin/../lib/gcc/arm-none-eabi/4.5.1/../../../../arm-none-eabi/lib/thumb/v7m\libg.a(lib_a-strncpy.o)
                              project_build//C/mios32/trunk/FreeRTOS/Source/tasks.o (strncpy)

Allocating common symbols
Common symbol       size              file

SaveRState          0x2               project_build//C/mios32/trunk/drivers/STM32F10x/v3.3.0/STM32_USB-FS-Device_Driver/src/usb_int.o
heapInfo            0xc               project_build//C/mios32/trunk/FreeRTOS/Source/portable/MemMang/umm_malloc.o
font_bitmap         0xc               project_build//C/mios32/trunk/mios32/common/mios32_lcd.o
mios32_srio_din_changed
                    0x10              project_build//C/mios32/trunk/mios32/common/mios32_srio.o
last_velocity       0x4               project_build/app.o
pProperty           0x4               project_build//C/mios32/trunk/mios32/STM32F10x/mios32_usb.o
xQueueRegistry      0x50              project_build//C/mios32/trunk/FreeRTOS/Source/queue.o
mios32_lcd_y        0x2               project_build//C/mios32/trunk/mios32/common/mios32_lcd.o
mios32_srio_dout    0x10              project_build//C/mios32/trunk/mios32/common/mios32_srio.o
SaveTState          0x2               project_build//C/mios32/trunk/drivers/STM32F10x/v3.3.0/STM32_USB-FS-Device_Driver/src/usb_int.o
pUser_Standard_Requests
                    0x4               project_build//C/mios32/trunk/mios32/STM32F10x/mios32_usb.o
mios32_lcd_column   0x2               project_build//C/mios32/trunk/mios32/common/mios32_lcd.o
MIOS32_IIC_unexpected_event
                    0x4               project_build//C/mios32/trunk/mios32/STM32F10x/mios32_iic.o
enc_config          0x100             project_build//C/mios32/trunk/mios32/common/mios32_enc.o
StatusInfo          0x2               project_build//C/mios32/trunk/drivers/STM32F10x/v3.3.0/STM32_USB-FS-Device_Driver/src/usb_core.o
pInformation        0x4               project_build//C/mios32/trunk/mios32/STM32F10x/mios32_usb.o
selected_midi_port  0x4               project_build/app.o
enc_state           0x200             project_build//C/mios32/trunk/mios32/common/mios32_enc.o
mios32_lcd_cursor_map
                    0x4               project_build//C/mios32/trunk/mios32/common/mios32_lcd.o
mios32_lcd_line     0x2               project_build//C/mios32/trunk/mios32/common/mios32_lcd.o
mios32_srio_din_buffer
[...]
Memory Configuration

Name             Origin             Length             Attributes
RAM              0x20000000         0x00010000         xrw
FLASH            0x08000000         0x00080000         xr
FLASHB1          0x00000000         0x00000000         xr
EXTMEMB0         0x00000000         0x00000000         xr
EXTMEMB1         0x00000000         0x00000000         xr
EXTMEMB2         0x00000000         0x00000000         xr
EXTMEMB3         0x00000000         0x00000000         xr
*default*        0x00000000         0xffffffff

Linker script and memory map

LOAD project_build/app.o
LOAD project_build//C/mios32/trunk/programming_models/traditional/main.o
LOAD project_build//C/mios32/trunk/FreeRTOS/Source/tasks.o
LOAD project_build//C/mios32/trunk/FreeRTOS/Source/list.o
LOAD project_build//C/mios32/trunk/FreeRTOS/Source/queue.o
LOAD project_build//C/mios32/trunk/FreeRTOS/Source/portable/GCC/ARM_CM3/port.o
LOAD project_build//C/mios32/trunk/FreeRTOS/Source/portable/MemMang/umm_malloc.o
LOAD project_build//C/mios32/trunk/programming_models/traditional/startup_stm32f10x_hd.o
LOAD project_build//C/mios32/trunk/mios32/common/mios32_srio.o
LOAD project_build//C/mios32/trunk/mios32/common/mios32_din.o
LOAD project_build//C/mios32/trunk/mios32/common/mios32_dout.o
LOAD project_build//C/mios32/trunk/mios32/common/mios32_enc.o
LOAD project_build//C/mios32/trunk/mios32/common/mios32_lcd.o
LOAD project_build//C/mios32/trunk/mios32/common/mios32_midi.o
LOAD project_build//C/mios32/trunk/mios32/common/mios32_osc.o
LOAD project_build//C/mios32/trunk/mios32/common/mios32_com.o
LOAD project_build//C/mios32/trunk/mios32/common/mios32_uart_midi.o
LOAD project_build//C/mios32/trunk/mios32/common/mios32_iic_midi.o
LOAD project_build//C/mios32/trunk/mios32/common/mios32_iic_bs.o
LOAD project_build//C/mios32/trunk/mios32/common/mios32_mf.o
LOAD project_build//C/mios32/trunk/mios32/common/mios32_sdcard.o
LOAD project_build//C/mios32/trunk/mios32/common/mios32_enc28j60.o
LOAD project_build//C/mios32/trunk/mios32/STM32F10x/mios32_bsl.o
LOAD project_build//C/mios32/trunk/mios32/STM32F10x/mios32_sys.o
LOAD project_build//C/mios32/trunk/mios32/STM32F10x/mios32_irq.o
LOAD project_build//C/mios32/trunk/mios32/STM32F10x/mios32_spi.o
LOAD project_build//C/mios32/trunk/mios32/STM32F10x/mios32_i2s.o
LOAD project_build//C/mios32/trunk/mios32/STM32F10x/mios32_board.o
LOAD project_build//C/mios32/trunk/mios32/STM32F10x/mios32_timer.o
LOAD project_build//C/mios32/trunk/mios32/STM32F10x/mios32_stopwatch.o
LOAD project_build//C/mios32/trunk/mios32/STM32F10x/mios32_delay.o
LOAD project_build//C/mios32/trunk/mios32/STM32F10x/mios32_ain.o
LOAD project_build//C/mios32/trunk/mios32/STM32F10x/mios32_usb.o
LOAD project_build//C/mios32/trunk/mios32/STM32F10x/mios32_usb_midi.o
LOAD project_build//C/mios32/trunk/mios32/STM32F10x/mios32_usb_com.o
LOAD project_build//C/mios32/trunk/mios32/STM32F10x/mios32_uart.o
LOAD project_build//C/mios32/trunk/mios32/STM32F10x/mios32_iic.o
LOAD project_build//C/mios32/trunk/mios32/common/printf-stdarg.o
LOAD project_build//C/mios32/trunk/drivers/STM32F10x/v3.3.0/STM32F10x_StdPeriph_Driver/src/stm32f10x_gpio.o
LOAD project_build//C/mios32/trunk/drivers/STM32F10x/v3.3.0/STM32F10x_StdPeriph_Driver/src/stm32f10x_flash.o
LOAD project_build//C/mios32/trunk/drivers/STM32F10x/v3.3.0/STM32F10x_StdPeriph_Driver/src/stm32f10x_adc.o
LOAD project_build//C/mios32/trunk/drivers/STM32F10x/v3.3.0/STM32F10x_StdPeriph_Driver/src/stm32f10x_dac.o
LOAD project_build//C/mios32/trunk/drivers/STM32F10x/v3.3.0/STM32F10x_StdPeriph_Driver/src/stm32f10x_spi.o
LOAD project_build//C/mios32/trunk/drivers/STM32F10x/v3.3.0/STM32F10x_StdPeriph_Driver/src/stm32f10x_usart.o
LOAD project_build//C/mios32/trunk/drivers/STM32F10x/v3.3.0/STM32F10x_StdPeriph_Driver/src/stm32f10x_i2c.o
LOAD project_build//C/mios32/trunk/drivers/STM32F10x/v3.3.0/STM32F10x_StdPeriph_Driver/src/stm32f10x_dma.o
LOAD project_build//C/mios32/trunk/drivers/STM32F10x/v3.3.0/STM32F10x_StdPeriph_Driver/src/stm32f10x_tim.o
LOAD project_build//C/mios32/trunk/drivers/STM32F10x/v3.3.0/STM32F10x_StdPeriph_Driver/src/stm32f10x_rcc.o
LOAD project_build//C/mios32/trunk/drivers/STM32F10x/v3.3.0/STM32F10x_StdPeriph_Driver/src/stm32f10x_rtc.o
LOAD project_build//C/mios32/trunk/drivers/STM32F10x/v3.3.0/STM32F10x_StdPeriph_Driver/src/stm32f10x_bkp.o
LOAD project_build//C/mios32/trunk/drivers/STM32F10x/v3.3.0/STM32F10x_StdPeriph_Driver/src/stm32f10x_pwr.o
LOAD project_build//C/mios32/trunk/drivers/STM32F10x/v3.3.0/STM32F10x_StdPeriph_Driver/src/stm32f10x_exti.o
LOAD project_build//C/mios32/trunk/drivers/STM32F10x/v3.3.0/STM32F10x_StdPeriph_Driver/src/misc.o
LOAD project_build//C/mios32/trunk/drivers/STM32F10x/v3.3.0/CMSIS/CM3/CoreSupport/core_cm3.o
LOAD project_build//C/mios32/trunk/drivers/STM32F10x/v3.3.0/STM32_USB-FS-Device_Driver/src/usb_core.o
LOAD project_build//C/mios32/trunk/drivers/STM32F10x/v3.3.0/STM32_USB-FS-Device_Driver/src/usb_int.o
LOAD project_build//C/mios32/trunk/drivers/STM32F10x/v3.3.0/STM32_USB-FS-Device_Driver/src/usb_mem.o
LOAD project_build//C/mios32/trunk/drivers/STM32F10x/v3.3.0/STM32_USB-FS-Device_Driver/src/usb_regs.o
LOAD project_build//C/mios32/trunk/drivers/STM32F10x/v3.3.0/STM32_USB-FS-Device_Driver/src/otgd_fs_cal.o
LOAD project_build//C/mios32/trunk/drivers/STM32F10x/v3.3.0/STM32_USB-FS-Device_Driver/src/otgd_fs_dev.o
LOAD project_build//C/mios32/trunk/drivers/STM32F10x/v3.3.0/STM32_USB-FS-Device_Driver/src/otgd_fs_int.o
LOAD project_build//C/mios32/trunk/drivers/STM32F10x/v3.3.0/STM32_USB-FS-Device_Driver/src/otgd_fs_pcd.o
LOAD project_build//C/mios32/trunk/modules/app_lcd/clcd/app_lcd.o
LOAD project_build//C/mios32/trunk/programming_models/traditional/mini_cpp.o
LOAD project_build//C/mios32/trunk/programming_models/traditional/freertos_heap.o
LOAD c:/mios32_toolchain/bin/../lib/gcc/arm-none-eabi/4.5.1/../../../../arm-none-eabi/lib/thumb/v7m\libstdc++.a
START GROUP
LOAD c:/mios32_toolchain/bin/../lib/gcc/arm-none-eabi/4.5.1/thumb/v7m\libgcc.a
LOAD c:/mios32_toolchain/bin/../lib/gcc/arm-none-eabi/4.5.1/../../../../arm-none-eabi/lib/thumb/v7m\libg.a
LOAD c:/mios32_toolchain/bin/../lib/gcc/arm-none-eabi/4.5.1/../../../../arm-none-eabi/lib/thumb/v7m\libc.a
END GROUP
                0x20010000                _estack = 0x20010000
                0x00000080                __Stack_Size = 0x80
                0x00000080                PROVIDE (_Stack_Size, __Stack_Size)
                0x2000ff80                __Stack_Init = (_estack - __Stack_Size)
                0x2000ff80                PROVIDE (_Stack_Init, __Stack_Init)
                0x00000100                _Minimum_Stack_Size = 0x100
                0x42000000                PERIPH_BB_BASE = 0x42000000
                0x22000000                SRAM_BB_BASE = 0x22000000
                0x20000000                SRAM_BASE = 0x20000000
                0x40000000                PERIPH_BASE = 0x40000000
                0x40022000                PROVIDE (FLASH_BASE, 0x40022000)
                0x1ffff800                PROVIDE (OB_BASE, 0x1ffff800)
                0x40000000                APB1PERIPH_BASE = PERIPH_BASE
                0x40010000                APB2PERIPH_BASE = (PERIPH_BASE + 0x10000)
                0x40020000                AHBPERIPH_BASE = (PERIPH_BASE + 0x20000)
                0x40000000                PROVIDE (TIM2, (APB1PERIPH_BASE + 0x0))
                0x40000400                PROVIDE (TIM3, (APB1PERIPH_BASE + 0x400))
                0x40000800                PROVIDE (TIM4, (APB1PERIPH_BASE + 0x800))
                0x40002800                PROVIDE (RTC, (APB1PERIPH_BASE + 0x2800))
                0x40002c00                PROVIDE (WWDG, (APB1PERIPH_BASE + 0x2c00))
                0x40003000                PROVIDE (IWDG, (APB1PERIPH_BASE + 0x3000))
                0x40003800                PROVIDE (SPI2, (APB1PERIPH_BASE + 0x3800))
                0x40004400                PROVIDE (USART2, (APB1PERIPH_BASE + 0x4400))
                0x40004800                PROVIDE (USART3, (APB1PERIPH_BASE + 0x4800))
                0x40005400                PROVIDE (I2C1, (APB1PERIPH_BASE + 0x5400))
                0x40005800                PROVIDE (I2C2, (APB1PERIPH_BASE + 0x5800))
                0x40006400                PROVIDE (CAN, (APB1PERIPH_BASE + 0x6400))
                0x40006c00                PROVIDE (BKP, (APB1PERIPH_BASE + 0x6c00))
                0x40007000                PROVIDE (PWR, (APB1PERIPH_BASE + 0x7000))
                0x40010000                PROVIDE (AFIO, (APB2PERIPH_BASE + 0x0))
                0x40010400                PROVIDE (EXTI, (APB2PERIPH_BASE + 0x400))
                0x40010800                PROVIDE (GPIOA, (APB2PERIPH_BASE + 0x800))
                0x40010c00                PROVIDE (GPIOB, (APB2PERIPH_BASE + 0xc00))
                0x40011000                PROVIDE (GPIOC, (APB2PERIPH_BASE + 0x1000))
                0x40011400                PROVIDE (GPIOD, (APB2PERIPH_BASE + 0x1400))
                0x40011800                PROVIDE (GPIOE, (APB2PERIPH_BASE + 0x1800))
                0x40012400                PROVIDE (ADC1, (APB2PERIPH_BASE + 0x2400))
                0x40012800                PROVIDE (ADC2, (APB2PERIPH_BASE + 0x2800))
                0x40012c00                PROVIDE (TIM1, (APB2PERIPH_BASE + 0x2c00))
                0x40013000                PROVIDE (SPI1, (APB2PERIPH_BASE + 0x3000))
                0x40013800                PROVIDE (USART1, (APB2PERIPH_BASE + 0x3800))
                0x40020000                PROVIDE (DMA, (AHBPERIPH_BASE + 0x0))
                0x40020008                PROVIDE (DMA_Channel1, (AHBPERIPH_BASE + 0x8))
                0x4002001c                PROVIDE (DMA_Channel2, (AHBPERIPH_BASE + 0x1c))
                0x40020030                PROVIDE (DMA_Channel3, (AHBPERIPH_BASE + 0x30))
                0x40020044                PROVIDE (DMA_Channel4, (AHBPERIPH_BASE + 0x44))
                0x40020058                PROVIDE (DMA_Channel5, (AHBPERIPH_BASE + 0x58))
                0x4002006c                PROVIDE (DMA_Channel6, (AHBPERIPH_BASE + 0x6c))
                0x40020080                PROVIDE (DMA_Channel7, (AHBPERIPH_BASE + 0x80))
                0x40021000                PROVIDE (RCC, (AHBPERIPH_BASE + 0x1000))
                0xe000e000                SCS_BASE = 0xe000e000
                0xe000e010                PROVIDE (SysTick, (SCS_BASE + 0x10))
                0xe000e100                PROVIDE (NVIC, (SCS_BASE + 0x100))
                0xe000ed00                PROVIDE (SCB, (SCS_BASE + 0xd00))

.mios32_bsl     0x08000000     0x4000
                0x08000000                . = ALIGN (0x4)
 *(.mios32_bsl)
 .mios32_bsl    0x08000000     0x4000 project_build//C/mios32/trunk/mios32/STM32F10x/mios32_bsl.o
                0x08000000                mios32_bsl_image
                0x08004000                . = ALIGN (0x4)

.isr_vector     0x08004000      0x1e4
                0x08004000                _mios32_sys_isr_vector = .
                0x08004000                . = ALIGN (0x4)
 *(.isr_vector)
 .isr_vector    0x08004000      0x1e4 project_build//C/mios32/trunk/programming_models/traditional/startup_stm32f10x_hd.o
                0x08004000                g_pfnVectors
                0x080041e4                . = ALIGN (0x4)
                0x08004000                PROVIDE (mios32_sys_isr_vector, _mios32_sys_isr_vector)

.flashtext      0x080041e4        0x0
                0x080041e4                . = ALIGN (0x4)
 *(.flashtext)
                0x080041e4                . = ALIGN (0x4)

.text           0x080041e4     0x62a4
                0x080041e4                . = ALIGN (0x4)
 CREATE_OBJECT_SYMBOLS
 *(.text .text.* .gnu.linkonce.t.*)
 .text.APP_Init
                0x080041e4       0xd4 project_build/app.o
                0x080041e4                APP_Init
 .text.APP_Background
                0x080042b8       0x20 project_build/app.o
                0x080042b8                APP_Background
 .text.APP_MIDI_NotifyPackage
                0x080042d8        0x2 project_build/app.o
                0x080042d8                APP_MIDI_NotifyPackage
 .text.APP_DIN_NotifyToggle
                0x080042da        0x2 project_build/app.o
                0x080042da                APP_DIN_NotifyToggle
 .text.APP_ENC_NotifyChange
                0x080042dc        0x2 project_build/app.o
                0x080042dc                APP_ENC_NotifyChange
 *fill*         0x080042de        0x2 00
 .text.APP_AIN_NotifyChange
                0x080042e0       0x20 project_build/app.o
                0x080042e0                APP_AIN_NotifyChange
 .text.BUTTON_NotifyToggle
                0x08004300      0x170 project_build/app.o
                0x08004300                BUTTON_NotifyToggle
 .text.TASK_MatrixScan
                0x08004470      0x104 project_build/app.o
 .text.TASK_MIDI_Hooks
                0x08004574       0x34 project_build//C/mios32/trunk/programming_models/traditional/main.o
 .text.TASK_Hooks
                0x080045a8       0x48 project_build//C/mios32/trunk/programming_models/traditional/main.o
 .text.main     0x080045f0       0xc8 project_build//C/mios32/trunk/programming_models/traditional/main.o
                0x080045f0                main
 .text.vApplicationTickHook
                0x080046b8        0x2 project_build//C/mios32/trunk/programming_models/traditional/main.o
                0x080046b8                vApplicationTickHook
 .text.vApplicationIdleHook
                0x080046ba        0x8 project_build//C/mios32/trunk/programming_models/traditional/main.o
                0x080046ba                vApplicationIdleHook
 *fill*         0x080046c2        0x2 00
 .text._abort   0x080046c4       0x44 project_build//C/mios32/trunk/programming_models/traditional/main.o
                0x080046c4                _abort
 .text.HardFault_Handler_c
                0x08004708      0x12c project_build//C/mios32/trunk/programming_models/traditional/main.o
                0x08004708                HardFault_Handler_c
 .text.HardFault_Handler
                0x08004834       0x14 project_build//C/mios32/trunk/programming_models/traditional/main.o
                0x08004834                HardFault_Handler
 .text.xTaskGenericCreate
                0x08004848      0x19c project_build//C/mios32/trunk/FreeRTOS/Source/tasks.o
                0x08004848                xTaskGenericCreate
 .text.vTaskStartScheduler
                0x080049e4       0x48 project_build//C/mios32/trunk/FreeRTOS/Source/tasks.o
                0x080049e4                vTaskStartScheduler
 .text.vTaskSuspendAll
                0x08004a2c       0x10 project_build//C/mios32/trunk/FreeRTOS/Source/tasks.o
                0x08004a2c                vTaskSuspendAll
 .text.xTaskGetTickCount
                0x08004a3c       0x18 project_build//C/mios32/trunk/FreeRTOS/Source/tasks.o
                0x08004a3c                xTaskGetTickCount
 .text.vTaskIncrementTick
                0x08004a54       0xbc project_build//C/mios32/trunk/FreeRTOS/Source/tasks.o
                0x08004a54                vTaskIncrementTick
 .text.xTaskResumeAll
                0x08004b10       0xc8 project_build//C/mios32/trunk/FreeRTOS/Source/tasks.o
                0x08004b10                xTaskResumeAll
 .text.prvIdleTask
                0x08004bd8       0x68 project_build//C/mios32/trunk/FreeRTOS/Source/tasks.o
 .text.vTaskDelay
                0x08004c40       0x50 project_build//C/mios32/trunk/FreeRTOS/Source/tasks.o
                0x08004c40                vTaskDelay
 .text.vTaskDelayUntil
                0x08004c90       0x78 project_build//C/mios32/trunk/FreeRTOS/Source/tasks.o
                0x08004c90                vTaskDelayUntil
 .text.vTaskSwitchContext
                0x08004d08       0x78 project_build//C/mios32/trunk/FreeRTOS/Source/tasks.o
                0x08004d08                vTaskSwitchContext
 .text.vListInitialise
                0x08004d80       0x16 project_build//C/mios32/trunk/FreeRTOS/Source/list.o
                0x08004d80                vListInitialise
 .text.vListInitialiseItem
                0x08004d96        0x6 project_build//C/mios32/trunk/FreeRTOS/Source/list.o
                0x08004d96                vListInitialiseItem
 .text.vListInsertEnd
                0x08004d9c       0x1a project_build//C/mios32/trunk/FreeRTOS/Source/list.o
                0x08004d9c                vListInsertEnd
 .text.vListInsert
                0x08004db6       0x34 project_build//C/mios32/trunk/FreeRTOS/Source/list.o
                0x08004db6                vListInsert
 .text.vListRemove
                0x08004dea       0x20 project_build//C/mios32/trunk/FreeRTOS/Source/list.o
                0x08004dea                vListRemove
 .text.pxPortInitialiseStack
                0x08004e0a       0x20 project_build//C/mios32/trunk/FreeRTOS/Source/portable/GCC/ARM_CM3/port.o
                0x08004e0a                pxPortInitialiseStack
 *fill*         0x08004e2a        0x2 00
 .text.vPortSVCHandler
                0x08004e2c       0x20 project_build//C/mios32/trunk/FreeRTOS/Source/portable/GCC/ARM_CM3/port.o
                0x08004e2c                vPortSVCHandler
 .text.vPortStartFirstTask
                0x08004e4c       0x10 project_build//C/mios32/trunk/FreeRTOS/Source/portable/GCC/ARM_CM3/port.o
                0x08004e4c                vPortStartFirstTask
 .text.xPortStartScheduler
                0x08004e5c       0x40 project_build//C/mios32/trunk/FreeRTOS/Source/portable/GCC/ARM_CM3/port.o
                0x08004e5c                xPortStartScheduler
 .text.vPortYieldFromISR
                0x08004e9c       0x10 project_build//C/mios32/trunk/FreeRTOS/Source/portable/GCC/ARM_CM3/port.o
                0x08004e9c                vPortYieldFromISR
 .text.vPortEnterCritical
                0x08004eac       0x18 project_build//C/mios32/trunk/FreeRTOS/Source/portable/GCC/ARM_CM3/port.o
                0x08004eac                vPortEnterCritical
 .text.vPortExitCritical
                0x08004ec4       0x18 project_build//C/mios32/trunk/FreeRTOS/Source/portable/GCC/ARM_CM3/port.o
                0x08004ec4                vPortExitCritical
 .text.xPortPendSVHandler
                0x08004edc       0x3c project_build//C/mios32/trunk/FreeRTOS/Source/portable/GCC/ARM_CM3/port.o
                0x08004edc                xPortPendSVHandler
 .text.xPortSysTickHandler
                0x08004f18       0x24 project_build//C/mios32/trunk/FreeRTOS/Source/portable/GCC/ARM_CM3/port.o
                0x08004f18                xPortSysTickHandler
 .text.umm_make_new_block
                0x08004f3c       0x3c project_build//C/mios32/trunk/FreeRTOS/Source/portable/MemMang/umm_malloc.o
 .text.umm_disconnect_from_free_list
                0x08004f78       0x34 project_build//C/mios32/trunk/FreeRTOS/Source/portable/MemMang/umm_malloc.o
 .text.umm_assimilate_up
                0x08004fac       0x40 project_build//C/mios32/trunk/FreeRTOS/Source/portable/MemMang/umm_malloc.o
 .text.vPortFree
                0x08004fec       0x6c project_build//C/mios32/trunk/FreeRTOS/Source/portable/MemMang/umm_malloc.o
                0x08004fec                vPortFree
 .text.pvPortMalloc
                0x08005058      0x114 project_build//C/mios32/trunk/FreeRTOS/Source/portable/MemMang/umm_malloc.o
                0x08005058                pvPortMalloc
 .text.Reset_Handler
                0x0800516c       0x48 project_build//C/mios32/trunk/programming_models/traditional/startup_stm32f10x_hd.o
                0x0800516c                Reset_Handler
 .text._init    0x080051b4        0x2 project_build//C/mios32/trunk/programming_models/traditional/startup_stm32f10x_hd.o
                0x080051b4                _init
 .text.Default_Handler
                0x080051b6        0x2 project_build//C/mios32/trunk/programming_models/traditional/startup_stm32f10x_hd.o
                0x080051b6                EXTI2_IRQHandler
                0x080051b6                TIM8_TRG_COM_IRQHandler
                0x080051b6                TIM8_CC_IRQHandler
                0x080051b6                DebugMon_Handler
                0x080051b6                TIM1_CC_IRQHandler
                0x080051b6                TIM6_IRQHandler
                0x080051b6                SysTick_Handler
                0x080051b6                PVD_IRQHandler
                0x080051b6                SDIO_IRQHandler
                0x080051b6                PendSV_Handler
                0x080051b6                NMI_Handler
                0x080051b6                EXTI3_IRQHandler
                0x080051b6                EXTI0_IRQHandler
                0x080051b6                UsageFault_Handler
                0x080051b6                ADC1_2_IRQHandler
                0x080051b6                SPI1_IRQHandler
                0x080051b6                TAMPER_IRQHandler
                0x080051b6                TIM8_UP_IRQHandler
                0x080051b6                DMA2_Channel2_IRQHandler
                0x080051b6                RTC_IRQHandler
                0x080051b6                DMA1_Channel7_IRQHandler
                0x080051b6                CAN1_RX1_IRQHandler
                0x080051b6                UART5_IRQHandler
                0x080051b6                ADC3_IRQHandler
                0x080051b6                TIM4_IRQHandler
                0x080051b6                DMA2_Channel1_IRQHandler
                0x080051b6                I2C1_EV_IRQHandler
                0x080051b6                DMA1_Channel6_IRQHandler
                0x080051b6                UART4_IRQHandler
                0x080051b6                DMA2_Channel4_IRQHandler
                0x080051b6                RCC_IRQHandler
                0x080051b6                TIM1_TRG_COM_IRQHandler
                0x080051b6                Default_Handler
                0x080051b6                EXTI15_10_IRQHandler
                0x080051b6                TIM7_IRQHandler
                0x080051b6                EXTI9_5_IRQHandler
                0x080051b6                SPI2_IRQHandler
                0x080051b6                MemManage_Handler
                0x080051b6                SVC_Handler
                0x080051b6                DMA2_Channel5_IRQHandler
                0x080051b6                DMA1_Channel5_IRQHandler
                0x080051b6                EXTI4_IRQHandler
                0x080051b6                USB_HP_CAN1_TX_IRQHandler
                0x080051b6                DMA1_Channel3_IRQHandler
                0x080051b6                FSMC_IRQHandler
                0x080051b6                TIM1_UP_IRQHandler
                0x080051b6                WWDG_IRQHandler
                0x080051b6                TIM1_BRK_IRQHandler
                0x080051b6                EXTI1_IRQHandler
                0x080051b6                RTCAlarm_IRQHandler
                0x080051b6                TIM8_BRK_IRQHandler
                0x080051b6                CAN1_SCE_IRQHandler
                0x080051b6                FLASH_IRQHandler
                0x080051b6                BusFault_Handler
                0x080051b6                SPI3_IRQHandler
                0x080051b6                I2C1_ER_IRQHandler
                0x080051b6                USBWakeUp_IRQHandler
                0x080051b6                DMA2_Channel3_IRQHandler
 .text.MIOS32_SRIO_Init
                0x080051b8       0x80 project_build//C/mios32/trunk/mios32/common/mios32_srio.o
                0x080051b8                MIOS32_SRIO_Init
 .text.MIOS32_SRIO_DebounceStart
                0x08005238       0x14 project_build//C/mios32/trunk/mios32/common/mios32_srio.o
                0x08005238                MIOS32_SRIO_DebounceStart
 .text.MIOS32_DIN_Init
                0x0800524c       0x2c project_build//C/mios32/trunk/mios32/common/mios32_din.o
                0x0800524c                MIOS32_DIN_Init
 .text.MIOS32_DIN_SRChangedGetAndClear
                0x08005278       0x30 project_build//C/mios32/trunk/mios32/common/mios32_din.o
                0x08005278                MIOS32_DIN_SRChangedGetAndClear
 .text.MIOS32_DIN_Handler
                0x080052a8       0x50 project_build//C/mios32/trunk/mios32/common/mios32_din.o
                0x080052a8                MIOS32_DIN_Handler
 .text.MIOS32_DOUT_Init
                0x080052f8       0x1c project_build//C/mios32/trunk/mios32/common/mios32_dout.o
                0x080052f8                MIOS32_DOUT_Init
 .text.MIOS32_ENC_Init
                0x08005314       0x5c project_build//C/mios32/trunk/mios32/common/mios32_enc.o
                0x08005314                MIOS32_ENC_Init
 .text.MIOS32_ENC_Handler
                0x08005370       0x40 project_build//C/mios32/trunk/mios32/common/mios32_enc.o
                0x08005370                MIOS32_ENC_Handler
 .text.MIOS32_LCD_DeviceSet
                0x080053b0        0xc project_build//C/mios32/trunk/mios32/common/mios32_lcd.o
                0x080053b0                MIOS32_LCD_DeviceSet
 .text.MIOS32_LCD_CursorSet
                0x080053bc       0x44 project_build//C/mios32/trunk/mios32/common/mios32_lcd.o
                0x080053bc                MIOS32_LCD_CursorSet
 .text.MIOS32_LCD_GCursorSet
                0x08005400       0x18 project_build//C/mios32/trunk/mios32/common/mios32_lcd.o
                0x08005400                MIOS32_LCD_GCursorSet
 .text.MIOS32_LCD_CursorMapSet
                0x08005418       0x18 project_build//C/mios32/trunk/mios32/common/mios32_lcd.o
                0x08005418                MIOS32_LCD_CursorMapSet
 .text.MIOS32_LCD_Init
                0x08005430       0x50 project_build//C/mios32/trunk/mios32/common/mios32_lcd.o
                0x08005430                MIOS32_LCD_Init
 .text.MIOS32_LCD_Clear
                0x08005480        0x8 project_build//C/mios32/trunk/mios32/common/mios32_lcd.o
                0x08005480                MIOS32_LCD_Clear
 .text.MIOS32_LCD_PrintChar
                0x08005488       0x5c project_build//C/mios32/trunk/mios32/common/mios32_lcd.o
                0x08005488                MIOS32_LCD_PrintChar
 .text.MIOS32_LCD_PrintString
                0x080054e4       0x1a project_build//C/mios32/trunk/mios32/common/mios32_lcd.o
                0x080054e4                MIOS32_LCD_PrintString
 *fill*         0x080054fe        0x2 00
 .text.MIOS32_LCD_PrintBootMessage
                0x08005500       0x40 project_build//C/mios32/trunk/mios32/common/mios32_lcd.o
                0x08005500                MIOS32_LCD_PrintBootMessage
 .text.MIOS32_LCD_PrintFormattedString
                0x08005540       0x26 project_build//C/mios32/trunk/mios32/common/mios32_lcd.o
                0x08005540                MIOS32_LCD_PrintFormattedString
 .text.MIOS32_LCD_BColourSet
                0x08005566        0x8 project_build//C/mios32/trunk/mios32/common/mios32_lcd.o
                0x08005566                MIOS32_LCD_BColourSet
 .text.MIOS32_LCD_FColourSet
                0x0800556e        0x8 project_build//C/mios32/trunk/mios32/common/mios32_lcd.o
                0x0800556e                MIOS32_LCD_FColourSet
 *fill*         0x08005576        0x2 00
 .text.MIOS32_MIDI_Init
                0x08005578       0x98 project_build//C/mios32/trunk/mios32/common/mios32_midi.o
                0x08005578                MIOS32_MIDI_Init
 .text.MIOS32_MIDI_SendPackage
                0x08005610       0x78 project_build//C/mios32/trunk/mios32/common/mios32_midi.o
                0x08005610                MIOS32_MIDI_SendPackage
 .text.MIOS32_MIDI_SendEvent
                0x08005688       0x22 project_build//C/mios32/trunk/mios32/common/mios32_midi.o
                0x08005688                MIOS32_MIDI_SendEvent
 .text.MIOS32_MIDI_SendNoteOn
                0x080056aa        0xc project_build//C/mios32/trunk/mios32/common/mios32_midi.o
                0x080056aa                MIOS32_MIDI_SendNoteOn
 .text.MIOS32_MIDI_SendCC
                0x080056b6        0xc project_build//C/mios32/trunk/mios32/common/mios32_midi.o
                0x080056b6                MIOS32_MIDI_SendCC
 .text.MIOS32_MIDI_SendSysEx
                0x080056c2       0xa2 project_build//C/mios32/trunk/mios32/common/mios32_midi.o
                0x080056c2                MIOS32_MIDI_SendSysEx
 .text.MIOS32_MIDI_SYSEX_SendAckStr
                0x08005764       0x60 project_build//C/mios32/trunk/mios32/common/mios32_midi.o
 .text.MIOS32_MIDI_SYSEX_SendAck
                0x080057c4       0x48 project_build//C/mios32/trunk/mios32/common/mios32_midi.o
 .text.MIOS32_MIDI_SendDebugMessage
                0x0800580c       0xa4 project_build//C/mios32/trunk/mios32/common/mios32_midi.o
                0x0800580c                MIOS32_MIDI_SendDebugMessage
 .text.MIOS32_MIDI_SYSEX_Cmd
                0x080058b0      0x1ac project_build//C/mios32/trunk/mios32/common/mios32_midi.o
 .text.MIOS32_MIDI_SYSEX_Parser
                0x08005a5c       0xdc project_build//C/mios32/trunk/mios32/common/mios32_midi.o
 .text.MIOS32_MIDI_TimeOut
                0x08005b38       0x4c project_build//C/mios32/trunk/mios32/common/mios32_midi.o
 .text.MIOS32_MIDI_Receive_Handler
                0x08005b84      0x334 project_build//C/mios32/trunk/mios32/common/mios32_midi.o
                0x08005b84                MIOS32_MIDI_Receive_Handler
 .text.MIOS32_MIDI_Periodic_mS
                0x08005eb8       0x30 project_build//C/mios32/trunk/mios32/common/mios32_midi.o
                0x08005eb8                MIOS32_MIDI_Periodic_mS
 .text.MIOS32_MIDI_SendByteToRxCallback
                0x08005ee8       0x14 project_build//C/mios32/trunk/mios32/common/mios32_midi.o
                0x08005ee8                MIOS32_MIDI_SendByteToRxCallback
 .text.MIOS32_MIDI_SendPackageToRxCallback
                0x08005efc       0x58 project_build//C/mios32/trunk/mios32/common/mios32_midi.o
                0x08005efc                MIOS32_MIDI_SendPackageToRxCallback
 .text.MIOS32_OSC_Init
                0x08005f54        0xc project_build//C/mios32/trunk/mios32/common/mios32_osc.o
                0x08005f54                MIOS32_OSC_Init
 .text.MIOS32_COM_Init
                0x08005f60       0x24 project_build//C/mios32/trunk/mios32/common/mios32_com.o
                0x08005f60                MIOS32_COM_Init
 .text.MIOS32_COM_SendBuffer
                0x08005f84       0x30 project_build//C/mios32/trunk/mios32/common/mios32_com.o
                0x08005f84                MIOS32_COM_SendBuffer
 .text.MIOS32_COM_SendChar
                0x08005fb4       0x12 project_build//C/mios32/trunk/mios32/common/mios32_com.o
                0x08005fb4                MIOS32_COM_SendChar
 .text.MIOS32_COM_Receive_Handler
                0x08005fc6       0x12 project_build//C/mios32/trunk/mios32/common/mios32_com.o
                0x08005fc6                MIOS32_COM_Receive_Handler
 .text.MIOS32_UART_MIDI_RS_Reset
                0x08005fd8       0x30 project_build//C/mios32/trunk/mios32/common/mios32_uart_midi.o
                0x08005fd8                MIOS32_UART_MIDI_RS_Reset
 .text.MIOS32_UART_MIDI_Init
                0x08006008       0x50 project_build//C/mios32/trunk/mios32/common/mios32_uart_midi.o
                0x08006008                MIOS32_UART_MIDI_Init
 .text.MIOS32_UART_MIDI_Periodic_mS
                0x08006058       0x58 project_build//C/mios32/trunk/mios32/common/mios32_uart_midi.o
                0x08006058                MIOS32_UART_MIDI_Periodic_mS
 .text.MIOS32_UART_MIDI_PackageSend_NonBlocking
                0x080060b0       0xcc project_build//C/mios32/trunk/mios32/common/mios32_uart_midi.o
                0x080060b0                MIOS32_UART_MIDI_PackageSend_NonBlocking
 .text.MIOS32_UART_MIDI_PackageSend
                0x0800617c       0x16 project_build//C/mios32/trunk/mios32/common/mios32_uart_midi.o
                0x0800617c                MIOS32_UART_MIDI_PackageSend
 *fill*         0x08006192        0x2 00
 .text.MIOS32_UART_MIDI_PackageReceive
                0x08006194      0x1b0 project_build//C/mios32/trunk/mios32/common/mios32_uart_midi.o
                0x08006194                MIOS32_UART_MIDI_PackageReceive
 .text.MIOS32_IIC_MIDI_Init
                0x08006344        0x6 project_build//C/mios32/trunk/mios32/common/mios32_iic_midi.o
                0x08006344                MIOS32_IIC_MIDI_Init
 .text.MIOS32_IIC_MIDI_Periodic_mS
                0x0800634a        0x4 project_build//C/mios32/trunk/mios32/common/mios32_iic_midi.o
                0x0800634a                MIOS32_IIC_MIDI_Periodic_mS
 .text.MIOS32_IIC_MIDI_PackageSend
                0x0800634e        0x6 project_build//C/mios32/trunk/mios32/common/mios32_iic_midi.o
                0x0800634e                MIOS32_IIC_MIDI_PackageSend
 .text.MIOS32_IIC_MIDI_PackageReceive
                0x08006354        0x6 project_build//C/mios32/trunk/mios32/common/mios32_iic_midi.o
                0x08006354                MIOS32_IIC_MIDI_PackageReceive
 .text.MIOS32_IIC_BS_Init
                0x0800635a        0x6 project_build//C/mios32/trunk/mios32/common/mios32_iic_bs.o
                0x0800635a                MIOS32_IIC_BS_Init
 .text.MIOS32_MF_Init
                0x08006360        0x6 project_build//C/mios32/trunk/mios32/common/mios32_mf.o
                0x08006360                MIOS32_MF_Init
 *fill*         0x08006366        0x2 00
 .text.MIOS32_SYS_Reset
                0x08006368       0x78 project_build//C/mios32/trunk/mios32/STM32F10x/mios32_sys.o
                0x08006368                MIOS32_SYS_Reset
 .text.MIOS32_SYS_ChipIDGet
                0x080063e0        0xc project_build//C/mios32/trunk/mios32/STM32F10x/mios32_sys.o
                0x080063e0                MIOS32_SYS_ChipIDGet
 .text.MIOS32_SYS_FlashSizeGet
                0x080063ec       0x10 project_build//C/mios32/trunk/mios32/STM32F10x/mios32_sys.o
                0x080063ec                MIOS32_SYS_FlashSizeGet
 .text.MIOS32_SYS_RAMSizeGet
                0x080063fc       0x10 project_build//C/mios32/trunk/mios32/STM32F10x/mios32_sys.o
                0x080063fc                MIOS32_SYS_RAMSizeGet
 .text.MIOS32_SYS_SerialNumberGet
                0x0800640c       0x34 project_build//C/mios32/trunk/mios32/STM32F10x/mios32_sys.o
                0x0800640c                MIOS32_SYS_SerialNumberGet
 .text.MIOS32_SYS_TimeSet
                0x08006440       0x5c project_build//C/mios32/trunk/mios32/STM32F10x/mios32_sys.o
                0x08006440                MIOS32_SYS_TimeSet
 .text.MIOS32_SYS_Init
                0x0800649c      0x120 project_build//C/mios32/trunk/mios32/STM32F10x/mios32_sys.o
                0x0800649c                MIOS32_SYS_Init
 .text.MIOS32_SYS_TimeGet
                0x080065bc       0x68 project_build//C/mios32/trunk/mios32/STM32F10x/mios32_sys.o
                0x080065bc                MIOS32_SYS_TimeGet
 .text.MIOS32_IRQ_Disable
                0x08006624       0x2c project_build//C/mios32/trunk/mios32/STM32F10x/mios32_irq.o
                0x08006624                MIOS32_IRQ_Disable
 .text.MIOS32_IRQ_Enable
                0x08006650       0x24 project_build//C/mios32/trunk/mios32/STM32F10x/mios32_irq.o
                0x08006650                MIOS32_IRQ_Enable
 .text.MIOS32_IRQ_Install
                0x08006674       0x48 project_build//C/mios32/trunk/mios32/STM32F10x/mios32_irq.o
                0x08006674                MIOS32_IRQ_Install
 .text.MIOS32_SPI_IO_Init
                0x080066bc      0x160 project_build//C/mios32/trunk/mios32/STM32F10x/mios32_spi.o
                0x080066bc                MIOS32_SPI_IO_Init
 .text.MIOS32_SPI_RC_PinSet
                0x0800681c       0x90 project_build//C/mios32/trunk/mios32/STM32F10x/mios32_spi.o
                0x0800681c                MIOS32_SPI_RC_PinSet
 .text.MIOS32_SPI_TransferByte
                0x080068ac      0x4ac project_build//C/mios32/trunk/mios32/STM32F10x/mios32_spi.o
                0x080068ac                MIOS32_SPI_TransferByte
 .text.MIOS32_SPI_TransferModeInit
                0x08006d58      0x108 project_build//C/mios32/trunk/mios32/STM32F10x/mios32_spi.o
                0x08006d58                MIOS32_SPI_TransferModeInit
 .text.MIOS32_SPI_Init
                0x08006e60      0x1b0 project_build//C/mios32/trunk/mios32/STM32F10x/mios32_spi.o
                0x08006e60                MIOS32_SPI_Init
 .text.DMA1_Channel2_IRQHandler
                0x08007010       0x18 project_build//C/mios32/trunk/mios32/STM32F10x/mios32_spi.o
                0x08007010                DMA1_Channel2_IRQHandler
 .text.DMA1_Channel4_IRQHandler
                0x08007028       0x18 project_build//C/mios32/trunk/mios32/STM32F10x/mios32_spi.o
                0x08007028                DMA1_Channel4_IRQHandler
 .text.MIOS32_BOARD_Init
                0x08007040       0x14 project_build//C/mios32/trunk/mios32/STM32F10x/mios32_board.o
                0x08007040                MIOS32_BOARD_Init
 .text.MIOS32_BOARD_LED_Init
                0x08007054       0x40 project_build//C/mios32/trunk/mios32/STM32F10x/mios32_board.o
                0x08007054                MIOS32_BOARD_LED_Init
 .text.MIOS32_BOARD_LED_Set
                0x08007094       0x28 project_build//C/mios32/trunk/mios32/STM32F10x/mios32_board.o
                0x08007094                MIOS32_BOARD_LED_Set
 .text.MIOS32_BOARD_LED_Get
                0x080070bc       0x10 project_build//C/mios32/trunk/mios32/STM32F10x/mios32_board.o
                0x080070bc                MIOS32_BOARD_LED_Get
 .text.MIOS32_BOARD_J5_PinInit
                0x080070cc       0x90 project_build//C/mios32/trunk/mios32/STM32F10x/mios32_board.o
                0x080070cc                MIOS32_BOARD_J5_PinInit
 .text.MIOS32_BOARD_J5_PinGet
                0x0800715c       0x3c project_build//C/mios32/trunk/mios32/STM32F10x/mios32_board.o
                0x0800715c                MIOS32_BOARD_J5_PinGet
 .text.MIOS32_BOARD_J15_PortInit
                0x08007198       0xc8 project_build//C/mios32/trunk/mios32/STM32F10x/mios32_board.o
                0x08007198                MIOS32_BOARD_J15_PortInit
 .text.MIOS32_BOARD_J15_DataSet
                0x08007260       0xc0 project_build//C/mios32/trunk/mios32/STM32F10x/mios32_board.o
                0x08007260                MIOS32_BOARD_J15_DataSet
 .text.MIOS32_BOARD_J15_RS_Set
                0x08007320       0x18 project_build//C/mios32/trunk/mios32/STM32F10x/mios32_board.o
                0x08007320                MIOS32_BOARD_J15_RS_Set
 .text.MIOS32_BOARD_J15_RW_Set
                0x08007338       0x18 project_build//C/mios32/trunk/mios32/STM32F10x/mios32_board.o
                0x08007338                MIOS32_BOARD_J15_RW_Set
 .text.MIOS32_BOARD_J15_E_Set
                0x08007350       0x34 project_build//C/mios32/trunk/mios32/STM32F10x/mios32_board.o
                0x08007350                MIOS32_BOARD_J15_E_Set
 .text.MIOS32_BOARD_J15_PollUnbusy
                0x08007384       0x74 project_build//C/mios32/trunk/mios32/STM32F10x/mios32_board.o
                0x08007384                MIOS32_BOARD_J15_PollUnbusy
 .text.TIM2_IRQHandler
                0x080073f8       0x24 project_build//C/mios32/trunk/mios32/STM32F10x/mios32_timer.o
                0x080073f8                TIM2_IRQHandler
 .text.TIM3_IRQHandler
                0x0800741c       0x24 project_build//C/mios32/trunk/mios32/STM32F10x/mios32_timer.o
                0x0800741c                TIM3_IRQHandler
 .text.TIM5_IRQHandler
                0x08007440       0x24 project_build//C/mios32/trunk/mios32/STM32F10x/mios32_timer.o
                0x08007440                TIM5_IRQHandler
 .text.MIOS32_DELAY_Init
                0x08007464       0x44 project_build//C/mios32/trunk/mios32/STM32F10x/mios32_delay.o
                0x08007464                MIOS32_DELAY_Init
 .text.MIOS32_DELAY_Wait_uS
                0x080074a8       0x18 project_build//C/mios32/trunk/mios32/STM32F10x/mios32_delay.o
                0x080074a8                MIOS32_DELAY_Wait_uS
 .text.MIOS32_AIN_Init
                0x080074c0      0x264 project_build//C/mios32/trunk/mios32/STM32F10x/mios32_ain.o
                0x080074c0                MIOS32_AIN_Init
 .text.MIOS32_AIN_Handler
                0x08007724       0xa8 project_build//C/mios32/trunk/mios32/STM32F10x/mios32_ain.o
                0x08007724                MIOS32_AIN_Handler
 .text.DMA1_Channel1_IRQHandler
                0x080077cc       0xec project_build//C/mios32/trunk/mios32/STM32F10x/mios32_ain.o
                0x080077cc                DMA1_Channel1_IRQHandler
 .text.MIOS32_USB_CB_SetDeviceAddress
                0x080078b8        0xc project_build//C/mios32/trunk/mios32/STM32F10x/mios32_usb.o
 .text.MIOS32_USB_CB_Status_In
                0x080078c4        0x2 project_build//C/mios32/trunk/mios32/STM32F10x/mios32_usb.o
 .text.MIOS32_USB_CB_Status_Out
                0x080078c6        0x2 project_build//C/mios32/trunk/mios32/STM32F10x/mios32_usb.o
 .text.MIOS32_USB_CB_Data_Setup
                0x080078c8        0x4 project_build//C/mios32/trunk/mios32/STM32F10x/mios32_usb.o
 .text.MIOS32_USB_CB_NoData_Setup
                0x080078cc        0x4 project_build//C/mios32/trunk/mios32/STM32F10x/mios32_usb.o
 .text.MIOS32_USB_CB_Get_Interface_Setting
                0x080078d0       0x10 project_build//C/mios32/trunk/mios32/STM32F10x/mios32_usb.o
 .text.MIOS32_USB_CB_SetConfiguration
                0x080078e0       0x20 project_build//C/mios32/trunk/mios32/STM32F10x/mios32_usb.o
 .text.MIOS32_USB_CB_GetStringDescriptor
                0x08007900      0x110 project_build//C/mios32/trunk/mios32/STM32F10x/mios32_usb.o
 .text.MIOS32_USB_CB_GetConfigDescriptor
                0x08007a10       0x1c project_build//C/mios32/trunk/mios32/STM32F10x/mios32_usb.o
 .text.MIOS32_USB_CB_GetDeviceDescriptor
                0x08007a2c       0x1c project_build//C/mios32/trunk/mios32/STM32F10x/mios32_usb.o
 .text.MIOS32_USB_CB_Reset
                0x08007a48       0xac project_build//C/mios32/trunk/mios32/STM32F10x/mios32_usb.o
 .text.USB_LP_CAN1_RX0_IRQHandler
                0x08007af4       0x40 project_build//C/mios32/trunk/mios32/STM32F10x/mios32_usb.o
                0x08007af4                USB_LP_CAN1_RX0_IRQHandler
 .text.MIOS32_USB_IsInitialized
                0x08007b34       0x10 project_build//C/mios32/trunk/mios32/STM32F10x/mios32_usb.o
                0x08007b34                MIOS32_USB_IsInitialized
 .text.MIOS32_USB_Init
                0x08007b44      0x148 project_build//C/mios32/trunk/mios32/STM32F10x/mios32_usb.o
                0x08007b44                MIOS32_USB_Init
 .text.MIOS32_USB_MIDI_RxBufferHandler
                0x08007c8c       0xa8 project_build//C/mios32/trunk/mios32/STM32F10x/mios32_usb_midi.o
 .text.MIOS32_USB_MIDI_TxBufferHandler
                0x08007d34       0xd4 project_build//C/mios32/trunk/mios32/STM32F10x/mios32_usb_midi.o
 .text.MIOS32_USB_MIDI_Init
                0x08007e08        0xc project_build//C/mios32/trunk/mios32/STM32F10x/mios32_usb_midi.o
                0x08007e08                MIOS32_USB_MIDI_Init
 .text.MIOS32_USB_MIDI_ChangeConnectionState
                0x08007e14       0x68 project_build//C/mios32/trunk/mios32/STM32F10x/mios32_usb_midi.o
                0x08007e14                MIOS32_USB_MIDI_ChangeConnectionState
 .text.MIOS32_USB_MIDI_PackageSend_NonBlocking
                0x08007e7c       0x70 project_build//C/mios32/trunk/mios32/STM32F10x/mios32_usb_midi.o
                0x08007e7c                MIOS32_USB_MIDI_PackageSend_NonBlocking
 .text.MIOS32_USB_MIDI_PackageSend
                0x08007eec       0x34 project_build//C/mios32/trunk/mios32/STM32F10x/mios32_usb_midi.o
                0x08007eec                MIOS32_USB_MIDI_PackageSend
 .text.MIOS32_USB_MIDI_PackageReceive
                0x08007f20       0x58 project_build//C/mios32/trunk/mios32/STM32F10x/mios32_usb_midi.o
                0x08007f20                MIOS32_USB_MIDI_PackageReceive
 .text.MIOS32_USB_MIDI_Periodic_mS
                0x08007f78        0xe project_build//C/mios32/trunk/mios32/STM32F10x/mios32_usb_midi.o
                0x08007f78                MIOS32_USB_MIDI_Periodic_mS
 *fill*         0x08007f86        0x2 00
 .text.MIOS32_USB_MIDI_EP1_IN_Callback
                0x08007f88       0x14 project_build//C/mios32/trunk/mios32/STM32F10x/mios32_usb_midi.o
                0x08007f88                MIOS32_USB_MIDI_EP1_IN_Callback
 .text.MIOS32_USB_MIDI_EP1_OUT_Callback
                0x08007f9c       0x14 project_build//C/mios32/trunk/mios32/STM32F10x/mios32_usb_midi.o
                0x08007f9c                MIOS32_USB_MIDI_EP1_OUT_Callback
 .text.MIOS32_UART_BaudrateSet
                0x08007fb0       0x58 project_build//C/mios32/trunk/mios32/STM32F10x/mios32_uart.o
                0x08007fb0                MIOS32_UART_BaudrateSet
 .text.MIOS32_UART_Init
                0x08008008      0x148 project_build//C/mios32/trunk/mios32/STM32F10x/mios32_uart.o
                0x08008008                MIOS32_UART_Init
 .text.MIOS32_UART_RxBufferGet
                0x08008150       0x58 project_build//C/mios32/trunk/mios32/STM32F10x/mios32_uart.o
                0x08008150                MIOS32_UART_RxBufferGet
 .text.MIOS32_UART_RxBufferPut
                0x080081a8       0x60 project_build//C/mios32/trunk/mios32/STM32F10x/mios32_uart.o
                0x080081a8                MIOS32_UART_RxBufferPut
 .text.MIOS32_UART_TxBufferGet
                0x08008208       0x58 project_build//C/mios32/trunk/mios32/STM32F10x/mios32_uart.o
                0x08008208                MIOS32_UART_TxBufferGet
 .text.MIOS32_UART_TxBufferPutMore_NonBlocking
                0x08008260       0xd4 project_build//C/mios32/trunk/mios32/STM32F10x/mios32_uart.o
                0x08008260                MIOS32_UART_TxBufferPutMore_NonBlocking
 .text.MIOS32_UART_TxBufferPutMore
                0x08008334       0x1a project_build//C/mios32/trunk/mios32/STM32F10x/mios32_uart.o
                0x08008334                MIOS32_UART_TxBufferPutMore
 *fill*         0x0800834e        0x2 00
 .text.USART1_IRQHandler
                0x08008350       0x5c project_build//C/mios32/trunk/mios32/STM32F10x/mios32_uart.o
                0x08008350                USART1_IRQHandler
 .text.USART3_IRQHandler
                0x080083ac       0x60 project_build//C/mios32/trunk/mios32/STM32F10x/mios32_uart.o
                0x080083ac                USART3_IRQHandler
 .text.USART2_IRQHandler
                0x0800840c       0x40 project_build//C/mios32/trunk/mios32/STM32F10x/mios32_uart.o
                0x0800840c                USART2_IRQHandler
 .text.I2C2_EV_IRQHandler
                0x0800844c      0x1bc project_build//C/mios32/trunk/mios32/STM32F10x/mios32_iic.o
                0x0800844c                I2C2_EV_IRQHandler
 .text.I2C2_ER_IRQHandler
                0x08008608       0x90 project_build//C/mios32/trunk/mios32/STM32F10x/mios32_iic.o
                0x08008608                I2C2_ER_IRQHandler
 .text.printchar
                0x08008698       0x1a project_build//C/mios32/trunk/mios32/common/printf-stdarg.o
 .text.prints   0x080086b2       0x82 project_build//C/mios32/trunk/mios32/common/printf-stdarg.o
 .text.printi   0x08008734       0xb2 project_build//C/mios32/trunk/mios32/common/printf-stdarg.o
 *fill*         0x080087e6        0x2 00
 .text.print    0x080087e8      0x11c project_build//C/mios32/trunk/mios32/common/printf-stdarg.o
 .text.sprintf  0x08008904       0x1e project_build//C/mios32/trunk/mios32/common/printf-stdarg.o
                0x08008904                sprintf
 .text.vsprintf
                0x08008922       0x10 project_build//C/mios32/trunk/mios32/common/printf-stdarg.o
                0x08008922                vsprintf
 .text.GPIO_Init
                0x08008932       0xb2 project_build//C/mios32/trunk/drivers/STM32F10x/v3.3.0/STM32F10x_StdPeriph_Driver/src/stm32f10x_gpio.o
                0x08008932                GPIO_Init
 .text.GPIO_StructInit
                0x080089e4       0x10 project_build//C/mios32/trunk/drivers/STM32F10x/v3.3.0/STM32F10x_StdPeriph_Driver/src/stm32f10x_gpio.o
                0x080089e4                GPIO_StructInit
 .text.GPIO_PinRemapConfig
                0x080089f4       0x74 project_build//C/mios32/trunk/drivers/STM32F10x/v3.3.0/STM32F10x_StdPeriph_Driver/src/stm32f10x_gpio.o
                0x080089f4                GPIO_PinRemapConfig
 .text.FLASH_SetLatency
                0x08008a68       0x14 project_build//C/mios32/trunk/drivers/STM32F10x/v3.3.0/STM32F10x_StdPeriph_Driver/src/stm32f10x_flash.o
                0x08008a68                FLASH_SetLatency
 .text.FLASH_PrefetchBufferCmd
                0x08008a7c       0x18 project_build//C/mios32/trunk/drivers/STM32F10x/v3.3.0/STM32F10x_StdPeriph_Driver/src/stm32f10x_flash.o
                0x08008a7c                FLASH_PrefetchBufferCmd
 .text.ADC_Init
                0x08008a94       0x4c project_build//C/mios32/trunk/drivers/STM32F10x/v3.3.0/STM32F10x_StdPeriph_Driver/src/stm32f10x_adc.o
                0x08008a94                ADC_Init
 .text.ADC_StructInit
                0x08008ae0       0x12 project_build//C/mios32/trunk/drivers/STM32F10x/v3.3.0/STM32F10x_StdPeriph_Driver/src/stm32f10x_adc.o
                0x08008ae0                ADC_StructInit
 .text.ADC_Cmd  0x08008af2       0x14 project_build//C/mios32/trunk/drivers/STM32F10x/v3.3.0/STM32F10x_StdPeriph_Driver/src/stm32f10x_adc.o
                0x08008af2                ADC_Cmd
 .text.ADC_DMACmd
                0x08008b06       0x14 project_build//C/mios32/trunk/drivers/STM32F10x/v3.3.0/STM32F10x_StdPeriph_Driver/src/stm32f10x_adc.o
                0x08008b06                ADC_DMACmd
 .text.ADC_ResetCalibration
                0x08008b1a        0xa project_build//C/mios32/trunk/drivers/STM32F10x/v3.3.0/STM32F10x_StdPeriph_Driver/src/stm32f10x_adc.o
                0x08008b1a                ADC_ResetCalibration
 .text.ADC_GetResetCalibrationStatus
                0x08008b24        0x8 project_build//C/mios32/trunk/drivers/STM32F10x/v3.3.0/STM32F10x_StdPeriph_Driver/src/stm32f10x_adc.o
                0x08008b24                ADC_GetResetCalibrationStatus
 .text.ADC_StartCalibration
                0x08008b2c        0xa project_build//C/mios32/trunk/drivers/STM32F10x/v3.3.0/STM32F10x_StdPeriph_Driver/src/stm32f10x_adc.o
                0x08008b2c                ADC_StartCalibration
 .text.ADC_GetCalibrationStatus
                0x08008b36        0x8 project_build//C/mios32/trunk/drivers/STM32F10x/v3.3.0/STM32F10x_StdPeriph_Driver/src/stm32f10x_adc.o
                0x08008b36                ADC_GetCalibrationStatus
 .text.ADC_SoftwareStartConvCmd
                0x08008b3e       0x14 project_build//C/mios32/trunk/drivers/STM32F10x/v3.3.0/STM32F10x_StdPeriph_Driver/src/stm32f10x_adc.o
                0x08008b3e                ADC_SoftwareStartConvCmd
 .text.ADC_RegularChannelConfig
                0x08008b52       0xa6 project_build//C/mios32/trunk/drivers/STM32F10x/v3.3.0/STM32F10x_StdPeriph_Driver/src/stm32f10x_adc.o
                0x08008b52                ADC_RegularChannelConfig
 .text.ADC_ExternalTrigConvCmd
                0x08008bf8       0x14 project_build//C/mios32/trunk/drivers/STM32F10x/v3.3.0/STM32F10x_StdPeriph_Driver/src/stm32f10x_adc.o
                0x08008bf8                ADC_ExternalTrigConvCmd
 .text.SPI_Init
                0x08008c0c       0x5a project_build//C/mios32/trunk/drivers/STM32F10x/v3.3.0/STM32F10x_StdPeriph_Driver/src/stm32f10x_spi.o
                0x08008c0c                SPI_Init
 .text.SPI_Cmd  0x08008c66       0x1a project_build//C/mios32/trunk/drivers/STM32F10x/v3.3.0/STM32F10x_StdPeriph_Driver/src/stm32f10x_spi.o
                0x08008c66                SPI_Cmd
 .text.SPI_I2S_DMACmd
                0x08008c80       0x16 project_build//C/mios32/trunk/drivers/STM32F10x/v3.3.0/STM32F10x_StdPeriph_Driver/src/stm32f10x_spi.o
                0x08008c80                SPI_I2S_DMACmd
 *fill*         0x08008c96        0x2 00
 .text.USART_Init
                0x08008c98       0xb8 project_build//C/mios32/trunk/drivers/STM32F10x/v3.3.0/STM32F10x_StdPeriph_Driver/src/stm32f10x_usart.o
                0x08008c98                USART_Init
 .text.USART_Cmd
                0x08008d50       0x1a project_build//C/mios32/trunk/drivers/STM32F10x/v3.3.0/STM32F10x_StdPeriph_Driver/src/stm32f10x_usart.o
                0x08008d50                USART_Cmd
 .text.USART_ITConfig
                0x08008d6a       0x36 project_build//C/mios32/trunk/drivers/STM32F10x/v3.3.0/STM32F10x_StdPeriph_Driver/src/stm32f10x_usart.o
                0x08008d6a                USART_ITConfig
 .text.I2C_GenerateSTART
                0x08008da0       0x1a project_build//C/mios32/trunk/drivers/STM32F10x/v3.3.0/STM32F10x_StdPeriph_Driver/src/stm32f10x_i2c.o
                0x08008da0                I2C_GenerateSTART
 .text.I2C_GenerateSTOP
                0x08008dba       0x1a project_build//C/mios32/trunk/drivers/STM32F10x/v3.3.0/STM32F10x_StdPeriph_Driver/src/stm32f10x_i2c.o
                0x08008dba                I2C_GenerateSTOP
 .text.I2C_AcknowledgeConfig
                0x08008dd4       0x1a project_build//C/mios32/trunk/drivers/STM32F10x/v3.3.0/STM32F10x_StdPeriph_Driver/src/stm32f10x_i2c.o
                0x08008dd4                I2C_AcknowledgeConfig
 .text.I2C_ITConfig
                0x08008dee       0x16 project_build//C/mios32/trunk/drivers/STM32F10x/v3.3.0/STM32F10x_StdPeriph_Driver/src/stm32f10x_i2c.o
                0x08008dee                I2C_ITConfig
 .text.I2C_SendData
                0x08008e04        0x4 project_build//C/mios32/trunk/drivers/STM32F10x/v3.3.0/STM32F10x_StdPeriph_Driver/src/stm32f10x_i2c.o
                0x08008e04                I2C_SendData
 .text.I2C_ReceiveData
                0x08008e08        0x6 project_build//C/mios32/trunk/drivers/STM32F10x/v3.3.0/STM32F10x_StdPeriph_Driver/src/stm32f10x_i2c.o
                0x08008e08                I2C_ReceiveData
 .text.I2C_Send7bitAddress
                0x08008e0e       0x10 project_build//C/mios32/trunk/drivers/STM32F10x/v3.3.0/STM32F10x_StdPeriph_Driver/src/stm32f10x_i2c.o
                0x08008e0e                I2C_Send7bitAddress
 .text.I2C_GetLastEvent
                0x08008e1e       0x10 project_build//C/mios32/trunk/drivers/STM32F10x/v3.3.0/STM32F10x_StdPeriph_Driver/src/stm32f10x_i2c.o
                0x08008e1e                I2C_GetLastEvent
 .text.I2C_ClearITPendingBit
                0x08008e2e        0x8 project_build//C/mios32/trunk/drivers/STM32F10x/v3.3.0/STM32F10x_StdPeriph_Driver/src/stm32f10x_i2c.o
                0x08008e2e                I2C_ClearITPendingBit
 *fill*         0x08008e36        0x2 00
 .text.DMA_DeInit
                0x08008e38       0xd4 project_build//C/mios32/trunk/drivers/STM32F10x/v3.3.0/STM32F10x_StdPeriph_Driver/src/stm32f10x_dma.o
                0x08008e38                DMA_DeInit
 .text.DMA_Init
                0x08008f0c       0x56 project_build//C/mios32/trunk/drivers/STM32F10x/v3.3.0/STM32F10x_StdPeriph_Driver/src/stm32f10x_dma.o
                0x08008f0c                DMA_Init
 .text.DMA_StructInit
                0x08008f62       0x1a project_build//C/mios32/trunk/drivers/STM32F10x/v3.3.0/STM32F10x_StdPeriph_Driver/src/stm32f10x_dma.o
                0x08008f62                DMA_StructInit
 .text.DMA_Cmd  0x08008f7c       0x14 project_build//C/mios32/trunk/drivers/STM32F10x/v3.3.0/STM32F10x_StdPeriph_Driver/src/stm32f10x_dma.o
                0x08008f7c                DMA_Cmd
 .text.DMA_ITConfig
                0x08008f90       0x12 project_build//C/mios32/trunk/drivers/STM32F10x/v3.3.0/STM32F10x_StdPeriph_Driver/src/stm32f10x_dma.o
                0x08008f90                DMA_ITConfig
 *fill*         0x08008fa2        0x2 00
 .text.DMA_ClearFlag
                0x08008fa4       0x18 project_build//C/mios32/trunk/drivers/STM32F10x/v3.3.0/STM32F10x_StdPeriph_Driver/src/stm32f10x_dma.o
                0x08008fa4                DMA_ClearFlag
 .text.TIM_TimeBaseInit
                0x08008fbc       0xe0 project_build//C/mios32/trunk/drivers/STM32F10x/v3.3.0/STM32F10x_StdPeriph_Driver/src/stm32f10x_tim.o
                0x08008fbc                TIM_TimeBaseInit
 .text.TIM_Cmd  0x0800909c       0x1a project_build//C/mios32/trunk/drivers/STM32F10x/v3.3.0/STM32F10x_StdPeriph_Driver/src/stm32f10x_tim.o
                0x0800909c                TIM_Cmd
 .text.TIM_GetITStatus
                0x080090b6       0x18 project_build//C/mios32/trunk/drivers/STM32F10x/v3.3.0/STM32F10x_StdPeriph_Driver/src/stm32f10x_tim.o
                0x080090b6                TIM_GetITStatus
 .text.TIM_ClearITPendingBit
                0x080090ce        0x8 project_build//C/mios32/trunk/drivers/STM32F10x/v3.3.0/STM32F10x_StdPeriph_Driver/src/stm32f10x_tim.o
                0x080090ce                TIM_ClearITPendingBit
 *fill*         0x080090d6        0x2 00
 .text.RCC_DeInit
                0x080090d8       0x40 project_build//C/mios32/trunk/drivers/STM32F10x/v3.3.0/STM32F10x_StdPeriph_Driver/src/stm32f10x_rcc.o
                0x080090d8                RCC_DeInit
 .text.RCC_HSEConfig
                0x08009118       0x38 project_build//C/mios32/trunk/drivers/STM32F10x/v3.3.0/STM32F10x_StdPeriph_Driver/src/stm32f10x_rcc.o
                0x08009118                RCC_HSEConfig
 .text.RCC_PLLConfig
                0x08009150       0x14 project_build//C/mios32/trunk/drivers/STM32F10x/v3.3.0/STM32F10x_StdPeriph_Driver/src/stm32f10x_rcc.o
                0x08009150                RCC_PLLConfig
 .text.RCC_PLLCmd
                0x08009164        0xc project_build//C/mios32/trunk/drivers/STM32F10x/v3.3.0/STM32F10x_StdPeriph_Driver/src/stm32f10x_rcc.o
                0x08009164                RCC_PLLCmd
 .text.RCC_SYSCLKConfig
                0x08009170       0x14 project_build//C/mios32/trunk/drivers/STM32F10x/v3.3.0/STM32F10x_StdPeriph_Driver/src/stm32f10x_rcc.o
                0x08009170                RCC_SYSCLKConfig
 .text.RCC_GetSYSCLKSource
                0x08009184       0x10 project_build//C/mios32/trunk/drivers/STM32F10x/v3.3.0/STM32F10x_StdPeriph_Driver/src/stm32f10x_rcc.o
                0x08009184                RCC_GetSYSCLKSource
 .text.RCC_HCLKConfig
                0x08009194       0x14 project_build//C/mios32/trunk/drivers/STM32F10x/v3.3.0/STM32F10x_StdPeriph_Driver/src/stm32f10x_rcc.o
                0x08009194                RCC_HCLKConfig
 .text.RCC_PCLK1Config
                0x080091a8       0x14 project_build//C/mios32/trunk/drivers/STM32F10x/v3.3.0/STM32F10x_StdPeriph_Driver/src/stm32f10x_rcc.o
                0x080091a8                RCC_PCLK1Config
 .text.RCC_PCLK2Config
                0x080091bc       0x14 project_build//C/mios32/trunk/drivers/STM32F10x/v3.3.0/STM32F10x_StdPeriph_Driver/src/stm32f10x_rcc.o
                0x080091bc                RCC_PCLK2Config
 .text.RCC_USBCLKConfig
                0x080091d0        0xc project_build//C/mios32/trunk/drivers/STM32F10x/v3.3.0/STM32F10x_StdPeriph_Driver/src/stm32f10x_rcc.o
                0x080091d0                RCC_USBCLKConfig
 .text.RCC_ADCCLKConfig
                0x080091dc       0x14 project_build//C/mios32/trunk/drivers/STM32F10x/v3.3.0/STM32F10x_StdPeriph_Driver/src/stm32f10x_rcc.o
                0x080091dc                RCC_ADCCLKConfig
 .text.RCC_RTCCLKConfig
                0x080091f0       0x10 project_build//C/mios32/trunk/drivers/STM32F10x/v3.3.0/STM32F10x_StdPeriph_Driver/src/stm32f10x_rcc.o
                0x080091f0                RCC_RTCCLKConfig
 .text.RCC_RTCCLKCmd
                0x08009200        0xc project_build//C/mios32/trunk/drivers/STM32F10x/v3.3.0/STM32F10x_StdPeriph_Driver/src/stm32f10x_rcc.o
                0x08009200                RCC_RTCCLKCmd
 .text.RCC_GetClocksFreq
                0x0800920c       0xa8 project_build//C/mios32/trunk/drivers/STM32F10x/v3.3.0/STM32F10x_StdPeriph_Driver/src/stm32f10x_rcc.o
                0x0800920c                RCC_GetClocksFreq
 .text.RCC_AHBPeriphClockCmd
                0x080092b4       0x1c project_build//C/mios32/trunk/drivers/STM32F10x/v3.3.0/STM32F10x_StdPeriph_Driver/src/stm32f10x_rcc.o
                0x080092b4                RCC_AHBPeriphClockCmd
 .text.RCC_APB2PeriphClockCmd
                0x080092d0       0x1c project_build//C/mios32/trunk/drivers/STM32F10x/v3.3.0/STM32F10x_StdPeriph_Driver/src/stm32f10x_rcc.o
                0x080092d0                RCC_APB2PeriphClockCmd
 .text.RCC_APB1PeriphClockCmd
                0x080092ec       0x1c project_build//C/mios32/trunk/drivers/STM32F10x/v3.3.0/STM32F10x_StdPeriph_Driver/src/stm32f10x_rcc.o
                0x080092ec                RCC_APB1PeriphClockCmd
 .text.RCC_APB2PeriphResetCmd
                0x08009308       0x1c project_build//C/mios32/trunk/drivers/STM32F10x/v3.3.0/STM32F10x_StdPeriph_Driver/src/stm32f10x_rcc.o
                0x08009308                RCC_APB2PeriphResetCmd
 .text.RCC_APB1PeriphResetCmd
                0x08009324       0x1c project_build//C/mios32/trunk/drivers/STM32F10x/v3.3.0/STM32F10x_StdPeriph_Driver/src/stm32f10x_rcc.o
                0x08009324                RCC_APB1PeriphResetCmd
 .text.RCC_BackupResetCmd
                0x08009340        0xc project_build//C/mios32/trunk/drivers/STM32F10x/v3.3.0/STM32F10x_StdPeriph_Driver/src/stm32f10x_rcc.o
                0x08009340                RCC_BackupResetCmd
 .text.RCC_GetFlagStatus
                0x0800934c       0x2c project_build//C/mios32/trunk/drivers/STM32F10x/v3.3.0/STM32F10x_StdPeriph_Driver/src/stm32f10x_rcc.o
                0x0800934c                RCC_GetFlagStatus
 .text.RCC_WaitForHSEStartUp
                0x08009378       0x2c project_build//C/mios32/trunk/drivers/STM32F10x/v3.3.0/STM32F10x_StdPeriph_Driver/src/stm32f10x_rcc.o
                0x08009378                RCC_WaitForHSEStartUp
 .text.RTC_ITConfig
                0x080093a4       0x20 project_build//C/mios32/trunk/drivers/STM32F10x/v3.3.0/STM32F10x_StdPeriph_Driver/src/stm32f10x_rtc.o
                0x080093a4                RTC_ITConfig
 .text.RTC_EnterConfigMode
                0x080093c4       0x14 project_build//C/mios32/trunk/drivers/STM32F10x/v3.3.0/STM32F10x_StdPeriph_Driver/src/stm32f10x_rtc.o
                0x080093c4                RTC_EnterConfigMode
 .text.RTC_ExitConfigMode
                0x080093d8       0x14 project_build//C/mios32/trunk/drivers/STM32F10x/v3.3.0/STM32F10x_StdPeriph_Driver/src/stm32f10x_rtc.o
                0x080093d8                RTC_ExitConfigMode
 .text.RTC_SetCounter
                0x080093ec       0x1c project_build//C/mios32/trunk/drivers/STM32F10x/v3.3.0/STM32F10x_StdPeriph_Driver/src/stm32f10x_rtc.o
                0x080093ec                RTC_SetCounter
 .text.RTC_SetPrescaler
                0x08009408       0x20 project_build//C/mios32/trunk/drivers/STM32F10x/v3.3.0/STM32F10x_StdPeriph_Driver/src/stm32f10x_rtc.o
                0x08009408                RTC_SetPrescaler
 .text.RTC_WaitForLastTask
                0x08009428       0x10 project_build//C/mios32/trunk/drivers/STM32F10x/v3.3.0/STM32F10x_StdPeriph_Driver/src/stm32f10x_rtc.o
                0x08009428                RTC_WaitForLastTask
 .text.RTC_WaitForSynchro
                0x08009438       0x1c project_build//C/mios32/trunk/drivers/STM32F10x/v3.3.0/STM32F10x_StdPeriph_Driver/src/stm32f10x_rtc.o
                0x08009438                RTC_WaitForSynchro
 .text.BKP_DeInit
                0x08009454       0x10 project_build//C/mios32/trunk/drivers/STM32F10x/v3.3.0/STM32F10x_StdPeriph_Driver/src/stm32f10x_bkp.o
                0x08009454                BKP_DeInit
 .text.PWR_BackupAccessCmd
                0x08009464        0xc project_build//C/mios32/trunk/drivers/STM32F10x/v3.3.0/STM32F10x_StdPeriph_Driver/src/stm32f10x_pwr.o
                0x08009464                PWR_BackupAccessCmd
 .text.NVIC_PriorityGroupConfig
                0x08009470       0x14 project_build//C/mios32/trunk/drivers/STM32F10x/v3.3.0/STM32F10x_StdPeriph_Driver/src/misc.o
                0x08009470                NVIC_PriorityGroupConfig
 .text.NVIC_SetVectorTable
                0x08009484       0x18 project_build//C/mios32/trunk/drivers/STM32F10x/v3.3.0/STM32F10x_StdPeriph_Driver/src/misc.o
                0x08009484                NVIC_SetVectorTable
 .text.SysTick_CLKSourceConfig
                0x0800949c       0x20 project_build//C/mios32/trunk/drivers/STM32F10x/v3.3.0/STM32F10x_StdPeriph_Driver/src/misc.o
                0x0800949c                SysTick_CLKSourceConfig
 .text.Standard_GetConfiguration
                0x080094bc       0x24 project_build//C/mios32/trunk/drivers/STM32F10x/v3.3.0/STM32_USB-FS-Device_Driver/src/usb_core.o
                0x080094bc                Standard_GetConfiguration
 .text.Standard_GetInterface
                0x080094e0       0x24 project_build//C/mios32/trunk/drivers/STM32F10x/v3.3.0/STM32_USB-FS-Device_Driver/src/usb_core.o
                0x080094e0                Standard_GetInterface
 .text.Standard_GetStatus
                0x08009504       0xac project_build//C/mios32/trunk/drivers/STM32F10x/v3.3.0/STM32_USB-FS-Device_Driver/src/usb_core.o
                0x08009504                Standard_GetStatus
 .text.DataStageIn
                0x080095b0       0xb8 project_build//C/mios32/trunk/drivers/STM32F10x/v3.3.0/STM32_USB-FS-Device_Driver/src/usb_core.o
 .text.Standard_SetConfiguration
                0x08009668       0x38 project_build//C/mios32/trunk/drivers/STM32F10x/v3.3.0/STM32_USB-FS-Device_Driver/src/usb_core.o
                0x08009668                Standard_SetConfiguration
 .text.Standard_SetInterface
                0x080096a0       0x48 project_build//C/mios32/trunk/drivers/STM32F10x/v3.3.0/STM32_USB-FS-Device_Driver/src/usb_core.o
                0x080096a0                Standard_SetInterface
 .text.Standard_ClearFeature
                0x080096e8      0x110 project_build//C/mios32/trunk/drivers/STM32F10x/v3.3.0/STM32_USB-FS-Device_Driver/src/usb_core.o
                0x080096e8                Standard_ClearFeature
 .text.Standard_SetEndPointFeature
                0x080097f8       0xbc project_build//C/mios32/trunk/drivers/STM32F10x/v3.3.0/STM32_USB-FS-Device_Driver/src/usb_core.o
                0x080097f8                Standard_SetEndPointFeature
 .text.Standard_SetDeviceFeature
                0x080098b4       0x24 project_build//C/mios32/trunk/drivers/STM32F10x/v3.3.0/STM32_USB-FS-Device_Driver/src/usb_core.o
                0x080098b4                Standard_SetDeviceFeature
 .text.Standard_GetDescriptorData
                0x080098d8       0x1c project_build//C/mios32/trunk/drivers/STM32F10x/v3.3.0/STM32_USB-FS-Device_Driver/src/usb_core.o
                0x080098d8                Standard_GetDescriptorData
 .text.Post0_Process
                0x080098f4       0x44 project_build//C/mios32/trunk/drivers/STM32F10x/v3.3.0/STM32_USB-FS-Device_Driver/src/usb_core.o
                0x080098f4                Post0_Process
 .text.Out0_Process
                0x08009938       0xfc project_build//C/mios32/trunk/drivers/STM32F10x/v3.3.0/STM32_USB-FS-Device_Driver/src/usb_core.o
                0x08009938                Out0_Process
 .text.Setup0_Process
                0x08009a34      0x308 project_build//C/mios32/trunk/drivers/STM32F10x/v3.3.0/STM32_USB-FS-Device_Driver/src/usb_core.o
                0x08009a34                Setup0_Process
 .text.SetDeviceAddress
                0x08009d3c       0x48 project_build//C/mios32/trunk/drivers/STM32F10x/v3.3.0/STM32_USB-FS-Device_Driver/src/usb_core.o
                0x08009d3c                SetDeviceAddress
 .text.In0_Process
                0x08009d84       0x68 project_build//C/mios32/trunk/drivers/STM32F10x/v3.3.0/STM32_USB-FS-Device_Driver/src/usb_core.o
                0x08009d84                In0_Process
 .text.NOP_Process
                0x08009dec        0x2 project_build//C/mios32/trunk/drivers/STM32F10x/v3.3.0/STM32_USB-FS-Device_Driver/src/usb_core.o
                0x08009dec                NOP_Process
 *fill*         0x08009dee        0x2 00
 .text.CTR_LP   0x08009df0      0x178 project_build//C/mios32/trunk/drivers/STM32F10x/v3.3.0/STM32_USB-FS-Device_Driver/src/usb_int.o
                0x08009df0                CTR_LP
 .text.UserToPMABufferCopy
                0x08009f68       0x2c project_build//C/mios32/trunk/drivers/STM32F10x/v3.3.0/STM32_USB-FS-Device_Driver/src/usb_mem.o
                0x08009f68                UserToPMABufferCopy
 .text.PMAToUserBufferCopy
                0x08009f94       0x20 project_build//C/mios32/trunk/drivers/STM32F10x/v3.3.0/STM32_USB-FS-Device_Driver/src/usb_mem.o
                0x08009f94                PMAToUserBufferCopy
 .text.SetBTABLE
                0x08009fb4       0x14 project_build//C/mios32/trunk/drivers/STM32F10x/v3.3.0/STM32_USB-FS-Device_Driver/src/usb_regs.o
                0x08009fb4                SetBTABLE
 .text.SetEPType
                0x08009fc8       0x1e project_build//C/mios32/trunk/drivers/STM32F10x/v3.3.0/STM32_USB-FS-Device_Driver/src/usb_regs.o
                0x08009fc8                SetEPType
 .text.GetEPType
                0x08009fe6       0x12 project_build//C/mios32/trunk/drivers/STM32F10x/v3.3.0/STM32_USB-FS-Device_Driver/src/usb_regs.o
                0x08009fe6                GetEPType
 .text.SetEPTxStatus
                0x08009ff8       0x38 project_build//C/mios32/trunk/drivers/STM32F10x/v3.3.0/STM32_USB-FS-Device_Driver/src/usb_regs.o
                0x08009ff8                SetEPTxStatus
 .text.SetEPTxValid
                0x0800a030       0x24 project_build//C/mios32/trunk/drivers/STM32F10x/v3.3.0/STM32_USB-FS-Device_Driver/src/usb_regs.o
                0x0800a030                SetEPTxValid
 .text.SetEPRxValid
                0x0800a054       0x24 project_build//C/mios32/trunk/drivers/STM32F10x/v3.3.0/STM32_USB-FS-Device_Driver/src/usb_regs.o
                0x0800a054                SetEPRxValid
 .text.Clear_Status_Out
                0x0800a078       0x20 project_build//C/mios32/trunk/drivers/STM32F10x/v3.3.0/STM32_USB-FS-Device_Driver/src/usb_regs.o
                0x0800a078                Clear_Status_Out
 .text.ClearDTOG_RX
                0x0800a098       0x28 project_build//C/mios32/trunk/drivers/STM32F10x/v3.3.0/STM32_USB-FS-Device_Driver/src/usb_regs.o
                0x0800a098                ClearDTOG_RX
 .text.ClearDTOG_TX
                0x0800a0c0       0x28 project_build//C/mios32/trunk/drivers/STM32F10x/v3.3.0/STM32_USB-FS-Device_Driver/src/usb_regs.o
                0x0800a0c0                ClearDTOG_TX
 .text.SetEPTxAddr
                0x0800a0e8       0x20 project_build//C/mios32/trunk/drivers/STM32F10x/v3.3.0/STM32_USB-FS-Device_Driver/src/usb_regs.o
                0x0800a0e8                SetEPTxAddr
 .text.SetEPRxAddr
                0x0800a108       0x20 project_build//C/mios32/trunk/drivers/STM32F10x/v3.3.0/STM32_USB-FS-Device_Driver/src/usb_regs.o
                0x0800a108                SetEPRxAddr
 .text.GetEPTxAddr
                0x0800a128       0x1c project_build//C/mios32/trunk/drivers/STM32F10x/v3.3.0/STM32_USB-FS-Device_Driver/src/usb_regs.o
                0x0800a128                GetEPTxAddr
 .text.GetEPRxAddr
                0x0800a144       0x1c project_build//C/mios32/trunk/drivers/STM32F10x/v3.3.0/STM32_USB-FS-Device_Driver/src/usb_regs.o
                0x0800a144                GetEPRxAddr
 .text.SetEPTxCount
                0x0800a160       0x1c project_build//C/mios32/trunk/drivers/STM32F10x/v3.3.0/STM32_USB-FS-Device_Driver/src/usb_regs.o
                0x0800a160                SetEPTxCount
 .text.SetEPRxCount
                0x0800a17c       0x40 project_build//C/mios32/trunk/drivers/STM32F10x/v3.3.0/STM32_USB-FS-Device_Driver/src/usb_regs.o
                0x0800a17c                SetEPRxCount
 .text.GetEPRxCount
                0x0800a1bc       0x20 project_build//C/mios32/trunk/drivers/STM32F10x/v3.3.0/STM32_USB-FS-Device_Driver/src/usb_regs.o
                0x0800a1bc                GetEPRxCount
 .text.ByteSwap
                0x0800a1dc        0xa project_build//C/mios32/trunk/drivers/STM32F10x/v3.3.0/STM32_USB-FS-Device_Driver/src/usb_regs.o
                0x0800a1dc                ByteSwap
 *fill*         0x0800a1e6        0x2 00
 .text.APP_LCD_Data
                0x0800a1e8       0x64 project_build//C/mios32/trunk/modules/app_lcd/clcd/app_lcd.o
                0x0800a1e8                APP_LCD_Data
 .text.APP_LCD_Cmd
                0x0800a24c       0x64 project_build//C/mios32/trunk/modules/app_lcd/clcd/app_lcd.o
                0x0800a24c                APP_LCD_Cmd
 .text.APP_LCD_Init
                0x0800a2b0       0xd0 project_build//C/mios32/trunk/modules/app_lcd/clcd/app_lcd.o
                0x0800a2b0                APP_LCD_Init
 .text.APP_LCD_Clear
                0x0800a380        0xa project_build//C/mios32/trunk/modules/app_lcd/clcd/app_lcd.o
                0x0800a380                APP_LCD_Clear
 *fill*         0x0800a38a        0x2 00
 .text.APP_LCD_CursorSet
                0x0800a38c       0x24 project_build//C/mios32/trunk/modules/app_lcd/clcd/app_lcd.o
                0x0800a38c                APP_LCD_CursorSet
 .text.APP_LCD_GCursorSet
                0x0800a3b0        0x6 project_build//C/mios32/trunk/modules/app_lcd/clcd/app_lcd.o
                0x0800a3b0                APP_LCD_GCursorSet
 .text.APP_LCD_BColourSet
                0x0800a3b6        0x6 project_build//C/mios32/trunk/modules/app_lcd/clcd/app_lcd.o
                0x0800a3b6                APP_LCD_BColourSet
 .text.APP_LCD_FColourSet
                0x0800a3bc        0x6 project_build//C/mios32/trunk/modules/app_lcd/clcd/app_lcd.o
                0x0800a3bc                APP_LCD_FColourSet
 .text.APP_LCD_BitmapPrint
                0x0800a3c2       0x10 project_build//C/mios32/trunk/modules/app_lcd/clcd/app_lcd.o
                0x0800a3c2                APP_LCD_BitmapPrint
 *fill*         0x0800a3d2        0x2 00
 .text.__libc_init_array
                0x0800a3d4       0x48 c:/mios32_toolchain/bin/../lib/gcc/arm-none-eabi/4.5.1/../../../../arm-none-eabi/lib/thumb/v7m\libg.a(lib_a-init.o)
                0x0800a3d4                __libc_init_array
 .text.memcpy   0x0800a41c       0x16 c:/mios32_toolchain/bin/../lib/gcc/arm-none-eabi/4.5.1/../../../../arm-none-eabi/lib/thumb/v7m\libg.a(lib_a-memcpy.o)
                0x0800a41c                memcpy
 .text.memset   0x0800a432       0x10 c:/mios32_toolchain/bin/../lib/gcc/arm-none-eabi/4.5.1/../../../../arm-none-eabi/lib/thumb/v7m\libg.a(lib_a-memset.o)
                0x0800a432                memset
 .text.strcpy   0x0800a442        0xe c:/mios32_toolchain/bin/../lib/gcc/arm-none-eabi/4.5.1/../../../../arm-none-eabi/lib/thumb/v7m\libg.a(lib_a-strcpy.o)
                0x0800a442                strcpy
 .text.strlen   0x0800a450       0x10 c:/mios32_toolchain/bin/../lib/gcc/arm-none-eabi/4.5.1/../../../../arm-none-eabi/lib/thumb/v7m\libg.a(lib_a-strlen.o)
                0x0800a450                strlen
 .text.strncpy  0x0800a460       0x28 c:/mios32_toolchain/bin/../lib/gcc/arm-none-eabi/4.5.1/../../../../arm-none-eabi/lib/thumb/v7m\libg.a(lib_a-strncpy.o)
                0x0800a460                strncpy
 *(.plt)
 *(.gnu.warning)
 *(.glue_7t)
 .glue_7t       0x00000000        0x0 linker stubs
 *(.glue_7)
 .glue_7        0x00000000        0x0 linker stubs
 *(.vfp11_veneer)
 .vfp11_veneer  0x00000000        0x0 linker stubs
 *(.ARM.extab* .gnu.linkonce.armextab.*)
 *(.gcc_except_table)

.v4_bx          0x20000000        0x0
 .v4_bx         0x00000000        0x0 linker stubs

.eh_frame_hdr
 *(.eh_frame_hdr)

.eh_frame
 *(.eh_frame)
                0x20000000                __exidx_start = .

.ARM.exidx
 *(.ARM.exidx* .gnu.linkonce.armexidx.*)
                0x20000000                __exidx_end = .

.rodata         0x0800a488      0xbe0
 *(.rodata .rodata.* .gnu.linkonce.r.*)
 .rodata.note_table
                0x0800a488      0x300 project_build/app.o
                0x0800a488                note_table
 .rodata.str1.1
                0x0800a788      0x192 project_build/app.o
 *fill*         0x0800a91a        0x2 00
 .rodata.velocity_table
                0x0800a91c      0x200 project_build/app.o
                0x0800a91c                velocity_table
 .rodata.str1.1
                0x0800ab1c      0x130 project_build//C/mios32/trunk/programming_models/traditional/main.o
 .rodata.str1.1
                0x0800ac4c        0x5 project_build//C/mios32/trunk/FreeRTOS/Source/tasks.o
 .rodata.str1.1
                0x0800ac51      0x121 project_build//C/mios32/trunk/FreeRTOS/Source/portable/MemMang/umm_malloc.o
 *fill*         0x0800ad72        0x2 00
 .rodata.C.7.7796
                0x0800ad74        0x4 project_build//C/mios32/trunk/mios32/common/mios32_lcd.o
 .rodata.str1.1
                0x0800ad78       0x22 project_build//C/mios32/trunk/mios32/common/mios32_lcd.o
 *fill*         0x0800ad9a        0x2 00
 .rodata.mios32_midi_expected_bytes_system
                0x0800ad9c       0x10 project_build//C/mios32/trunk/mios32/common/mios32_midi.o
                0x0800ad9c                mios32_midi_expected_bytes_system
 .rodata.mios32_midi_pcktype_num_bytes
                0x0800adac       0x10 project_build//C/mios32/trunk/mios32/common/mios32_midi.o
                0x0800adac                mios32_midi_pcktype_num_bytes
 .rodata.str1.1
                0x0800adbc      0x112 project_build//C/mios32/trunk/mios32/common/mios32_midi.o
                                0x134 (size before relaxing)
 *fill*         0x0800aece        0x2 00
 .rodata.mios32_midi_expected_bytes_common
                0x0800aed0        0x8 project_build//C/mios32/trunk/mios32/common/mios32_midi.o
                0x0800aed0                mios32_midi_expected_bytes_common
 .rodata.mios32_midi_sysex_header
                0x0800aed8        0x8 project_build//C/mios32/trunk/mios32/common/mios32_midi.o
                0x0800aed8                mios32_midi_sysex_header
 .rodata.CSWTCH.16
                0x0800aee0        0xc project_build//C/mios32/trunk/mios32/common/mios32_uart_midi.o
 .rodata.str1.1
                0x0800aeec       0x11 project_build//C/mios32/trunk/mios32/STM32F10x/mios32_sys.o
 *fill*         0x0800aefd        0x3 00
 .rodata.j5_pin
                0x0800af00       0x60 project_build//C/mios32/trunk/mios32/STM32F10x/mios32_board.o
 .rodata.adc_chn_map
                0x0800af60       0x10 project_build//C/mios32/trunk/mios32/STM32F10x/mios32_ain.o
 .rodata.My_User_Standard_Requests
                0x0800af70       0x24 project_build//C/mios32/trunk/mios32/STM32F10x/mios32_usb.o
 .rodata.MIOS32_USB_DeviceDescriptor
                0x0800af94       0x14 project_build//C/mios32/trunk/mios32/STM32F10x/mios32_usb.o
 .rodata.My_Device_Property
                0x0800afa8       0x30 project_build//C/mios32/trunk/mios32/STM32F10x/mios32_usb.o
 .rodata.str1.1
                0x0800afd8        0xc project_build//C/mios32/trunk/mios32/STM32F10x/mios32_usb.o
                                 0x13 (size before relaxing)
 .rodata.C.9.8393
                0x0800afe4        0x8 project_build//C/mios32/trunk/mios32/STM32F10x/mios32_usb.o
 .rodata.C.8.8390
                0x0800afec        0x8 project_build//C/mios32/trunk/mios32/STM32F10x/mios32_usb.o
 .rodata.MIOS32_USB_ConfigDescriptor
                0x0800aff4       0x68 project_build//C/mios32/trunk/mios32/STM32F10x/mios32_usb.o
 .rodata.str1.1
                0x0800b05c        0x7 project_build//C/mios32/trunk/mios32/common/printf-stdarg.o
                0x0800b064                . = ALIGN (0x4)
 *fill*         0x0800b063        0x1 00
 *(.init)
                0x0800b064                . = ALIGN (0x4)
                0x0800b064                __preinit_array_start = .
 *(.preinit_array)
                0x0800b064                __preinit_array_end = .
                0x0800b064                . = ALIGN (0x4)
                0x0800b064                __init_array_start = .
 *(SORT(.init_array.*))
 *(.init_array)
                0x0800b064                __init_array_end = .
                0x0800b064                . = ALIGN (0x4)
 *(.fini)
                0x0800b064                . = ALIGN (0x4)
                0x0800b064                __fini_array_start = .
 *(.fini_array)
 *(SORT(.fini_array.*))
                0x0800b064                __fini_array_end = .
                0x0800b064                . = ALIGN (0x4)
 *crtbegin.o(.ctors)
 *(EXCLUDE_FILE(*crtend.o) .ctors)
 *(SORT(.ctors.*))
 *crtend.o(.ctors)
                0x0800b064                . = ALIGN (0x4)
 *crtbegin.o(.dtors)
 *(EXCLUDE_FILE(*crtend.o) .dtors)
 *(SORT(.dtors.*))
 *crtend.o(.dtors)
 *(.init .init.*)
 *(.fini .fini.*)
                0x0800b064                PROVIDE (__preinit_array_start, .)
 *(.preinit_array)
                0x0800b064                PROVIDE (__preinit_array_end, .)
                0x0800b064                PROVIDE (__init_array_start, .)
 *(SORT(.init_array.*))
 *(.init_array)
                0x0800b064                PROVIDE (__init_array_end, .)
                0x0800b064                PROVIDE (__fini_array_start, .)
 *(.fini_array)
 *(SORT(.fini_array.*))
                0x0800b064                PROVIDE (__fini_array_end, .)
                0x0800b068                . = ALIGN (0x8)
 *fill*         0x0800b064        0x4 00
 *(.rom)
 *(.rom.b)
                0x0800b068                _etext = .
                0x0800b068                _sidata = _etext

.data           0x20000000       0x58 load address 0x0800b068
                0x20000000                _sdata = .
                0x20000000                . = ALIGN (0x80)
                0x00000000                _isr_vectorsram_offs = (. - 0x20000000)
 *(.isr_vectorsram)
                0x20000000                . = ALIGN (0x4)
 *(.jcr)
 *(.got.plt)
 *(.got)
 *(.shdata)
 *(.data .data.* .gnu.linkonce.d.*)
 .data.uxCriticalNesting
                0x20000000        0x4 project_build//C/mios32/trunk/FreeRTOS/Source/portable/GCC/ARM_CM3/port.o
 .data.default_port
                0x20000004        0x1 project_build//C/mios32/trunk/mios32/common/mios32_midi.o
 .data.debug_port
                0x20000005        0x1 project_build//C/mios32/trunk/mios32/common/mios32_midi.o
 .data.debug_req.6342
                0x20000006        0x1 project_build//C/mios32/trunk/mios32/common/mios32_midi.o
 .data.default_port
                0x20000007        0x1 project_build//C/mios32/trunk/mios32/common/mios32_com.o
 .data.debug_port
                0x20000008        0x1 project_build//C/mios32/trunk/mios32/common/mios32_com.o
 *fill*         0x20000009        0x3 00
 .data.pEpInt_IN
                0x2000000c       0x1c project_build//C/mios32/trunk/mios32/STM32F10x/mios32_usb.o
                0x2000000c                pEpInt_IN
 .data.pEpInt_OUT
                0x20000028       0x1c project_build//C/mios32/trunk/mios32/STM32F10x/mios32_usb.o
                0x20000028                pEpInt_OUT
 .data.ADCPrescTable
                0x20000044        0x4 project_build//C/mios32/trunk/drivers/STM32F10x/v3.3.0/STM32F10x_StdPeriph_Driver/src/stm32f10x_rcc.o
 .data.APBAHBPrescTable
                0x20000048       0x10 project_build//C/mios32/trunk/drivers/STM32F10x/v3.3.0/STM32F10x_StdPeriph_Driver/src/stm32f10x_rcc.o
                0x20000058                . = ALIGN (0x8)
 *(.ram)
 *(.ramfunc*)
                0x20000058                . = ALIGN (0x4)
                0x20000058                _edata = .

.bss            0x20000058     0x3750 load address 0x0800b0c0
                0x20000058                . = ALIGN (0x4)
                0x20000058                _sbss = .
 *(.shbss)
 *(.bss .bss.* .gnu.linkonce.b.*)
 .bss.keyboard_delay_fastest
                0x20000058        0x4 project_build/app.o
 .bss.din_value
                0x2000005c       0x40 project_build/app.o
 .bss.keyboard_delay_slowest
                0x2000009c        0x4 project_build/app.o
 .bss.last_timestamp
                0x200000a0      0x600 project_build/app.o
 .bss.uxMissedTicks
                0x200006a0        0x4 project_build//C/mios32/trunk/FreeRTOS/Source/tasks.o
 .bss.xNumOfOverflows
                0x200006a4        0x4 project_build//C/mios32/trunk/FreeRTOS/Source/tasks.o
 .bss.pxDelayedTaskList
                0x200006a8        0x4 project_build//C/mios32/trunk/FreeRTOS/Source/tasks.o
 .bss.xSchedulerRunning
                0x200006ac        0x4 project_build//C/mios32/trunk/FreeRTOS/Source/tasks.o
 .bss.uxTasksDeleted
                0x200006b0        0x4 project_build//C/mios32/trunk/FreeRTOS/Source/tasks.o
 .bss.xTasksWaitingTermination
                0x200006b4       0x14 project_build//C/mios32/trunk/FreeRTOS/Source/tasks.o
 .bss.xSuspendedTaskList
                0x200006c8       0x14 project_build//C/mios32/trunk/FreeRTOS/Source/tasks.o
 .bss.pxReadyTasksLists
                0x200006dc       0x64 project_build//C/mios32/trunk/FreeRTOS/Source/tasks.o
 .bss.uxSchedulerSuspended
                0x20000740        0x4 project_build//C/mios32/trunk/FreeRTOS/Source/tasks.o
 .bss.pxCurrentTCB
                0x20000744        0x4 project_build//C/mios32/trunk/FreeRTOS/Source/tasks.o
                0x20000744                pxCurrentTCB
 .bss.xPendingReadyList
                0x20000748       0x14 project_build//C/mios32/trunk/FreeRTOS/Source/tasks.o
 .bss.xTickCount
                0x2000075c        0x4 project_build//C/mios32/trunk/FreeRTOS/Source/tasks.o
 .bss.pxOverflowDelayedTaskList
                0x20000760        0x4 project_build//C/mios32/trunk/FreeRTOS/Source/tasks.o
 .bss.uxTopReadyPriority
                0x20000764        0x4 project_build//C/mios32/trunk/FreeRTOS/Source/tasks.o
 .bss.uxTaskNumber
                0x20000768        0x4 project_build//C/mios32/trunk/FreeRTOS/Source/tasks.o
 .bss.xDelayedTaskList1
                0x2000076c       0x14 project_build//C/mios32/trunk/FreeRTOS/Source/tasks.o
 .bss.xDelayedTaskList2
                0x20000780       0x14 project_build//C/mios32/trunk/FreeRTOS/Source/tasks.o
 .bss.xMissedYield
                0x20000794        0x4 project_build//C/mios32/trunk/FreeRTOS/Source/tasks.o
 .bss.uxCurrentNumberOfTasks
                0x20000798        0x4 project_build//C/mios32/trunk/FreeRTOS/Source/tasks.o
 .bss.uxTopUsedPriority
                0x2000079c        0x4 project_build//C/mios32/trunk/FreeRTOS/Source/tasks.o
 .bss.srio_scan_finished_hook
                0x200007a0        0x4 project_build//C/mios32/trunk/mios32/common/mios32_srio.o
 .bss.debounce_time
                0x200007a4        0x1 project_build//C/mios32/trunk/mios32/common/mios32_srio.o
 .bss.srio_values_transfered
                0x200007a5        0x1 project_build//C/mios32/trunk/mios32/common/mios32_srio.o
 .bss.debounce_ctr
                0x200007a6        0x1 project_build//C/mios32/trunk/mios32/common/mios32_srio.o
 .bss.mios32_lcd_device
                0x200007a7        0x1 project_build//C/mios32/trunk/mios32/common/mios32_lcd.o
                0x200007a7                mios32_lcd_device
 .bss.direct_tx_callback_func
                0x200007a8        0x4 project_build//C/mios32/trunk/mios32/common/mios32_midi.o
 .bss.sysex_cmd
                0x200007ac        0x1 project_build//C/mios32/trunk/mios32/common/mios32_midi.o
 *fill*         0x200007ad        0x3 00
 .bss.direct_rx_callback_func
                0x200007b0        0x4 project_build//C/mios32/trunk/mios32/common/mios32_midi.o
 .bss.last_sysex_port
                0x200007b4        0x1 project_build//C/mios32/trunk/mios32/common/mios32_midi.o
 .bss.sysex_device_id
                0x200007b5        0x1 project_build//C/mios32/trunk/mios32/common/mios32_midi.o
 .bss.sysex_timeout_ctr
                0x200007b6        0x2 project_build//C/mios32/trunk/mios32/common/mios32_midi.o
 .bss.query_req.6319
                0x200007b8        0x1 project_build//C/mios32/trunk/mios32/common/mios32_midi.o
 *fill*         0x200007b9        0x3 00
 .bss.sysex_state
                0x200007bc        0x8 project_build//C/mios32/trunk/mios32/common/mios32_midi.o
 .bss.debug_command_callback_func
                0x200007c4        0x4 project_build//C/mios32/trunk/mios32/common/mios32_midi.o
 .bss.sysex_timeout_ctr_flags
                0x200007c8        0x4 project_build//C/mios32/trunk/mios32/common/mios32_midi.o
 .bss.sysex_callback_func
                0x200007cc        0x4 project_build//C/mios32/trunk/mios32/common/mios32_midi.o
 .bss.timeout_callback_func
                0x200007d0        0x4 project_build//C/mios32/trunk/mios32/common/mios32_midi.o
 .bss.receive_callback_func
                0x200007d4        0x4 project_build//C/mios32/trunk/mios32/common/mios32_com.o
 .bss.rs_last   0x200007d8        0x4 project_build//C/mios32/trunk/mios32/common/mios32_uart_midi.o
 .bss.midi_rec  0x200007dc       0x18 project_build//C/mios32/trunk/mios32/common/mios32_uart_midi.o
 .bss.rs_optimisation
                0x200007f4        0x1 project_build//C/mios32/trunk/mios32/common/mios32_uart_midi.o
 *fill*         0x200007f5        0x3 00
 .bss.rs_expire_ctr
                0x200007f8        0x4 project_build//C/mios32/trunk/mios32/common/mios32_uart_midi.o
 .bss.prev_primask
                0x200007fc        0x4 project_build//C/mios32/trunk/mios32/STM32F10x/mios32_irq.o
 .bss.nested_ctr
                0x20000800        0x4 project_build//C/mios32/trunk/mios32/STM32F10x/mios32_irq.o
 .bss.spi_callback
                0x20000804        0xc project_build//C/mios32/trunk/mios32/STM32F10x/mios32_spi.o
 .bss.sw_spi2_mode
                0x20000810        0x1 project_build//C/mios32/trunk/mios32/STM32F10x/mios32_spi.o
 *fill*         0x20000811        0x1 00
 .bss.j5_enable_mask
                0x20000812        0x2 project_build//C/mios32/trunk/mios32/STM32F10x/mios32_board.o
 .bss.timer_callback
                0x20000814        0xc project_build//C/mios32/trunk/mios32/STM32F10x/mios32_timer.o
 .bss.ain_pin_values
                0x20000820       0x20 project_build//C/mios32/trunk/mios32/STM32F10x/mios32_ain.o
 .bss.oversampling_ctr
                0x20000840        0x1 project_build//C/mios32/trunk/mios32/STM32F10x/mios32_ain.o
 *fill*         0x20000841        0x3 00
 .bss.adc_conversion_values
                0x20000844       0x20 project_build//C/mios32/trunk/mios32/STM32F10x/mios32_ain.o
 .bss.mux_ctr   0x20000864        0x1 project_build//C/mios32/trunk/mios32/STM32F10x/mios32_ain.o
 *fill*         0x20000865        0x3 00
 .bss.ain_pin_idle_ctr
                0x20000868       0x20 project_build//C/mios32/trunk/mios32/STM32F10x/mios32_ain.o
 .bss.num_channels
                0x20000888        0x1 project_build//C/mios32/trunk/mios32/STM32F10x/mios32_ain.o
 *fill*         0x20000889        0x3 00
 .bss.service_prepare_callback
                0x2000088c        0x4 project_build//C/mios32/trunk/mios32/STM32F10x/mios32_ain.o
 .bss.num_used_channels
                0x20000890        0x1 project_build//C/mios32/trunk/mios32/STM32F10x/mios32_ain.o
 *fill*         0x20000891        0x3 00
 .bss.ain_pin_changed
                0x20000894        0x4 project_build//C/mios32/trunk/mios32/STM32F10x/mios32_ain.o
 .bss.bDeviceState
                0x20000898        0x4 project_build//C/mios32/trunk/mios32/STM32F10x/mios32_usb.o
 .bss.My_Device_Info
                0x2000089c       0x1c project_build//C/mios32/trunk/mios32/STM32F10x/mios32_usb.o
 .bss.rx_buffer_size
                0x200008b8        0x2 project_build//C/mios32/trunk/mios32/STM32F10x/mios32_usb_midi.o
 .bss.rx_buffer_tail
                0x200008ba        0x2 project_build//C/mios32/trunk/mios32/STM32F10x/mios32_usb_midi.o
 .bss.tx_buffer
                0x200008bc      0x100 project_build//C/mios32/trunk/mios32/STM32F10x/mios32_usb_midi.o
 .bss.tx_buffer_busy
                0x200009bc        0x1 project_build//C/mios32/trunk/mios32/STM32F10x/mios32_usb_midi.o
 *fill*         0x200009bd        0x3 00
 .bss.rx_buffer
                0x200009c0      0x100 project_build//C/mios32/trunk/mios32/STM32F10x/mios32_usb_midi.o
 .bss.rx_buffer_new_data
                0x20000ac0        0x1 project_build//C/mios32/trunk/mios32/STM32F10x/mios32_usb_midi.o
 *fill*         0x20000ac1        0x1 00
 .bss.rx_buffer_head
                0x20000ac2        0x2 project_build//C/mios32/trunk/mios32/STM32F10x/mios32_usb_midi.o
 .bss.tx_buffer_size
                0x20000ac4        0x2 project_build//C/mios32/trunk/mios32/STM32F10x/mios32_usb_midi.o
 .bss.tx_buffer_tail
                0x20000ac6        0x2 project_build//C/mios32/trunk/mios32/STM32F10x/mios32_usb_midi.o
 .bss.timeout_ctr.6139
                0x20000ac8        0x2 project_build//C/mios32/trunk/mios32/STM32F10x/mios32_usb_midi.o
 .bss.transfer_possible
                0x20000aca        0x1 project_build//C/mios32/trunk/mios32/STM32F10x/mios32_usb_midi.o
 *fill*         0x20000acb        0x1 00
 .bss.tx_buffer_head
                0x20000acc        0x2 project_build//C/mios32/trunk/mios32/STM32F10x/mios32_usb_midi.o
 *fill*         0x20000ace        0x2 00
 .bss.tx_buffer_tail
                0x20000ad0        0x4 project_build//C/mios32/trunk/mios32/STM32F10x/mios32_uart.o
 .bss.rx_buffer_size
                0x20000ad4        0x4 project_build//C/mios32/trunk/mios32/STM32F10x/mios32_uart.o
 .bss.rx_buffer_tail
                0x20000ad8        0x4 project_build//C/mios32/trunk/mios32/STM32F10x/mios32_uart.o
 .bss.tx_buffer
                0x20000adc       0x80 project_build//C/mios32/trunk/mios32/STM32F10x/mios32_uart.o
 .bss.rx_buffer
                0x20000b5c       0x80 project_build//C/mios32/trunk/mios32/STM32F10x/mios32_uart.o
 .bss.rx_buffer_head
                0x20000bdc        0x4 project_build//C/mios32/trunk/mios32/STM32F10x/mios32_uart.o
 .bss.tx_buffer_size
                0x20000be0        0x4 project_build//C/mios32/trunk/mios32/STM32F10x/mios32_uart.o
 .bss.uart_baudrate
                0x20000be4        0x8 project_build//C/mios32/trunk/mios32/STM32F10x/mios32_uart.o
 .bss.tx_buffer_head
                0x20000bec        0x4 project_build//C/mios32/trunk/mios32/STM32F10x/mios32_uart.o
 .bss.iic_rec   0x20000bf0       0x24 project_build//C/mios32/trunk/mios32/STM32F10x/mios32_iic.o
 .bss.Data_Mul_MaxPacketSize
                0x20000c14        0x1 project_build//C/mios32/trunk/drivers/STM32F10x/v3.3.0/STM32_USB-FS-Device_Driver/src/usb_core.o
                0x20000c14                Data_Mul_MaxPacketSize
 *fill*         0x20000c15        0x3 00
 .bss.display_available