Archive member included because of file (symbol)

c:/mios32_toolchain/bin/../lib/gcc/arm-none-eabi/4.5.1/thumb/v7m\libgcc.a(_arm_muldivdf3.o)
                              project_build//C/mios32/trunk/mios32/common/mios32_osc.o (__aeabi_dmul)
c:/mios32_toolchain/bin/../lib/gcc/arm-none-eabi/4.5.1/thumb/v7m\libgcc.a(_arm_fixdfsi.o)
                              project_build//C/mios32/trunk/mios32/common/mios32_osc.o (__aeabi_d2iz)
c:/mios32_toolchain/bin/../lib/gcc/arm-none-eabi/4.5.1/thumb/v7m\libgcc.a(_arm_muldivsf3.o)
                              project_build//C/mios32/trunk/mios32/common/mios32_osc.o (__aeabi_fmul)
c:/mios32_toolchain/bin/../lib/gcc/arm-none-eabi/4.5.1/thumb/v7m\libgcc.a(_arm_fixsfsi.o)
                              project_build//C/mios32/trunk/mios32/common/mios32_osc.o (__aeabi_f2iz)
c:/mios32_toolchain/bin/../lib/gcc/arm-none-eabi/4.5.1/../../../../arm-none-eabi/lib/thumb/v7m\libg.a(lib_a-init.o)
                              project_build//C/mios32/trunk/programming_models/traditional/main.o (__libc_init_array)
c:/mios32_toolchain/bin/../lib/gcc/arm-none-eabi/4.5.1/../../../../arm-none-eabi/lib/thumb/v7m\libg.a(lib_a-memcpy.o)
                              project_build//C/mios32/trunk/FreeRTOS/Source/queue.o (memcpy)
c:/mios32_toolchain/bin/../lib/gcc/arm-none-eabi/4.5.1/../../../../arm-none-eabi/lib/thumb/v7m\libg.a(lib_a-memmove.o)
                              project_build//C/mios32/trunk/FreeRTOS/Source/portable/MemMang/umm_malloc.o (memmove)
c:/mios32_toolchain/bin/../lib/gcc/arm-none-eabi/4.5.1/../../../../arm-none-eabi/lib/thumb/v7m\libg.a(lib_a-memset.o)
                              project_build//C/mios32/trunk/FreeRTOS/Source/tasks.o (memset)
c:/mios32_toolchain/bin/../lib/gcc/arm-none-eabi/4.5.1/../../../../arm-none-eabi/lib/thumb/v7m\libg.a(lib_a-stpcpy.o)
                              project_build//C/mios32/trunk/mios32/common/mios32_osc.o (stpcpy)
c:/mios32_toolchain/bin/../lib/gcc/arm-none-eabi/4.5.1/../../../../arm-none-eabi/lib/thumb/v7m\libg.a(lib_a-strcpy.o)
                              project_build//C/mios32/trunk/mios32/common/mios32_midi.o (strcpy)
c:/mios32_toolchain/bin/../lib/gcc/arm-none-eabi/4.5.1/../../../../arm-none-eabi/lib/thumb/v7m\libg.a(lib_a-strlen.o)
                              project_build//C/mios32/trunk/mios32/common/mios32_midi.o (strlen)
c:/mios32_toolchain/bin/../lib/gcc/arm-none-eabi/4.5.1/../../../../arm-none-eabi/lib/thumb/v7m\libg.a(lib_a-strncmp.o)
                              project_build//C/mios32/trunk/mios32/common/mios32_osc.o (strncmp)
c:/mios32_toolchain/bin/../lib/gcc/arm-none-eabi/4.5.1/../../../../arm-none-eabi/lib/thumb/v7m\libg.a(lib_a-strncpy.o)
                              project_build//C/mios32/trunk/FreeRTOS/Source/tasks.o (strncpy)

Allocating common symbols
Common symbol       size              file

SaveRState          0x2               project_build//C/mios32/trunk/drivers/STM32F10x/v3.3.0/STM32_USB-FS-Device_Driver/src/usb_int.o
heapInfo            0xc               project_build//C/mios32/trunk/FreeRTOS/Source/portable/MemMang/umm_malloc.o
font_bitmap         0xc               project_build//C/mios32/trunk/mios32/common/mios32_lcd.o
mios32_srio_din_changed
                    0x10              project_build//C/mios32/trunk/mios32/common/mios32_srio.o
last_velocity       0x4               project_build/app.o
pProperty           0x4               project_build//C/mios32/trunk/mios32/STM32F10x/mios32_usb.o
xQueueRegistry      0x50              project_build//C/mios32/trunk/FreeRTOS/Source/queue.o
mios32_lcd_y        0x2               project_build//C/mios32/trunk/mios32/common/mios32_lcd.o
mios32_srio_dout    0x10              project_build//C/mios32/trunk/mios32/common/mios32_srio.o
SaveTState          0x2               project_build//C/mios32/trunk/drivers/STM32F10x/v3.3.0/STM32_USB-FS-Device_Driver/src/usb_int.o
pUser_Standard_Requests
                    0x4               project_build//C/mios32/trunk/mios32/STM32F10x/mios32_usb.o
mios32_lcd_column   0x2               project_build//C/mios32/trunk/mios32/common/mios32_lcd.o
MIOS32_IIC_unexpected_event
                    0x4               project_build//C/mios32/trunk/mios32/STM32F10x/mios32_iic.o
enc_config          0x100             project_build//C/mios32/trunk/mios32/common/mios32_enc.o
StatusInfo          0x2               project_build//C/mios32/trunk/drivers/STM32F10x/v3.3.0/STM32_USB-FS-Device_Driver/src/usb_core.o
pInformation        0x4               project_build//C/mios32/trunk/mios32/STM32F10x/mios32_usb.o
selected_midi_port  0x4               project_build/app.o
enc_state           0x200             project_build//C/mios32/trunk/mios32/common/mios32_enc.o
mios32_lcd_cursor_map
                    0x4               project_build//C/mios32/trunk/mios32/common/mios32_lcd.o
mios32_lcd_line     0x2               project_build//C/mios32/trunk/mios32/common/mios32_lcd.o
mios32_srio_din_buffer
[...]
Memory Configuration

Name             Origin             Length             Attributes
RAM              0x20000000         0x00010000         xrw
FLASH            0x08000000         0x00080000         xr
FLASHB1          0x00000000         0x00000000         xr
EXTMEMB0         0x00000000         0x00000000         xr
EXTMEMB1         0x00000000         0x00000000         xr
EXTMEMB2         0x00000000         0x00000000         xr
EXTMEMB3         0x00000000         0x00000000         xr
*default*        0x00000000         0xffffffff

Linker script and memory map

LOAD project_build/app.o
LOAD project_build//C/mios32/trunk/programming_models/traditional/main.o
LOAD project_build//C/mios32/trunk/FreeRTOS/Source/tasks.o
LOAD project_build//C/mios32/trunk/FreeRTOS/Source/list.o
LOAD project_build//C/mios32/trunk/FreeRTOS/Source/queue.o
LOAD project_build//C/mios32/trunk/FreeRTOS/Source/portable/GCC/ARM_CM3/port.o
LOAD project_build//C/mios32/trunk/FreeRTOS/Source/portable/MemMang/umm_malloc.o
LOAD project_build//C/mios32/trunk/programming_models/traditional/startup_stm32f10x_hd.o
LOAD project_build//C/mios32/trunk/mios32/common/mios32_srio.o
LOAD project_build//C/mios32/trunk/mios32/common/mios32_din.o
LOAD project_build//C/mios32/trunk/mios32/common/mios32_dout.o
LOAD project_build//C/mios32/trunk/mios32/common/mios32_enc.o
LOAD project_build//C/mios32/trunk/mios32/common/mios32_lcd.o
LOAD project_build//C/mios32/trunk/mios32/common/mios32_midi.o
LOAD project_build//C/mios32/trunk/mios32/common/mios32_osc.o
LOAD project_build//C/mios32/trunk/mios32/common/mios32_com.o
LOAD project_build//C/mios32/trunk/mios32/common/mios32_uart_midi.o
LOAD project_build//C/mios32/trunk/mios32/common/mios32_iic_midi.o
LOAD project_build//C/mios32/trunk/mios32/common/mios32_iic_bs.o
LOAD project_build//C/mios32/trunk/mios32/common/mios32_mf.o
LOAD project_build//C/mios32/trunk/mios32/common/mios32_sdcard.o
LOAD project_build//C/mios32/trunk/mios32/common/mios32_enc28j60.o
LOAD project_build//C/mios32/trunk/mios32/STM32F10x/mios32_bsl.o
LOAD project_build//C/mios32/trunk/mios32/STM32F10x/mios32_sys.o
LOAD project_build//C/mios32/trunk/mios32/STM32F10x/mios32_irq.o
LOAD project_build//C/mios32/trunk/mios32/STM32F10x/mios32_spi.o
LOAD project_build//C/mios32/trunk/mios32/STM32F10x/mios32_i2s.o
LOAD project_build//C/mios32/trunk/mios32/STM32F10x/mios32_board.o
LOAD project_build//C/mios32/trunk/mios32/STM32F10x/mios32_timer.o
LOAD project_build//C/mios32/trunk/mios32/STM32F10x/mios32_stopwatch.o
LOAD project_build//C/mios32/trunk/mios32/STM32F10x/mios32_delay.o
LOAD project_build//C/mios32/trunk/mios32/STM32F10x/mios32_ain.o
LOAD project_build//C/mios32/trunk/mios32/STM32F10x/mios32_usb.o
LOAD project_build//C/mios32/trunk/mios32/STM32F10x/mios32_usb_midi.o
LOAD project_build//C/mios32/trunk/mios32/STM32F10x/mios32_usb_com.o
LOAD project_build//C/mios32/trunk/mios32/STM32F10x/mios32_uart.o
LOAD project_build//C/mios32/trunk/mios32/STM32F10x/mios32_iic.o
LOAD project_build//C/mios32/trunk/mios32/common/printf-stdarg.o
LOAD project_build//C/mios32/trunk/drivers/STM32F10x/v3.3.0/STM32F10x_StdPeriph_Driver/src/stm32f10x_gpio.o
LOAD project_build//C/mios32/trunk/drivers/STM32F10x/v3.3.0/STM32F10x_StdPeriph_Driver/src/stm32f10x_flash.o
LOAD project_build//C/mios32/trunk/drivers/STM32F10x/v3.3.0/STM32F10x_StdPeriph_Driver/src/stm32f10x_adc.o
LOAD project_build//C/mios32/trunk/drivers/STM32F10x/v3.3.0/STM32F10x_StdPeriph_Driver/src/stm32f10x_dac.o
LOAD project_build//C/mios32/trunk/drivers/STM32F10x/v3.3.0/STM32F10x_StdPeriph_Driver/src/stm32f10x_spi.o
LOAD project_build//C/mios32/trunk/drivers/STM32F10x/v3.3.0/STM32F10x_StdPeriph_Driver/src/stm32f10x_usart.o
LOAD project_build//C/mios32/trunk/drivers/STM32F10x/v3.3.0/STM32F10x_StdPeriph_Driver/src/stm32f10x_i2c.o
LOAD project_build//C/mios32/trunk/drivers/STM32F10x/v3.3.0/STM32F10x_StdPeriph_Driver/src/stm32f10x_dma.o
LOAD project_build//C/mios32/trunk/drivers/STM32F10x/v3.3.0/STM32F10x_StdPeriph_Driver/src/stm32f10x_tim.o
LOAD project_build//C/mios32/trunk/drivers/STM32F10x/v3.3.0/STM32F10x_StdPeriph_Driver/src/stm32f10x_rcc.o
LOAD project_build//C/mios32/trunk/drivers/STM32F10x/v3.3.0/STM32F10x_StdPeriph_Driver/src/stm32f10x_rtc.o
LOAD project_build//C/mios32/trunk/drivers/STM32F10x/v3.3.0/STM32F10x_StdPeriph_Driver/src/stm32f10x_bkp.o
LOAD project_build//C/mios32/trunk/drivers/STM32F10x/v3.3.0/STM32F10x_StdPeriph_Driver/src/stm32f10x_pwr.o
LOAD project_build//C/mios32/trunk/drivers/STM32F10x/v3.3.0/STM32F10x_StdPeriph_Driver/src/stm32f10x_exti.o
LOAD project_build//C/mios32/trunk/drivers/STM32F10x/v3.3.0/STM32F10x_StdPeriph_Driver/src/misc.o
LOAD project_build//C/mios32/trunk/drivers/STM32F10x/v3.3.0/CMSIS/CM3/CoreSupport/core_cm3.o
LOAD project_build//C/mios32/trunk/drivers/STM32F10x/v3.3.0/STM32_USB-FS-Device_Driver/src/usb_core.o
LOAD project_build//C/mios32/trunk/drivers/STM32F10x/v3.3.0/STM32_USB-FS-Device_Driver/src/usb_int.o
LOAD project_build//C/mios32/trunk/drivers/STM32F10x/v3.3.0/STM32_USB-FS-Device_Driver/src/usb_mem.o
LOAD project_build//C/mios32/trunk/drivers/STM32F10x/v3.3.0/STM32_USB-FS-Device_Driver/src/usb_regs.o
LOAD project_build//C/mios32/trunk/drivers/STM32F10x/v3.3.0/STM32_USB-FS-Device_Driver/src/otgd_fs_cal.o
LOAD project_build//C/mios32/trunk/drivers/STM32F10x/v3.3.0/STM32_USB-FS-Device_Driver/src/otgd_fs_dev.o
LOAD project_build//C/mios32/trunk/drivers/STM32F10x/v3.3.0/STM32_USB-FS-Device_Driver/src/otgd_fs_int.o
LOAD project_build//C/mios32/trunk/drivers/STM32F10x/v3.3.0/STM32_USB-FS-Device_Driver/src/otgd_fs_pcd.o
LOAD project_build//C/mios32/trunk/modules/app_lcd/clcd/app_lcd.o
LOAD project_build//C/mios32/trunk/programming_models/traditional/mini_cpp.o
LOAD project_build//C/mios32/trunk/programming_models/traditional/freertos_heap.o
LOAD c:/mios32_toolchain/bin/../lib/gcc/arm-none-eabi/4.5.1/../../../../arm-none-eabi/lib/thumb/v7m\libstdc++.a
START GROUP
LOAD c:/mios32_toolchain/bin/../lib/gcc/arm-none-eabi/4.5.1/thumb/v7m\libgcc.a
LOAD c:/mios32_toolchain/bin/../lib/gcc/arm-none-eabi/4.5.1/../../../../arm-none-eabi/lib/thumb/v7m\libg.a
LOAD c:/mios32_toolchain/bin/../lib/gcc/arm-none-eabi/4.5.1/../../../../arm-none-eabi/lib/thumb/v7m\libc.a
END GROUP
                0x20010000                _estack = 0x20010000
                0x00000080                __Stack_Size = 0x80
                0x00000080                PROVIDE (_Stack_Size, __Stack_Size)
                0x2000ff80                __Stack_Init = (_estack - __Stack_Size)
                0x2000ff80                PROVIDE (_Stack_Init, __Stack_Init)
                0x00000100                _Minimum_Stack_Size = 0x100
                0x42000000                PERIPH_BB_BASE = 0x42000000
                0x22000000                SRAM_BB_BASE = 0x22000000
                0x20000000                SRAM_BASE = 0x20000000
                0x40000000                PERIPH_BASE = 0x40000000
                0x40022000                PROVIDE (FLASH_BASE, 0x40022000)
                0x1ffff800                PROVIDE (OB_BASE, 0x1ffff800)
                0x40000000                APB1PERIPH_BASE = PERIPH_BASE
                0x40010000                APB2PERIPH_BASE = (PERIPH_BASE + 0x10000)
                0x40020000                AHBPERIPH_BASE = (PERIPH_BASE + 0x20000)
                0x40000000                PROVIDE (TIM2, (APB1PERIPH_BASE + 0x0))
                0x40000400                PROVIDE (TIM3, (APB1PERIPH_BASE + 0x400))
                0x40000800                PROVIDE (TIM4, (APB1PERIPH_BASE + 0x800))
                0x40002800                PROVIDE (RTC, (APB1PERIPH_BASE + 0x2800))
                0x40002c00                PROVIDE (WWDG, (APB1PERIPH_BASE + 0x2c00))
                0x40003000                PROVIDE (IWDG, (APB1PERIPH_BASE + 0x3000))
                0x40003800                PROVIDE (SPI2, (APB1PERIPH_BASE + 0x3800))
                0x40004400                PROVIDE (USART2, (APB1PERIPH_BASE + 0x4400))
                0x40004800                PROVIDE (USART3, (APB1PERIPH_BASE + 0x4800))
                0x40005400                PROVIDE (I2C1, (APB1PERIPH_BASE + 0x5400))
                0x40005800                PROVIDE (I2C2, (APB1PERIPH_BASE + 0x5800))
                0x40006400                PROVIDE (CAN, (APB1PERIPH_BASE + 0x6400))
                0x40006c00                PROVIDE (BKP, (APB1PERIPH_BASE + 0x6c00))
                0x40007000                PROVIDE (PWR, (APB1PERIPH_BASE + 0x7000))
                0x40010000                PROVIDE (AFIO, (APB2PERIPH_BASE + 0x0))
                0x40010400                PROVIDE (EXTI, (APB2PERIPH_BASE + 0x400))
                0x40010800                PROVIDE (GPIOA, (APB2PERIPH_BASE + 0x800))
                0x40010c00                PROVIDE (GPIOB, (APB2PERIPH_BASE + 0xc00))
                0x40011000                PROVIDE (GPIOC, (APB2PERIPH_BASE + 0x1000))
                0x40011400                PROVIDE (GPIOD, (APB2PERIPH_BASE + 0x1400))
                0x40011800                PROVIDE (GPIOE, (APB2PERIPH_BASE + 0x1800))
                0x40012400                PROVIDE (ADC1, (APB2PERIPH_BASE + 0x2400))
                0x40012800                PROVIDE (ADC2, (APB2PERIPH_BASE + 0x2800))
                0x40012c00                PROVIDE (TIM1, (APB2PERIPH_BASE + 0x2c00))
                0x40013000                PROVIDE (SPI1, (APB2PERIPH_BASE + 0x3000))
                0x40013800                PROVIDE (USART1, (APB2PERIPH_BASE + 0x3800))
                0x40020000                PROVIDE (DMA, (AHBPERIPH_BASE + 0x0))
                0x40020008                PROVIDE (DMA_Channel1, (AHBPERIPH_BASE + 0x8))
                0x4002001c                PROVIDE (DMA_Channel2, (AHBPERIPH_BASE + 0x1c))
                0x40020030                PROVIDE (DMA_Channel3, (AHBPERIPH_BASE + 0x30))
                0x40020044                PROVIDE (DMA_Channel4, (AHBPERIPH_BASE + 0x44))
                0x40020058                PROVIDE (DMA_Channel5, (AHBPERIPH_BASE + 0x58))
                0x4002006c                PROVIDE (DMA_Channel6, (AHBPERIPH_BASE + 0x6c))
                0x40020080                PROVIDE (DMA_Channel7, (AHBPERIPH_BASE + 0x80))
                0x40021000                PROVIDE (RCC, (AHBPERIPH_BASE + 0x1000))
                0xe000e000                SCS_BASE = 0xe000e000
                0xe000e010                PROVIDE (SysTick, (SCS_BASE + 0x10))
                0xe000e100                PROVIDE (NVIC, (SCS_BASE + 0x100))
                0xe000ed00                PROVIDE (SCB, (SCS_BASE + 0xd00))

.mios32_bsl     0x08000000     0x4000
                0x08000000                . = ALIGN (0x4)
 *(.mios32_bsl)
 .mios32_bsl    0x08000000     0x4000 project_build//C/mios32/trunk/mios32/STM32F10x/mios32_bsl.o
                0x08000000                mios32_bsl_image
                0x08004000                . = ALIGN (0x4)

.isr_vector     0x08004000      0x1e4
                0x08004000                _mios32_sys_isr_vector = .
                0x08004000                . = ALIGN (0x4)
 *(.isr_vector)
 .isr_vector    0x08004000      0x1e4 project_build//C/mios32/trunk/programming_models/traditional/startup_stm32f10x_hd.o
                0x08004000                g_pfnVectors
                0x080041e4                . = ALIGN (0x4)
                0x08004000                PROVIDE (mios32_sys_isr_vector, _mios32_sys_isr_vector)

.flashtext      0x080041e4        0x0
                0x080041e4                . = ALIGN (0x4)
 *(.flashtext)
                0x080041e4                . = ALIGN (0x4)

.text           0x080041e4     0x6368
                0x080041e4                . = ALIGN (0x4)
 CREATE_OBJECT_SYMBOLS
 *(.text .text.* .gnu.linkonce.t.*)
 .text.APP_Init
                0x080041e4       0xdc project_build/app.o
                0x080041e4                APP_Init
 .text.APP_Background
                0x080042c0       0x20 project_build/app.o
                0x080042c0                APP_Background
 .text.APP_MIDI_NotifyPackage
                0x080042e0        0x2 project_build/app.o
                0x080042e0                APP_MIDI_NotifyPackage
 .text.APP_DIN_NotifyToggle
                0x080042e2        0x2 project_build/app.o
                0x080042e2                APP_DIN_NotifyToggle
 .text.APP_ENC_NotifyChange
                0x080042e4        0x2 project_build/app.o
                0x080042e4                APP_ENC_NotifyChange
 *fill*         0x080042e6        0x2 00
 .text.APP_AIN_NotifyChange
                0x080042e8       0x20 project_build/app.o
                0x080042e8                APP_AIN_NotifyChange
 .text.BUTTON_NotifyToggle
                0x08004308      0x17c project_build/app.o
                0x08004308                BUTTON_NotifyToggle
 .text.TASK_MatrixScan
                0x08004484      0x16c project_build/app.o
 .text.TASK_MIDI_Hooks
                0x080045f0       0x34 project_build//C/mios32/trunk/programming_models/traditional/main.o
 .text.TASK_Hooks
                0x08004624       0x48 project_build//C/mios32/trunk/programming_models/traditional/main.o
 .text.main     0x0800466c       0xc8 project_build//C/mios32/trunk/programming_models/traditional/main.o
                0x0800466c                main
 .text.vApplicationTickHook
                0x08004734        0x2 project_build//C/mios32/trunk/programming_models/traditional/main.o
                0x08004734                vApplicationTickHook
 .text.vApplicationIdleHook
                0x08004736        0x8 project_build//C/mios32/trunk/programming_models/traditional/main.o
                0x08004736                vApplicationIdleHook
 *fill*         0x0800473e        0x2 00
 .text._abort   0x08004740       0x44 project_build//C/mios32/trunk/programming_models/traditional/main.o
                0x08004740                _abort
 .text.HardFault_Handler_c
                0x08004784      0x12c project_build//C/mios32/trunk/programming_models/traditional/main.o
                0x08004784                HardFault_Handler_c
 .text.HardFault_Handler
                0x080048b0       0x14 project_build//C/mios32/trunk/programming_models/traditional/main.o
                0x080048b0                HardFault_Handler
 .text.xTaskGenericCreate
                0x080048c4      0x19c project_build//C/mios32/trunk/FreeRTOS/Source/tasks.o
                0x080048c4                xTaskGenericCreate
 .text.vTaskStartScheduler
                0x08004a60       0x48 project_build//C/mios32/trunk/FreeRTOS/Source/tasks.o
                0x08004a60                vTaskStartScheduler
 .text.vTaskSuspendAll
                0x08004aa8       0x10 project_build//C/mios32/trunk/FreeRTOS/Source/tasks.o
                0x08004aa8                vTaskSuspendAll
 .text.xTaskGetTickCount
                0x08004ab8       0x18 project_build//C/mios32/trunk/FreeRTOS/Source/tasks.o
                0x08004ab8                xTaskGetTickCount
 .text.vTaskIncrementTick
                0x08004ad0       0xbc project_build//C/mios32/trunk/FreeRTOS/Source/tasks.o
                0x08004ad0                vTaskIncrementTick
 .text.xTaskResumeAll
                0x08004b8c       0xc8 project_build//C/mios32/trunk/FreeRTOS/Source/tasks.o
                0x08004b8c                xTaskResumeAll
 .text.prvIdleTask
                0x08004c54       0x68 project_build//C/mios32/trunk/FreeRTOS/Source/tasks.o
 .text.vTaskDelay
                0x08004cbc       0x50 project_build//C/mios32/trunk/FreeRTOS/Source/tasks.o
                0x08004cbc                vTaskDelay
 .text.vTaskDelayUntil
                0x08004d0c       0x78 project_build//C/mios32/trunk/FreeRTOS/Source/tasks.o
                0x08004d0c                vTaskDelayUntil
 .text.vTaskSwitchContext
                0x08004d84       0x78 project_build//C/mios32/trunk/FreeRTOS/Source/tasks.o
                0x08004d84                vTaskSwitchContext
 .text.vListInitialise
                0x08004dfc       0x16 project_build//C/mios32/trunk/FreeRTOS/Source/list.o
                0x08004dfc                vListInitialise
 .text.vListInitialiseItem
                0x08004e12        0x6 project_build//C/mios32/trunk/FreeRTOS/Source/list.o
                0x08004e12                vListInitialiseItem
 .text.vListInsertEnd
                0x08004e18       0x1a project_build//C/mios32/trunk/FreeRTOS/Source/list.o
                0x08004e18                vListInsertEnd
 .text.vListInsert
                0x08004e32       0x34 project_build//C/mios32/trunk/FreeRTOS/Source/list.o
                0x08004e32                vListInsert
 .text.vListRemove
                0x08004e66       0x20 project_build//C/mios32/trunk/FreeRTOS/Source/list.o
                0x08004e66                vListRemove
 .text.pxPortInitialiseStack
                0x08004e86       0x20 project_build//C/mios32/trunk/FreeRTOS/Source/portable/GCC/ARM_CM3/port.o
                0x08004e86                pxPortInitialiseStack
 *fill*         0x08004ea6        0x2 00
 .text.vPortSVCHandler
                0x08004ea8       0x20 project_build//C/mios32/trunk/FreeRTOS/Source/portable/GCC/ARM_CM3/port.o
                0x08004ea8                vPortSVCHandler
 .text.vPortStartFirstTask
                0x08004ec8       0x10 project_build//C/mios32/trunk/FreeRTOS/Source/portable/GCC/ARM_CM3/port.o
                0x08004ec8                vPortStartFirstTask
 .text.xPortStartScheduler
                0x08004ed8       0x40 project_build//C/mios32/trunk/FreeRTOS/Source/portable/GCC/ARM_CM3/port.o
                0x08004ed8                xPortStartScheduler
 .text.vPortYieldFromISR
                0x08004f18       0x10 project_build//C/mios32/trunk/FreeRTOS/Source/portable/GCC/ARM_CM3/port.o
                0x08004f18                vPortYieldFromISR
 .text.vPortEnterCritical
                0x08004f28       0x18 project_build//C/mios32/trunk/FreeRTOS/Source/portable/GCC/ARM_CM3/port.o
                0x08004f28                vPortEnterCritical
 .text.vPortExitCritical
                0x08004f40       0x18 project_build//C/mios32/trunk/FreeRTOS/Source/portable/GCC/ARM_CM3/port.o
                0x08004f40                vPortExitCritical
 .text.xPortPendSVHandler
                0x08004f58       0x3c project_build//C/mios32/trunk/FreeRTOS/Source/portable/GCC/ARM_CM3/port.o
                0x08004f58                xPortPendSVHandler
 .text.xPortSysTickHandler
                0x08004f94       0x24 project_build//C/mios32/trunk/FreeRTOS/Source/portable/GCC/ARM_CM3/port.o
                0x08004f94                xPortSysTickHandler
 .text.umm_make_new_block
                0x08004fb8       0x3c project_build//C/mios32/trunk/FreeRTOS/Source/portable/MemMang/umm_malloc.o
 .text.umm_disconnect_from_free_list
                0x08004ff4       0x34 project_build//C/mios32/trunk/FreeRTOS/Source/portable/MemMang/umm_malloc.o
 .text.umm_assimilate_up
                0x08005028       0x40 project_build//C/mios32/trunk/FreeRTOS/Source/portable/MemMang/umm_malloc.o
 .text.vPortFree
                0x08005068       0x6c project_build//C/mios32/trunk/FreeRTOS/Source/portable/MemMang/umm_malloc.o
                0x08005068                vPortFree
 .text.pvPortMalloc
                0x080050d4      0x114 project_build//C/mios32/trunk/FreeRTOS/Source/portable/MemMang/umm_malloc.o
                0x080050d4                pvPortMalloc
 .text.Reset_Handler
                0x080051e8       0x48 project_build//C/mios32/trunk/programming_models/traditional/startup_stm32f10x_hd.o
                0x080051e8                Reset_Handler
 .text._init    0x08005230        0x2 project_build//C/mios32/trunk/programming_models/traditional/startup_stm32f10x_hd.o
                0x08005230                _init
 .text.Default_Handler
                0x08005232        0x2 project_build//C/mios32/trunk/programming_models/traditional/startup_stm32f10x_hd.o
                0x08005232                EXTI2_IRQHandler
                0x08005232                TIM8_TRG_COM_IRQHandler
                0x08005232                TIM8_CC_IRQHandler
                0x08005232                DebugMon_Handler
                0x08005232                TIM1_CC_IRQHandler
                0x08005232                TIM6_IRQHandler
                0x08005232                SysTick_Handler
                0x08005232                PVD_IRQHandler
                0x08005232                SDIO_IRQHandler
                0x08005232                PendSV_Handler
                0x08005232                NMI_Handler
                0x08005232                EXTI3_IRQHandler
                0x08005232                EXTI0_IRQHandler
                0x08005232                UsageFault_Handler
                0x08005232                ADC1_2_IRQHandler
                0x08005232                SPI1_IRQHandler
                0x08005232                TAMPER_IRQHandler
                0x08005232                TIM8_UP_IRQHandler
                0x08005232                DMA2_Channel2_IRQHandler
                0x08005232                RTC_IRQHandler
                0x08005232                DMA1_Channel7_IRQHandler
                0x08005232                CAN1_RX1_IRQHandler
                0x08005232                UART5_IRQHandler
                0x08005232                ADC3_IRQHandler
                0x08005232                TIM4_IRQHandler
                0x08005232                DMA2_Channel1_IRQHandler
                0x08005232                I2C1_EV_IRQHandler
                0x08005232                DMA1_Channel6_IRQHandler
                0x08005232                UART4_IRQHandler
                0x08005232                DMA2_Channel4_IRQHandler
                0x08005232                RCC_IRQHandler
                0x08005232                TIM1_TRG_COM_IRQHandler
                0x08005232                Default_Handler
                0x08005232                EXTI15_10_IRQHandler
                0x08005232                TIM7_IRQHandler
                0x08005232                EXTI9_5_IRQHandler
                0x08005232                SPI2_IRQHandler
                0x08005232                MemManage_Handler
                0x08005232                SVC_Handler
                0x08005232                DMA2_Channel5_IRQHandler
                0x08005232                DMA1_Channel5_IRQHandler
                0x08005232                EXTI4_IRQHandler
                0x08005232                USB_HP_CAN1_TX_IRQHandler
                0x08005232                DMA1_Channel3_IRQHandler
                0x08005232                FSMC_IRQHandler
                0x08005232                TIM1_UP_IRQHandler
                0x08005232                WWDG_IRQHandler
                0x08005232                TIM1_BRK_IRQHandler
                0x08005232                EXTI1_IRQHandler
                0x08005232                RTCAlarm_IRQHandler
                0x08005232                TIM8_BRK_IRQHandler
                0x08005232                CAN1_SCE_IRQHandler
                0x08005232                FLASH_IRQHandler
                0x08005232                BusFault_Handler
                0x08005232                SPI3_IRQHandler
                0x08005232                I2C1_ER_IRQHandler
                0x08005232                USBWakeUp_IRQHandler
                0x08005232                DMA2_Channel3_IRQHandler
 .text.MIOS32_SRIO_Init
                0x08005234       0x80 project_build//C/mios32/trunk/mios32/common/mios32_srio.o
                0x08005234                MIOS32_SRIO_Init
 .text.MIOS32_SRIO_DebounceStart
                0x080052b4       0x14 project_build//C/mios32/trunk/mios32/common/mios32_srio.o
                0x080052b4                MIOS32_SRIO_DebounceStart
 .text.MIOS32_DIN_Init
                0x080052c8       0x2c project_build//C/mios32/trunk/mios32/common/mios32_din.o
                0x080052c8                MIOS32_DIN_Init
 .text.MIOS32_DIN_SRChangedGetAndClear
                0x080052f4       0x30 project_build//C/mios32/trunk/mios32/common/mios32_din.o
                0x080052f4                MIOS32_DIN_SRChangedGetAndClear
 .text.MIOS32_DIN_Handler
                0x08005324       0x50 project_build//C/mios32/trunk/mios32/common/mios32_din.o
                0x08005324                MIOS32_DIN_Handler
 .text.MIOS32_DOUT_Init
                0x08005374       0x1c project_build//C/mios32/trunk/mios32/common/mios32_dout.o
                0x08005374                MIOS32_DOUT_Init
 .text.MIOS32_ENC_Init
                0x08005390       0x5c project_build//C/mios32/trunk/mios32/common/mios32_enc.o
                0x08005390                MIOS32_ENC_Init
 .text.MIOS32_ENC_Handler
                0x080053ec       0x40 project_build//C/mios32/trunk/mios32/common/mios32_enc.o
                0x080053ec                MIOS32_ENC_Handler
 .text.MIOS32_LCD_DeviceSet
                0x0800542c        0xc project_build//C/mios32/trunk/mios32/common/mios32_lcd.o
                0x0800542c                MIOS32_LCD_DeviceSet
 .text.MIOS32_LCD_CursorSet
                0x08005438       0x44 project_build//C/mios32/trunk/mios32/common/mios32_lcd.o
                0x08005438                MIOS32_LCD_CursorSet
 .text.MIOS32_LCD_GCursorSet
                0x0800547c       0x18 project_build//C/mios32/trunk/mios32/common/mios32_lcd.o
                0x0800547c                MIOS32_LCD_GCursorSet
 .text.MIOS32_LCD_CursorMapSet
                0x08005494       0x18 project_build//C/mios32/trunk/mios32/common/mios32_lcd.o
                0x08005494                MIOS32_LCD_CursorMapSet
 .text.MIOS32_LCD_Init
                0x080054ac       0x50 project_build//C/mios32/trunk/mios32/common/mios32_lcd.o
                0x080054ac                MIOS32_LCD_Init
 .text.MIOS32_LCD_Clear
                0x080054fc        0x8 project_build//C/mios32/trunk/mios32/common/mios32_lcd.o
                0x080054fc                MIOS32_LCD_Clear
 .text.MIOS32_LCD_PrintChar
                0x08005504       0x5c project_build//C/mios32/trunk/mios32/common/mios32_lcd.o
                0x08005504                MIOS32_LCD_PrintChar
 .text.MIOS32_LCD_PrintString
                0x08005560       0x1a project_build//C/mios32/trunk/mios32/common/mios32_lcd.o
                0x08005560                MIOS32_LCD_PrintString
 *fill*         0x0800557a        0x2 00
 .text.MIOS32_LCD_PrintBootMessage
                0x0800557c       0x40 project_build//C/mios32/trunk/mios32/common/mios32_lcd.o
                0x0800557c                MIOS32_LCD_PrintBootMessage
 .text.MIOS32_LCD_PrintFormattedString
                0x080055bc       0x26 project_build//C/mios32/trunk/mios32/common/mios32_lcd.o
                0x080055bc                MIOS32_LCD_PrintFormattedString
 .text.MIOS32_LCD_BColourSet
                0x080055e2        0x8 project_build//C/mios32/trunk/mios32/common/mios32_lcd.o
                0x080055e2                MIOS32_LCD_BColourSet
 .text.MIOS32_LCD_FColourSet
                0x080055ea        0x8 project_build//C/mios32/trunk/mios32/common/mios32_lcd.o
                0x080055ea                MIOS32_LCD_FColourSet
 *fill*         0x080055f2        0x2 00
 .text.MIOS32_MIDI_Init
                0x080055f4       0x98 project_build//C/mios32/trunk/mios32/common/mios32_midi.o
                0x080055f4                MIOS32_MIDI_Init
 .text.MIOS32_MIDI_SendPackage
                0x0800568c       0x78 project_build//C/mios32/trunk/mios32/common/mios32_midi.o
                0x0800568c                MIOS32_MIDI_SendPackage
 .text.MIOS32_MIDI_SendEvent
                0x08005704       0x22 project_build//C/mios32/trunk/mios32/common/mios32_midi.o
                0x08005704                MIOS32_MIDI_SendEvent
 .text.MIOS32_MIDI_SendNoteOn
                0x08005726        0xc project_build//C/mios32/trunk/mios32/common/mios32_midi.o
                0x08005726                MIOS32_MIDI_SendNoteOn
 .text.MIOS32_MIDI_SendCC
                0x08005732        0xc project_build//C/mios32/trunk/mios32/common/mios32_midi.o
                0x08005732                MIOS32_MIDI_SendCC
 .text.MIOS32_MIDI_SendSysEx
                0x0800573e       0xa2 project_build//C/mios32/trunk/mios32/common/mios32_midi.o
                0x0800573e                MIOS32_MIDI_SendSysEx
 .text.MIOS32_MIDI_SYSEX_SendAckStr
                0x080057e0       0x60 project_build//C/mios32/trunk/mios32/common/mios32_midi.o
 .text.MIOS32_MIDI_SYSEX_SendAck
                0x08005840       0x48 project_build//C/mios32/trunk/mios32/common/mios32_midi.o
 .text.MIOS32_MIDI_SendDebugMessage
                0x08005888       0xa4 project_build//C/mios32/trunk/mios32/common/mios32_midi.o
                0x08005888                MIOS32_MIDI_SendDebugMessage
 .text.MIOS32_MIDI_SYSEX_Cmd
                0x0800592c      0x1ac project_build//C/mios32/trunk/mios32/common/mios32_midi.o
 .text.MIOS32_MIDI_SYSEX_Parser
                0x08005ad8       0xdc project_build//C/mios32/trunk/mios32/common/mios32_midi.o
 .text.MIOS32_MIDI_TimeOut
                0x08005bb4       0x4c project_build//C/mios32/trunk/mios32/common/mios32_midi.o
 .text.MIOS32_MIDI_Receive_Handler
                0x08005c00      0x334 project_build//C/mios32/trunk/mios32/common/mios32_midi.o
                0x08005c00                MIOS32_MIDI_Receive_Handler
 .text.MIOS32_MIDI_Periodic_mS
                0x08005f34       0x30 project_build//C/mios32/trunk/mios32/common/mios32_midi.o
                0x08005f34                MIOS32_MIDI_Periodic_mS
 .text.MIOS32_MIDI_SendByteToRxCallback
                0x08005f64       0x14 project_build//C/mios32/trunk/mios32/common/mios32_midi.o
                0x08005f64                MIOS32_MIDI_SendByteToRxCallback
 .text.MIOS32_MIDI_SendPackageToRxCallback
                0x08005f78       0x58 project_build//C/mios32/trunk/mios32/common/mios32_midi.o
                0x08005f78                MIOS32_MIDI_SendPackageToRxCallback
 .text.MIOS32_OSC_Init
                0x08005fd0        0xc project_build//C/mios32/trunk/mios32/common/mios32_osc.o
                0x08005fd0                MIOS32_OSC_Init
 .text.MIOS32_COM_Init
                0x08005fdc       0x24 project_build//C/mios32/trunk/mios32/common/mios32_com.o
                0x08005fdc                MIOS32_COM_Init
 .text.MIOS32_COM_SendBuffer
                0x08006000       0x30 project_build//C/mios32/trunk/mios32/common/mios32_com.o
                0x08006000                MIOS32_COM_SendBuffer
 .text.MIOS32_COM_SendChar
                0x08006030       0x12 project_build//C/mios32/trunk/mios32/common/mios32_com.o
                0x08006030                MIOS32_COM_SendChar
 .text.MIOS32_COM_Receive_Handler
                0x08006042       0x12 project_build//C/mios32/trunk/mios32/common/mios32_com.o
                0x08006042                MIOS32_COM_Receive_Handler
 .text.MIOS32_UART_MIDI_RS_Reset
                0x08006054       0x30 project_build//C/mios32/trunk/mios32/common/mios32_uart_midi.o
                0x08006054                MIOS32_UART_MIDI_RS_Reset
 .text.MIOS32_UART_MIDI_Init
                0x08006084       0x50 project_build//C/mios32/trunk/mios32/common/mios32_uart_midi.o
                0x08006084                MIOS32_UART_MIDI_Init
 .text.MIOS32_UART_MIDI_Periodic_mS
                0x080060d4       0x58 project_build//C/mios32/trunk/mios32/common/mios32_uart_midi.o
                0x080060d4                MIOS32_UART_MIDI_Periodic_mS
 .text.MIOS32_UART_MIDI_PackageSend_NonBlocking
                0x0800612c       0xcc project_build//C/mios32/trunk/mios32/common/mios32_uart_midi.o
                0x0800612c                MIOS32_UART_MIDI_PackageSend_NonBlocking
 .text.MIOS32_UART_MIDI_PackageSend
                0x080061f8       0x16 project_build//C/mios32/trunk/mios32/common/mios32_uart_midi.o
                0x080061f8                MIOS32_UART_MIDI_PackageSend
 *fill*         0x0800620e        0x2 00
 .text.MIOS32_UART_MIDI_PackageReceive
                0x08006210      0x1b0 project_build//C/mios32/trunk/mios32/common/mios32_uart_midi.o
                0x08006210                MIOS32_UART_MIDI_PackageReceive
 .text.MIOS32_IIC_MIDI_Init
                0x080063c0        0x6 project_build//C/mios32/trunk/mios32/common/mios32_iic_midi.o
                0x080063c0                MIOS32_IIC_MIDI_Init
 .text.MIOS32_IIC_MIDI_Periodic_mS
                0x080063c6        0x4 project_build//C/mios32/trunk/mios32/common/mios32_iic_midi.o
                0x080063c6                MIOS32_IIC_MIDI_Periodic_mS
 .text.MIOS32_IIC_MIDI_PackageSend
                0x080063ca        0x6 project_build//C/mios32/trunk/mios32/common/mios32_iic_midi.o
                0x080063ca                MIOS32_IIC_MIDI_PackageSend
 .text.MIOS32_IIC_MIDI_PackageReceive
                0x080063d0        0x6 project_build//C/mios32/trunk/mios32/common/mios32_iic_midi.o
                0x080063d0                MIOS32_IIC_MIDI_PackageReceive
 .text.MIOS32_IIC_BS_Init
                0x080063d6        0x6 project_build//C/mios32/trunk/mios32/common/mios32_iic_bs.o
                0x080063d6                MIOS32_IIC_BS_Init
 .text.MIOS32_MF_Init
                0x080063dc        0x6 project_build//C/mios32/trunk/mios32/common/mios32_mf.o
                0x080063dc                MIOS32_MF_Init
 *fill*         0x080063e2        0x2 00
 .text.MIOS32_SYS_Reset
                0x080063e4       0x78 project_build//C/mios32/trunk/mios32/STM32F10x/mios32_sys.o
                0x080063e4                MIOS32_SYS_Reset
 .text.MIOS32_SYS_ChipIDGet
                0x0800645c        0xc project_build//C/mios32/trunk/mios32/STM32F10x/mios32_sys.o
                0x0800645c                MIOS32_SYS_ChipIDGet
 .text.MIOS32_SYS_FlashSizeGet
                0x08006468       0x10 project_build//C/mios32/trunk/mios32/STM32F10x/mios32_sys.o
                0x08006468                MIOS32_SYS_FlashSizeGet
 .text.MIOS32_SYS_RAMSizeGet
                0x08006478       0x10 project_build//C/mios32/trunk/mios32/STM32F10x/mios32_sys.o
                0x08006478                MIOS32_SYS_RAMSizeGet
 .text.MIOS32_SYS_SerialNumberGet
                0x08006488       0x34 project_build//C/mios32/trunk/mios32/STM32F10x/mios32_sys.o
                0x08006488                MIOS32_SYS_SerialNumberGet
 .text.MIOS32_SYS_TimeSet
                0x080064bc       0x5c project_build//C/mios32/trunk/mios32/STM32F10x/mios32_sys.o
                0x080064bc                MIOS32_SYS_TimeSet
 .text.MIOS32_SYS_Init
                0x08006518      0x120 project_build//C/mios32/trunk/mios32/STM32F10x/mios32_sys.o
                0x08006518                MIOS32_SYS_Init
 .text.MIOS32_SYS_TimeGet
                0x08006638       0x68 project_build//C/mios32/trunk/mios32/STM32F10x/mios32_sys.o
                0x08006638                MIOS32_SYS_TimeGet
 .text.MIOS32_IRQ_Disable
                0x080066a0       0x2c project_build//C/mios32/trunk/mios32/STM32F10x/mios32_irq.o
                0x080066a0                MIOS32_IRQ_Disable
 .text.MIOS32_IRQ_Enable
                0x080066cc       0x24 project_build//C/mios32/trunk/mios32/STM32F10x/mios32_irq.o
                0x080066cc                MIOS32_IRQ_Enable
 .text.MIOS32_IRQ_Install
                0x080066f0       0x48 project_build//C/mios32/trunk/mios32/STM32F10x/mios32_irq.o
                0x080066f0                MIOS32_IRQ_Install
 .text.MIOS32_SPI_IO_Init
                0x08006738      0x160 project_build//C/mios32/trunk/mios32/STM32F10x/mios32_spi.o
                0x08006738                MIOS32_SPI_IO_Init
 .text.MIOS32_SPI_RC_PinSet
                0x08006898       0x90 project_build//C/mios32/trunk/mios32/STM32F10x/mios32_spi.o
                0x08006898                MIOS32_SPI_RC_PinSet
 .text.MIOS32_SPI_TransferByte
                0x08006928      0x4ac project_build//C/mios32/trunk/mios32/STM32F10x/mios32_spi.o
                0x08006928                MIOS32_SPI_TransferByte
 .text.MIOS32_SPI_TransferModeInit
                0x08006dd4      0x108 project_build//C/mios32/trunk/mios32/STM32F10x/mios32_spi.o
                0x08006dd4                MIOS32_SPI_TransferModeInit
 .text.MIOS32_SPI_Init
                0x08006edc      0x1b0 project_build//C/mios32/trunk/mios32/STM32F10x/mios32_spi.o
                0x08006edc                MIOS32_SPI_Init
 .text.DMA1_Channel2_IRQHandler
                0x0800708c       0x18 project_build//C/mios32/trunk/mios32/STM32F10x/mios32_spi.o
                0x0800708c                DMA1_Channel2_IRQHandler
 .text.DMA1_Channel4_IRQHandler
                0x080070a4       0x18 project_build//C/mios32/trunk/mios32/STM32F10x/mios32_spi.o
                0x080070a4                DMA1_Channel4_IRQHandler
 .text.MIOS32_BOARD_Init
                0x080070bc       0x14 project_build//C/mios32/trunk/mios32/STM32F10x/mios32_board.o
                0x080070bc                MIOS32_BOARD_Init
 .text.MIOS32_BOARD_LED_Init
                0x080070d0       0x40 project_build//C/mios32/trunk/mios32/STM32F10x/mios32_board.o
                0x080070d0                MIOS32_BOARD_LED_Init
 .text.MIOS32_BOARD_LED_Set
                0x08007110       0x28 project_build//C/mios32/trunk/mios32/STM32F10x/mios32_board.o
                0x08007110                MIOS32_BOARD_LED_Set
 .text.MIOS32_BOARD_LED_Get
                0x08007138       0x10 project_build//C/mios32/trunk/mios32/STM32F10x/mios32_board.o
                0x08007138                MIOS32_BOARD_LED_Get
 .text.MIOS32_BOARD_J5_PinInit
                0x08007148       0x90 project_build//C/mios32/trunk/mios32/STM32F10x/mios32_board.o
                0x08007148                MIOS32_BOARD_J5_PinInit
 .text.MIOS32_BOARD_J5_PinSet
                0x080071d8       0x48 project_build//C/mios32/trunk/mios32/STM32F10x/mios32_board.o
                0x080071d8                MIOS32_BOARD_J5_PinSet
 .text.MIOS32_BOARD_J5_PinGet
                0x08007220       0x3c project_build//C/mios32/trunk/mios32/STM32F10x/mios32_board.o
                0x08007220                MIOS32_BOARD_J5_PinGet
 .text.MIOS32_BOARD_J15_PortInit
                0x0800725c       0xc8 project_build//C/mios32/trunk/mios32/STM32F10x/mios32_board.o
                0x0800725c                MIOS32_BOARD_J15_PortInit
 .text.MIOS32_BOARD_J15_DataSet
                0x08007324       0xc0 project_build//C/mios32/trunk/mios32/STM32F10x/mios32_board.o
                0x08007324                MIOS32_BOARD_J15_DataSet
 .text.MIOS32_BOARD_J15_RS_Set
                0x080073e4       0x18 project_build//C/mios32/trunk/mios32/STM32F10x/mios32_board.o
                0x080073e4                MIOS32_BOARD_J15_RS_Set
 .text.MIOS32_BOARD_J15_RW_Set
                0x080073fc       0x18 project_build//C/mios32/trunk/mios32/STM32F10x/mios32_board.o
                0x080073fc                MIOS32_BOARD_J15_RW_Set
 .text.MIOS32_BOARD_J15_E_Set
                0x08007414       0x34 project_build//C/mios32/trunk/mios32/STM32F10x/mios32_board.o
                0x08007414                MIOS32_BOARD_J15_E_Set
 .text.MIOS32_BOARD_J15_PollUnbusy
                0x08007448       0x74 project_build//C/mios32/trunk/mios32/STM32F10x/mios32_board.o
                0x08007448                MIOS32_BOARD_J15_PollUnbusy
 .text.TIM2_IRQHandler
                0x080074bc       0x24 project_build//C/mios32/trunk/mios32/STM32F10x/mios32_timer.o
                0x080074bc                TIM2_IRQHandler
 .text.TIM3_IRQHandler
                0x080074e0       0x24 project_build//C/mios32/trunk/mios32/STM32F10x/mios32_timer.o
                0x080074e0                TIM3_IRQHandler
 .text.TIM5_IRQHandler
                0x08007504       0x24 project_build//C/mios32/trunk/mios32/STM32F10x/mios32_timer.o
                0x08007504                TIM5_IRQHandler
 .text.MIOS32_DELAY_Init
                0x08007528       0x44 project_build//C/mios32/trunk/mios32/STM32F10x/mios32_delay.o
                0x08007528                MIOS32_DELAY_Init
 .text.MIOS32_DELAY_Wait_uS
                0x0800756c       0x18 project_build//C/mios32/trunk/mios32/STM32F10x/mios32_delay.o
                0x0800756c                MIOS32_DELAY_Wait_uS
 .text.MIOS32_AIN_Init
                0x08007584      0x264 project_build//C/mios32/trunk/mios32/STM32F10x/mios32_ain.o
                0x08007584                MIOS32_AIN_Init
 .text.MIOS32_AIN_Handler
                0x080077e8       0xa8 project_build//C/mios32/trunk/mios32/STM32F10x/mios32_ain.o
                0x080077e8                MIOS32_AIN_Handler
 .text.DMA1_Channel1_IRQHandler
                0x08007890       0xec project_build//C/mios32/trunk/mios32/STM32F10x/mios32_ain.o
                0x08007890                DMA1_Channel1_IRQHandler
 .text.MIOS32_USB_CB_SetDeviceAddress
                0x0800797c        0xc project_build//C/mios32/trunk/mios32/STM32F10x/mios32_usb.o
 .text.MIOS32_USB_CB_Status_In
                0x08007988        0x2 project_build//C/mios32/trunk/mios32/STM32F10x/mios32_usb.o
 .text.MIOS32_USB_CB_Status_Out
                0x0800798a        0x2 project_build//C/mios32/trunk/mios32/STM32F10x/mios32_usb.o
 .text.MIOS32_USB_CB_Data_Setup
                0x0800798c        0x4 project_build//C/mios32/trunk/mios32/STM32F10x/mios32_usb.o
 .text.MIOS32_USB_CB_NoData_Setup
                0x08007990        0x4 project_build//C/mios32/trunk/mios32/STM32F10x/mios32_usb.o
 .text.MIOS32_USB_CB_Get_Interface_Setting
                0x08007994       0x10 project_build//C/mios32/trunk/mios32/STM32F10x/mios32_usb.o
 .text.MIOS32_USB_CB_SetConfiguration
                0x080079a4       0x20 project_build//C/mios32/trunk/mios32/STM32F10x/mios32_usb.o
 .text.MIOS32_USB_CB_GetStringDescriptor
                0x080079c4      0x110 project_build//C/mios32/trunk/mios32/STM32F10x/mios32_usb.o
 .text.MIOS32_USB_CB_GetConfigDescriptor
                0x08007ad4       0x1c project_build//C/mios32/trunk/mios32/STM32F10x/mios32_usb.o
 .text.MIOS32_USB_CB_GetDeviceDescriptor
                0x08007af0       0x1c project_build//C/mios32/trunk/mios32/STM32F10x/mios32_usb.o
 .text.MIOS32_USB_CB_Reset
                0x08007b0c       0xac project_build//C/mios32/trunk/mios32/STM32F10x/mios32_usb.o
 .text.USB_LP_CAN1_RX0_IRQHandler
                0x08007bb8       0x40 project_build//C/mios32/trunk/mios32/STM32F10x/mios32_usb.o
                0x08007bb8                USB_LP_CAN1_RX0_IRQHandler
 .text.MIOS32_USB_IsInitialized
                0x08007bf8       0x10 project_build//C/mios32/trunk/mios32/STM32F10x/mios32_usb.o
                0x08007bf8                MIOS32_USB_IsInitialized
 .text.MIOS32_USB_Init
                0x08007c08      0x148 project_build//C/mios32/trunk/mios32/STM32F10x/mios32_usb.o
                0x08007c08                MIOS32_USB_Init
 .text.MIOS32_USB_MIDI_RxBufferHandler
                0x08007d50       0xa8 project_build//C/mios32/trunk/mios32/STM32F10x/mios32_usb_midi.o
 .text.MIOS32_USB_MIDI_TxBufferHandler
                0x08007df8       0xd4 project_build//C/mios32/trunk/mios32/STM32F10x/mios32_usb_midi.o
 .text.MIOS32_USB_MIDI_Init
                0x08007ecc        0xc project_build//C/mios32/trunk/mios32/STM32F10x/mios32_usb_midi.o
                0x08007ecc                MIOS32_USB_MIDI_Init
 .text.MIOS32_USB_MIDI_ChangeConnectionState
                0x08007ed8       0x68 project_build//C/mios32/trunk/mios32/STM32F10x/mios32_usb_midi.o
                0x08007ed8                MIOS32_USB_MIDI_ChangeConnectionState
 .text.MIOS32_USB_MIDI_PackageSend_NonBlocking
                0x08007f40       0x70 project_build//C/mios32/trunk/mios32/STM32F10x/mios32_usb_midi.o
                0x08007f40                MIOS32_USB_MIDI_PackageSend_NonBlocking
 .text.MIOS32_USB_MIDI_PackageSend
                0x08007fb0       0x34 project_build//C/mios32/trunk/mios32/STM32F10x/mios32_usb_midi.o
                0x08007fb0                MIOS32_USB_MIDI_PackageSend
 .text.MIOS32_USB_MIDI_PackageReceive
                0x08007fe4       0x58 project_build//C/mios32/trunk/mios32/STM32F10x/mios32_usb_midi.o
                0x08007fe4                MIOS32_USB_MIDI_PackageReceive
 .text.MIOS32_USB_MIDI_Periodic_mS
                0x0800803c        0xe project_build//C/mios32/trunk/mios32/STM32F10x/mios32_usb_midi.o
                0x0800803c                MIOS32_USB_MIDI_Periodic_mS
 *fill*         0x0800804a        0x2 00
 .text.MIOS32_USB_MIDI_EP1_IN_Callback
                0x0800804c       0x14 project_build//C/mios32/trunk/mios32/STM32F10x/mios32_usb_midi.o
                0x0800804c                MIOS32_USB_MIDI_EP1_IN_Callback
 .text.MIOS32_USB_MIDI_EP1_OUT_Callback
                0x08008060       0x14 project_build//C/mios32/trunk/mios32/STM32F10x/mios32_usb_midi.o
                0x08008060                MIOS32_USB_MIDI_EP1_OUT_Callback
 .text.MIOS32_UART_BaudrateSet
                0x08008074       0x58 project_build//C/mios32/trunk/mios32/STM32F10x/mios32_uart.o
                0x08008074                MIOS32_UART_BaudrateSet
 .text.MIOS32_UART_Init
                0x080080cc      0x148 project_build//C/mios32/trunk/mios32/STM32F10x/mios32_uart.o
                0x080080cc                MIOS32_UART_Init
 .text.MIOS32_UART_RxBufferGet
                0x08008214       0x58 project_build//C/mios32/trunk/mios32/STM32F10x/mios32_uart.o
                0x08008214                MIOS32_UART_RxBufferGet
 .text.MIOS32_UART_RxBufferPut
                0x0800826c       0x60 project_build//C/mios32/trunk/mios32/STM32F10x/mios32_uart.o
                0x0800826c                MIOS32_UART_RxBufferPut
 .text.MIOS32_UART_TxBufferGet
                0x080082cc       0x58 project_build//C/mios32/trunk/mios32/STM32F10x/mios32_uart.o
                0x080082cc                MIOS32_UART_TxBufferGet
 .text.MIOS32_UART_TxBufferPutMore_NonBlocking
                0x08008324       0xd4 project_build//C/mios32/trunk/mios32/STM32F10x/mios32_uart.o
                0x08008324                MIOS32_UART_TxBufferPutMore_NonBlocking
 .text.MIOS32_UART_TxBufferPutMore
                0x080083f8       0x1a project_build//C/mios32/trunk/mios32/STM32F10x/mios32_uart.o
                0x080083f8                MIOS32_UART_TxBufferPutMore
 *fill*         0x08008412        0x2 00
 .text.USART1_IRQHandler
                0x08008414       0x5c project_build//C/mios32/trunk/mios32/STM32F10x/mios32_uart.o
                0x08008414                USART1_IRQHandler
 .text.USART3_IRQHandler
                0x08008470       0x60 project_build//C/mios32/trunk/mios32/STM32F10x/mios32_uart.o
                0x08008470                USART3_IRQHandler
 .text.USART2_IRQHandler
                0x080084d0       0x40 project_build//C/mios32/trunk/mios32/STM32F10x/mios32_uart.o
                0x080084d0                USART2_IRQHandler
 .text.I2C2_EV_IRQHandler
                0x08008510      0x1bc project_build//C/mios32/trunk/mios32/STM32F10x/mios32_iic.o
                0x08008510                I2C2_EV_IRQHandler
 .text.I2C2_ER_IRQHandler
                0x080086cc       0x90 project_build//C/mios32/trunk/mios32/STM32F10x/mios32_iic.o
                0x080086cc                I2C2_ER_IRQHandler
 .text.printchar
                0x0800875c       0x1a project_build//C/mios32/trunk/mios32/common/printf-stdarg.o
 .text.prints   0x08008776       0x82 project_build//C/mios32/trunk/mios32/common/printf-stdarg.o
 .text.printi   0x080087f8       0xb2 project_build//C/mios32/trunk/mios32/common/printf-stdarg.o
 *fill*         0x080088aa        0x2 00
 .text.print    0x080088ac      0x11c project_build//C/mios32/trunk/mios32/common/printf-stdarg.o
 .text.sprintf  0x080089c8       0x1e project_build//C/mios32/trunk/mios32/common/printf-stdarg.o
                0x080089c8                sprintf
 .text.vsprintf
                0x080089e6       0x10 project_build//C/mios32/trunk/mios32/common/printf-stdarg.o
                0x080089e6                vsprintf
 .text.GPIO_Init
                0x080089f6       0xb2 project_build//C/mios32/trunk/drivers/STM32F10x/v3.3.0/STM32F10x_StdPeriph_Driver/src/stm32f10x_gpio.o
                0x080089f6                GPIO_Init
 .text.GPIO_StructInit
                0x08008aa8       0x10 project_build//C/mios32/trunk/drivers/STM32F10x/v3.3.0/STM32F10x_StdPeriph_Driver/src/stm32f10x_gpio.o
                0x08008aa8                GPIO_StructInit
 .text.GPIO_PinRemapConfig
                0x08008ab8       0x74 project_build//C/mios32/trunk/drivers/STM32F10x/v3.3.0/STM32F10x_StdPeriph_Driver/src/stm32f10x_gpio.o
                0x08008ab8                GPIO_PinRemapConfig
 .text.FLASH_SetLatency
                0x08008b2c       0x14 project_build//C/mios32/trunk/drivers/STM32F10x/v3.3.0/STM32F10x_StdPeriph_Driver/src/stm32f10x_flash.o
                0x08008b2c                FLASH_SetLatency
 .text.FLASH_PrefetchBufferCmd
                0x08008b40       0x18 project_build//C/mios32/trunk/drivers/STM32F10x/v3.3.0/STM32F10x_StdPeriph_Driver/src/stm32f10x_flash.o
                0x08008b40                FLASH_PrefetchBufferCmd
 .text.ADC_Init
                0x08008b58       0x4c project_build//C/mios32/trunk/drivers/STM32F10x/v3.3.0/STM32F10x_StdPeriph_Driver/src/stm32f10x_adc.o
                0x08008b58                ADC_Init
 .text.ADC_StructInit
                0x08008ba4       0x12 project_build//C/mios32/trunk/drivers/STM32F10x/v3.3.0/STM32F10x_StdPeriph_Driver/src/stm32f10x_adc.o
                0x08008ba4                ADC_StructInit
 .text.ADC_Cmd  0x08008bb6       0x14 project_build//C/mios32/trunk/drivers/STM32F10x/v3.3.0/STM32F10x_StdPeriph_Driver/src/stm32f10x_adc.o
                0x08008bb6                ADC_Cmd
 .text.ADC_DMACmd
                0x08008bca       0x14 project_build//C/mios32/trunk/drivers/STM32F10x/v3.3.0/STM32F10x_StdPeriph_Driver/src/stm32f10x_adc.o
                0x08008bca                ADC_DMACmd
 .text.ADC_ResetCalibration
                0x08008bde        0xa project_build//C/mios32/trunk/drivers/STM32F10x/v3.3.0/STM32F10x_StdPeriph_Driver/src/stm32f10x_adc.o
                0x08008bde                ADC_ResetCalibration
 .text.ADC_GetResetCalibrationStatus
                0x08008be8        0x8 project_build//C/mios32/trunk/drivers/STM32F10x/v3.3.0/STM32F10x_StdPeriph_Driver/src/stm32f10x_adc.o
                0x08008be8                ADC_GetResetCalibrationStatus
 .text.ADC_StartCalibration
                0x08008bf0        0xa project_build//C/mios32/trunk/drivers/STM32F10x/v3.3.0/STM32F10x_StdPeriph_Driver/src/stm32f10x_adc.o
                0x08008bf0                ADC_StartCalibration
 .text.ADC_GetCalibrationStatus
                0x08008bfa        0x8 project_build//C/mios32/trunk/drivers/STM32F10x/v3.3.0/STM32F10x_StdPeriph_Driver/src/stm32f10x_adc.o
                0x08008bfa                ADC_GetCalibrationStatus
 .text.ADC_SoftwareStartConvCmd
                0x08008c02       0x14 project_build//C/mios32/trunk/drivers/STM32F10x/v3.3.0/STM32F10x_StdPeriph_Driver/src/stm32f10x_adc.o
                0x08008c02                ADC_SoftwareStartConvCmd
 .text.ADC_RegularChannelConfig
                0x08008c16       0xa6 project_build//C/mios32/trunk/drivers/STM32F10x/v3.3.0/STM32F10x_StdPeriph_Driver/src/stm32f10x_adc.o
                0x08008c16                ADC_RegularChannelConfig
 .text.ADC_ExternalTrigConvCmd
                0x08008cbc       0x14 project_build//C/mios32/trunk/drivers/STM32F10x/v3.3.0/STM32F10x_StdPeriph_Driver/src/stm32f10x_adc.o
                0x08008cbc                ADC_ExternalTrigConvCmd
 .text.SPI_Init
                0x08008cd0       0x5a project_build//C/mios32/trunk/drivers/STM32F10x/v3.3.0/STM32F10x_StdPeriph_Driver/src/stm32f10x_spi.o
                0x08008cd0                SPI_Init
 .text.SPI_Cmd  0x08008d2a       0x1a project_build//C/mios32/trunk/drivers/STM32F10x/v3.3.0/STM32F10x_StdPeriph_Driver/src/stm32f10x_spi.o
                0x08008d2a                SPI_Cmd
 .text.SPI_I2S_DMACmd
                0x08008d44       0x16 project_build//C/mios32/trunk/drivers/STM32F10x/v3.3.0/STM32F10x_StdPeriph_Driver/src/stm32f10x_spi.o
                0x08008d44                SPI_I2S_DMACmd
 *fill*         0x08008d5a        0x2 00
 .text.USART_Init
                0x08008d5c       0xb8 project_build//C/mios32/trunk/drivers/STM32F10x/v3.3.0/STM32F10x_StdPeriph_Driver/src/stm32f10x_usart.o
                0x08008d5c                USART_Init
 .text.USART_Cmd
                0x08008e14       0x1a project_build//C/mios32/trunk/drivers/STM32F10x/v3.3.0/STM32F10x_StdPeriph_Driver/src/stm32f10x_usart.o
                0x08008e14                USART_Cmd
 .text.USART_ITConfig
                0x08008e2e       0x36 project_build//C/mios32/trunk/drivers/STM32F10x/v3.3.0/STM32F10x_StdPeriph_Driver/src/stm32f10x_usart.o
                0x08008e2e                USART_ITConfig
 .text.I2C_GenerateSTART
                0x08008e64       0x1a project_build//C/mios32/trunk/drivers/STM32F10x/v3.3.0/STM32F10x_StdPeriph_Driver/src/stm32f10x_i2c.o
                0x08008e64                I2C_GenerateSTART
 .text.I2C_GenerateSTOP
                0x08008e7e       0x1a project_build//C/mios32/trunk/drivers/STM32F10x/v3.3.0/STM32F10x_StdPeriph_Driver/src/stm32f10x_i2c.o
                0x08008e7e                I2C_GenerateSTOP
 .text.I2C_AcknowledgeConfig
                0x08008e98       0x1a project_build//C/mios32/trunk/drivers/STM32F10x/v3.3.0/STM32F10x_StdPeriph_Driver/src/stm32f10x_i2c.o
                0x08008e98                I2C_AcknowledgeConfig
 .text.I2C_ITConfig
                0x08008eb2       0x16 project_build//C/mios32/trunk/drivers/STM32F10x/v3.3.0/STM32F10x_StdPeriph_Driver/src/stm32f10x_i2c.o
                0x08008eb2                I2C_ITConfig
 .text.I2C_SendData
                0x08008ec8        0x4 project_build//C/mios32/trunk/drivers/STM32F10x/v3.3.0/STM32F10x_StdPeriph_Driver/src/stm32f10x_i2c.o
                0x08008ec8                I2C_SendData
 .text.I2C_ReceiveData
                0x08008ecc        0x6 project_build//C/mios32/trunk/drivers/STM32F10x/v3.3.0/STM32F10x_StdPeriph_Driver/src/stm32f10x_i2c.o
                0x08008ecc                I2C_ReceiveData
 .text.I2C_Send7bitAddress
                0x08008ed2       0x10 project_build//C/mios32/trunk/drivers/STM32F10x/v3.3.0/STM32F10x_StdPeriph_Driver/src/stm32f10x_i2c.o
                0x08008ed2                I2C_Send7bitAddress
 .text.I2C_GetLastEvent
                0x08008ee2       0x10 project_build//C/mios32/trunk/drivers/STM32F10x/v3.3.0/STM32F10x_StdPeriph_Driver/src/stm32f10x_i2c.o
                0x08008ee2                I2C_GetLastEvent
 .text.I2C_ClearITPendingBit
                0x08008ef2        0x8 project_build//C/mios32/trunk/drivers/STM32F10x/v3.3.0/STM32F10x_StdPeriph_Driver/src/stm32f10x_i2c.o
                0x08008ef2                I2C_ClearITPendingBit
 *fill*         0x08008efa        0x2 00
 .text.DMA_DeInit
                0x08008efc       0xd4 project_build//C/mios32/trunk/drivers/STM32F10x/v3.3.0/STM32F10x_StdPeriph_Driver/src/stm32f10x_dma.o
                0x08008efc                DMA_DeInit
 .text.DMA_Init
                0x08008fd0       0x56 project_build//C/mios32/trunk/drivers/STM32F10x/v3.3.0/STM32F10x_StdPeriph_Driver/src/stm32f10x_dma.o
                0x08008fd0                DMA_Init
 .text.DMA_StructInit
                0x08009026       0x1a project_build//C/mios32/trunk/drivers/STM32F10x/v3.3.0/STM32F10x_StdPeriph_Driver/src/stm32f10x_dma.o
                0x08009026                DMA_StructInit
 .text.DMA_Cmd  0x08009040       0x14 project_build//C/mios32/trunk/drivers/STM32F10x/v3.3.0/STM32F10x_StdPeriph_Driver/src/stm32f10x_dma.o
                0x08009040                DMA_Cmd
 .text.DMA_ITConfig
                0x08009054       0x12 project_build//C/mios32/trunk/drivers/STM32F10x/v3.3.0/STM32F10x_StdPeriph_Driver/src/stm32f10x_dma.o
                0x08009054                DMA_ITConfig
 *fill*         0x08009066        0x2 00
 .text.DMA_ClearFlag
                0x08009068       0x18 project_build//C/mios32/trunk/drivers/STM32F10x/v3.3.0/STM32F10x_StdPeriph_Driver/src/stm32f10x_dma.o
                0x08009068                DMA_ClearFlag
 .text.TIM_TimeBaseInit
                0x08009080       0xe0 project_build//C/mios32/trunk/drivers/STM32F10x/v3.3.0/STM32F10x_StdPeriph_Driver/src/stm32f10x_tim.o
                0x08009080                TIM_TimeBaseInit
 .text.TIM_Cmd  0x08009160       0x1a project_build//C/mios32/trunk/drivers/STM32F10x/v3.3.0/STM32F10x_StdPeriph_Driver/src/stm32f10x_tim.o
                0x08009160                TIM_Cmd
 .text.TIM_GetITStatus
                0x0800917a       0x18 project_build//C/mios32/trunk/drivers/STM32F10x/v3.3.0/STM32F10x_StdPeriph_Driver/src/stm32f10x_tim.o
                0x0800917a                TIM_GetITStatus
 .text.TIM_ClearITPendingBit
                0x08009192        0x8 project_build//C/mios32/trunk/drivers/STM32F10x/v3.3.0/STM32F10x_StdPeriph_Driver/src/stm32f10x_tim.o
                0x08009192                TIM_ClearITPendingBit
 *fill*         0x0800919a        0x2 00
 .text.RCC_DeInit
                0x0800919c       0x40 project_build//C/mios32/trunk/drivers/STM32F10x/v3.3.0/STM32F10x_StdPeriph_Driver/src/stm32f10x_rcc.o
                0x0800919c                RCC_DeInit
 .text.RCC_HSEConfig
                0x080091dc       0x38 project_build//C/mios32/trunk/drivers/STM32F10x/v3.3.0/STM32F10x_StdPeriph_Driver/src/stm32f10x_rcc.o
                0x080091dc                RCC_HSEConfig
 .text.RCC_PLLConfig
                0x08009214       0x14 project_build//C/mios32/trunk/drivers/STM32F10x/v3.3.0/STM32F10x_StdPeriph_Driver/src/stm32f10x_rcc.o
                0x08009214                RCC_PLLConfig
 .text.RCC_PLLCmd
                0x08009228        0xc project_build//C/mios32/trunk/drivers/STM32F10x/v3.3.0/STM32F10x_StdPeriph_Driver/src/stm32f10x_rcc.o
                0x08009228                RCC_PLLCmd
 .text.RCC_SYSCLKConfig
                0x08009234       0x14 project_build//C/mios32/trunk/drivers/STM32F10x/v3.3.0/STM32F10x_StdPeriph_Driver/src/stm32f10x_rcc.o
                0x08009234                RCC_SYSCLKConfig
 .text.RCC_GetSYSCLKSource
                0x08009248       0x10 project_build//C/mios32/trunk/drivers/STM32F10x/v3.3.0/STM32F10x_StdPeriph_Driver/src/stm32f10x_rcc.o
                0x08009248                RCC_GetSYSCLKSource
 .text.RCC_HCLKConfig
                0x08009258       0x14 project_build//C/mios32/trunk/drivers/STM32F10x/v3.3.0/STM32F10x_StdPeriph_Driver/src/stm32f10x_rcc.o
                0x08009258                RCC_HCLKConfig
 .text.RCC_PCLK1Config
                0x0800926c       0x14 project_build//C/mios32/trunk/drivers/STM32F10x/v3.3.0/STM32F10x_StdPeriph_Driver/src/stm32f10x_rcc.o
                0x0800926c                RCC_PCLK1Config
 .text.RCC_PCLK2Config
                0x08009280       0x14 project_build//C/mios32/trunk/drivers/STM32F10x/v3.3.0/STM32F10x_StdPeriph_Driver/src/stm32f10x_rcc.o
                0x08009280                RCC_PCLK2Config
 .text.RCC_USBCLKConfig
                0x08009294        0xc project_build//C/mios32/trunk/drivers/STM32F10x/v3.3.0/STM32F10x_StdPeriph_Driver/src/stm32f10x_rcc.o
                0x08009294                RCC_USBCLKConfig
 .text.RCC_ADCCLKConfig
                0x080092a0       0x14 project_build//C/mios32/trunk/drivers/STM32F10x/v3.3.0/STM32F10x_StdPeriph_Driver/src/stm32f10x_rcc.o
                0x080092a0                RCC_ADCCLKConfig
 .text.RCC_RTCCLKConfig
                0x080092b4       0x10 project_build//C/mios32/trunk/drivers/STM32F10x/v3.3.0/STM32F10x_StdPeriph_Driver/src/stm32f10x_rcc.o
                0x080092b4                RCC_RTCCLKConfig
 .text.RCC_RTCCLKCmd
                0x080092c4        0xc project_build//C/mios32/trunk/drivers/STM32F10x/v3.3.0/STM32F10x_StdPeriph_Driver/src/stm32f10x_rcc.o
                0x080092c4                RCC_RTCCLKCmd
 .text.RCC_GetClocksFreq
                0x080092d0       0xa8 project_build//C/mios32/trunk/drivers/STM32F10x/v3.3.0/STM32F10x_StdPeriph_Driver/src/stm32f10x_rcc.o
                0x080092d0                RCC_GetClocksFreq
 .text.RCC_AHBPeriphClockCmd
                0x08009378       0x1c project_build//C/mios32/trunk/drivers/STM32F10x/v3.3.0/STM32F10x_StdPeriph_Driver/src/stm32f10x_rcc.o
                0x08009378                RCC_AHBPeriphClockCmd
 .text.RCC_APB2PeriphClockCmd
                0x08009394       0x1c project_build//C/mios32/trunk/drivers/STM32F10x/v3.3.0/STM32F10x_StdPeriph_Driver/src/stm32f10x_rcc.o
                0x08009394                RCC_APB2PeriphClockCmd
 .text.RCC_APB1PeriphClockCmd
                0x080093b0       0x1c project_build//C/mios32/trunk/drivers/STM32F10x/v3.3.0/STM32F10x_StdPeriph_Driver/src/stm32f10x_rcc.o
                0x080093b0                RCC_APB1PeriphClockCmd
 .text.RCC_APB2PeriphResetCmd
                0x080093cc       0x1c project_build//C/mios32/trunk/drivers/STM32F10x/v3.3.0/STM32F10x_StdPeriph_Driver/src/stm32f10x_rcc.o
                0x080093cc                RCC_APB2PeriphResetCmd
 .text.RCC_APB1PeriphResetCmd
                0x080093e8       0x1c project_build//C/mios32/trunk/drivers/STM32F10x/v3.3.0/STM32F10x_StdPeriph_Driver/src/stm32f10x_rcc.o
                0x080093e8                RCC_APB1PeriphResetCmd
 .text.RCC_BackupResetCmd
                0x08009404        0xc project_build//C/mios32/trunk/drivers/STM32F10x/v3.3.0/STM32F10x_StdPeriph_Driver/src/stm32f10x_rcc.o
                0x08009404                RCC_BackupResetCmd
 .text.RCC_GetFlagStatus
                0x08009410       0x2c project_build//C/mios32/trunk/drivers/STM32F10x/v3.3.0/STM32F10x_StdPeriph_Driver/src/stm32f10x_rcc.o
                0x08009410                RCC_GetFlagStatus
 .text.RCC_WaitForHSEStartUp
                0x0800943c       0x2c project_build//C/mios32/trunk/drivers/STM32F10x/v3.3.0/STM32F10x_StdPeriph_Driver/src/stm32f10x_rcc.o
                0x0800943c                RCC_WaitForHSEStartUp
 .text.RTC_ITConfig
                0x08009468       0x20 project_build//C/mios32/trunk/drivers/STM32F10x/v3.3.0/STM32F10x_StdPeriph_Driver/src/stm32f10x_rtc.o
                0x08009468                RTC_ITConfig
 .text.RTC_EnterConfigMode
                0x08009488       0x14 project_build//C/mios32/trunk/drivers/STM32F10x/v3.3.0/STM32F10x_StdPeriph_Driver/src/stm32f10x_rtc.o
                0x08009488                RTC_EnterConfigMode
 .text.RTC_ExitConfigMode
                0x0800949c       0x14 project_build//C/mios32/trunk/drivers/STM32F10x/v3.3.0/STM32F10x_StdPeriph_Driver/src/stm32f10x_rtc.o
                0x0800949c                RTC_ExitConfigMode
 .text.RTC_SetCounter
                0x080094b0       0x1c project_build//C/mios32/trunk/drivers/STM32F10x/v3.3.0/STM32F10x_StdPeriph_Driver/src/stm32f10x_rtc.o
                0x080094b0                RTC_SetCounter
 .text.RTC_SetPrescaler
                0x080094cc       0x20 project_build//C/mios32/trunk/drivers/STM32F10x/v3.3.0/STM32F10x_StdPeriph_Driver/src/stm32f10x_rtc.o
                0x080094cc                RTC_SetPrescaler
 .text.RTC_WaitForLastTask
                0x080094ec       0x10 project_build//C/mios32/trunk/drivers/STM32F10x/v3.3.0/STM32F10x_StdPeriph_Driver/src/stm32f10x_rtc.o
                0x080094ec                RTC_WaitForLastTask
 .text.RTC_WaitForSynchro
                0x080094fc       0x1c project_build//C/mios32/trunk/drivers/STM32F10x/v3.3.0/STM32F10x_StdPeriph_Driver/src/stm32f10x_rtc.o
                0x080094fc                RTC_WaitForSynchro
 .text.BKP_DeInit
                0x08009518       0x10 project_build//C/mios32/trunk/drivers/STM32F10x/v3.3.0/STM32F10x_StdPeriph_Driver/src/stm32f10x_bkp.o
                0x08009518                BKP_DeInit
 .text.PWR_BackupAccessCmd
                0x08009528        0xc project_build//C/mios32/trunk/drivers/STM32F10x/v3.3.0/STM32F10x_StdPeriph_Driver/src/stm32f10x_pwr.o
                0x08009528                PWR_BackupAccessCmd
 .text.NVIC_PriorityGroupConfig
                0x08009534       0x14 project_build//C/mios32/trunk/drivers/STM32F10x/v3.3.0/STM32F10x_StdPeriph_Driver/src/misc.o
                0x08009534                NVIC_PriorityGroupConfig
 .text.NVIC_SetVectorTable
                0x08009548       0x18 project_build//C/mios32/trunk/drivers/STM32F10x/v3.3.0/STM32F10x_StdPeriph_Driver/src/misc.o
                0x08009548                NVIC_SetVectorTable
 .text.SysTick_CLKSourceConfig
                0x08009560       0x20 project_build//C/mios32/trunk/drivers/STM32F10x/v3.3.0/STM32F10x_StdPeriph_Driver/src/misc.o
                0x08009560                SysTick_CLKSourceConfig
 .text.Standard_GetConfiguration
                0x08009580       0x24 project_build//C/mios32/trunk/drivers/STM32F10x/v3.3.0/STM32_USB-FS-Device_Driver/src/usb_core.o
                0x08009580                Standard_GetConfiguration
 .text.Standard_GetInterface
                0x080095a4       0x24 project_build//C/mios32/trunk/drivers/STM32F10x/v3.3.0/STM32_USB-FS-Device_Driver/src/usb_core.o
                0x080095a4                Standard_GetInterface
 .text.Standard_GetStatus
                0x080095c8       0xac project_build//C/mios32/trunk/drivers/STM32F10x/v3.3.0/STM32_USB-FS-Device_Driver/src/usb_core.o
                0x080095c8                Standard_GetStatus
 .text.DataStageIn
                0x08009674       0xb8 project_build//C/mios32/trunk/drivers/STM32F10x/v3.3.0/STM32_USB-FS-Device_Driver/src/usb_core.o
 .text.Standard_SetConfiguration
                0x0800972c       0x38 project_build//C/mios32/trunk/drivers/STM32F10x/v3.3.0/STM32_USB-FS-Device_Driver/src/usb_core.o
                0x0800972c                Standard_SetConfiguration
 .text.Standard_SetInterface
                0x08009764       0x48 project_build//C/mios32/trunk/drivers/STM32F10x/v3.3.0/STM32_USB-FS-Device_Driver/src/usb_core.o
                0x08009764                Standard_SetInterface
 .text.Standard_ClearFeature
                0x080097ac      0x110 project_build//C/mios32/trunk/drivers/STM32F10x/v3.3.0/STM32_USB-FS-Device_Driver/src/usb_core.o
                0x080097ac                Standard_ClearFeature
 .text.Standard_SetEndPointFeature
                0x080098bc       0xbc project_build//C/mios32/trunk/drivers/STM32F10x/v3.3.0/STM32_USB-FS-Device_Driver/src/usb_core.o
                0x080098bc                Standard_SetEndPointFeature
 .text.Standard_SetDeviceFeature
                0x08009978       0x24 project_build//C/mios32/trunk/drivers/STM32F10x/v3.3.0/STM32_USB-FS-Device_Driver/src/usb_core.o
                0x08009978                Standard_SetDeviceFeature
 .text.Standard_GetDescriptorData
                0x0800999c       0x1c project_build//C/mios32/trunk/drivers/STM32F10x/v3.3.0/STM32_USB-FS-Device_Driver/src/usb_core.o
                0x0800999c                Standard_GetDescriptorData
 .text.Post0_Process
                0x080099b8       0x44 project_build//C/mios32/trunk/drivers/STM32F10x/v3.3.0/STM32_USB-FS-Device_Driver/src/usb_core.o
                0x080099b8                Post0_Process
 .text.Out0_Process
                0x080099fc       0xfc project_build//C/mios32/trunk/drivers/STM32F10x/v3.3.0/STM32_USB-FS-Device_Driver/src/usb_core.o
                0x080099fc                Out0_Process
 .text.Setup0_Process
                0x08009af8      0x308 project_build//C/mios32/trunk/drivers/STM32F10x/v3.3.0/STM32_USB-FS-Device_Driver/src/usb_core.o
                0x08009af8                Setup0_Process
 .text.SetDeviceAddress
                0x08009e00       0x48 project_build//C/mios32/trunk/drivers/STM32F10x/v3.3.0/STM32_USB-FS-Device_Driver/src/usb_core.o
                0x08009e00                SetDeviceAddress
 .text.In0_Process
                0x08009e48       0x68 project_build//C/mios32/trunk/drivers/STM32F10x/v3.3.0/STM32_USB-FS-Device_Driver/src/usb_core.o
                0x08009e48                In0_Process
 .text.NOP_Process
                0x08009eb0        0x2 project_build//C/mios32/trunk/drivers/STM32F10x/v3.3.0/STM32_USB-FS-Device_Driver/src/usb_core.o
                0x08009eb0                NOP_Process
 *fill*         0x08009eb2        0x2 00
 .text.CTR_LP   0x08009eb4      0x178 project_build//C/mios32/trunk/drivers/STM32F10x/v3.3.0/STM32_USB-FS-Device_Driver/src/usb_int.o
                0x08009eb4                CTR_LP
 .text.UserToPMABufferCopy
                0x0800a02c       0x2c project_build//C/mios32/trunk/drivers/STM32F10x/v3.3.0/STM32_USB-FS-Device_Driver/src/usb_mem.o
                0x0800a02c                UserToPMABufferCopy
 .text.PMAToUserBufferCopy
                0x0800a058       0x20 project_build//C/mios32/trunk/drivers/STM32F10x/v3.3.0/STM32_USB-FS-Device_Driver/src/usb_mem.o
                0x0800a058                PMAToUserBufferCopy
 .text.SetBTABLE
                0x0800a078       0x14 project_build//C/mios32/trunk/drivers/STM32F10x/v3.3.0/STM32_USB-FS-Device_Driver/src/usb_regs.o
                0x0800a078                SetBTABLE
 .text.SetEPType
                0x0800a08c       0x1e project_build//C/mios32/trunk/drivers/STM32F10x/v3.3.0/STM32_USB-FS-Device_Driver/src/usb_regs.o
                0x0800a08c                SetEPType
 .text.GetEPType
                0x0800a0aa       0x12 project_build//C/mios32/trunk/drivers/STM32F10x/v3.3.0/STM32_USB-FS-Device_Driver/src/usb_regs.o
                0x0800a0aa                GetEPType
 .text.SetEPTxStatus
                0x0800a0bc       0x38 project_build//C/mios32/trunk/drivers/STM32F10x/v3.3.0/STM32_USB-FS-Device_Driver/src/usb_regs.o
                0x0800a0bc                SetEPTxStatus
 .text.SetEPTxValid
                0x0800a0f4       0x24 project_build//C/mios32/trunk/drivers/STM32F10x/v3.3.0/STM32_USB-FS-Device_Driver/src/usb_regs.o
                0x0800a0f4                SetEPTxValid
 .text.SetEPRxValid
                0x0800a118       0x24 project_build//C/mios32/trunk/drivers/STM32F10x/v3.3.0/STM32_USB-FS-Device_Driver/src/usb_regs.o
                0x0800a118                SetEPRxValid
 .text.Clear_Status_Out
                0x0800a13c       0x20 project_build//C/mios32/trunk/drivers/STM32F10x/v3.3.0/STM32_USB-FS-Device_Driver/src/usb_regs.o
                0x0800a13c                Clear_Status_Out
 .text.ClearDTOG_RX
                0x0800a15c       0x28 project_build//C/mios32/trunk/drivers/STM32F10x/v3.3.0/STM32_USB-FS-Device_Driver/src/usb_regs.o
                0x0800a15c                ClearDTOG_RX
 .text.ClearDTOG_TX
                0x0800a184       0x28 project_build//C/mios32/trunk/drivers/STM32F10x/v3.3.0/STM32_USB-FS-Device_Driver/src/usb_regs.o
                0x0800a184                ClearDTOG_TX
 .text.SetEPTxAddr
                0x0800a1ac       0x20 project_build//C/mios32/trunk/drivers/STM32F10x/v3.3.0/STM32_USB-FS-Device_Driver/src/usb_regs.o
                0x0800a1ac                SetEPTxAddr
 .text.SetEPRxAddr
                0x0800a1cc       0x20 project_build//C/mios32/trunk/drivers/STM32F10x/v3.3.0/STM32_USB-FS-Device_Driver/src/usb_regs.o
                0x0800a1cc                SetEPRxAddr
 .text.GetEPTxAddr
                0x0800a1ec       0x1c project_build//C/mios32/trunk/drivers/STM32F10x/v3.3.0/STM32_USB-FS-Device_Driver/src/usb_regs.o
                0x0800a1ec                GetEPTxAddr
 .text.GetEPRxAddr
                0x0800a208       0x1c project_build//C/mios32/trunk/drivers/STM32F10x/v3.3.0/STM32_USB-FS-Device_Driver/src/usb_regs.o
                0x0800a208                GetEPRxAddr
 .text.SetEPTxCount
                0x0800a224       0x1c project_build//C/mios32/trunk/drivers/STM32F10x/v3.3.0/STM32_USB-FS-Device_Driver/src/usb_regs.o
                0x0800a224                SetEPTxCount
 .text.SetEPRxCount
                0x0800a240       0x40 project_build//C/mios32/trunk/drivers/STM32F10x/v3.3.0/STM32_USB-FS-Device_Driver/src/usb_regs.o
                0x0800a240                SetEPRxCount
 .text.GetEPRxCount
                0x0800a280       0x20 project_build//C/mios32/trunk/drivers/STM32F10x/v3.3.0/STM32_USB-FS-Device_Driver/src/usb_regs.o
                0x0800a280                GetEPRxCount
 .text.ByteSwap
                0x0800a2a0        0xa project_build//C/mios32/trunk/drivers/STM32F10x/v3.3.0/STM32_USB-FS-Device_Driver/src/usb_regs.o
                0x0800a2a0                ByteSwap
 *fill*         0x0800a2aa        0x2 00
 .text.APP_LCD_Data
                0x0800a2ac       0x64 project_build//C/mios32/trunk/modules/app_lcd/clcd/app_lcd.o
                0x0800a2ac                APP_LCD_Data
 .text.APP_LCD_Cmd
                0x0800a310       0x64 project_build//C/mios32/trunk/modules/app_lcd/clcd/app_lcd.o
                0x0800a310                APP_LCD_Cmd
 .text.APP_LCD_Init
                0x0800a374       0xd0 project_build//C/mios32/trunk/modules/app_lcd/clcd/app_lcd.o
                0x0800a374                APP_LCD_Init
 .text.APP_LCD_Clear
                0x0800a444        0xa project_build//C/mios32/trunk/modules/app_lcd/clcd/app_lcd.o
                0x0800a444                APP_LCD_Clear
 *fill*         0x0800a44e        0x2 00
 .text.APP_LCD_CursorSet
                0x0800a450       0x24 project_build//C/mios32/trunk/modules/app_lcd/clcd/app_lcd.o
                0x0800a450                APP_LCD_CursorSet
 .text.APP_LCD_GCursorSet
                0x0800a474        0x6 project_build//C/mios32/trunk/modules/app_lcd/clcd/app_lcd.o
                0x0800a474                APP_LCD_GCursorSet
 .text.APP_LCD_BColourSet
                0x0800a47a        0x6 project_build//C/mios32/trunk/modules/app_lcd/clcd/app_lcd.o
                0x0800a47a                APP_LCD_BColourSet
 .text.APP_LCD_FColourSet
                0x0800a480        0x6 project_build//C/mios32/trunk/modules/app_lcd/clcd/app_lcd.o
                0x0800a480                APP_LCD_FColourSet
 .text.APP_LCD_BitmapPrint
                0x0800a486       0x10 project_build//C/mios32/trunk/modules/app_lcd/clcd/app_lcd.o
                0x0800a486                APP_LCD_BitmapPrint
 *fill*         0x0800a496        0x2 00
 .text.__libc_init_array
                0x0800a498       0x48 c:/mios32_toolchain/bin/../lib/gcc/arm-none-eabi/4.5.1/../../../../arm-none-eabi/lib/thumb/v7m\libg.a(lib_a-init.o)
                0x0800a498                __libc_init_array
 .text.memcpy   0x0800a4e0       0x16 c:/mios32_toolchain/bin/../lib/gcc/arm-none-eabi/4.5.1/../../../../arm-none-eabi/lib/thumb/v7m\libg.a(lib_a-memcpy.o)
                0x0800a4e0                memcpy
 .text.memset   0x0800a4f6       0x10 c:/mios32_toolchain/bin/../lib/gcc/arm-none-eabi/4.5.1/../../../../arm-none-eabi/lib/thumb/v7m\libg.a(lib_a-memset.o)
                0x0800a4f6                memset
 .text.strcpy   0x0800a506        0xe c:/mios32_toolchain/bin/../lib/gcc/arm-none-eabi/4.5.1/../../../../arm-none-eabi/lib/thumb/v7m\libg.a(lib_a-strcpy.o)
                0x0800a506                strcpy
 .text.strlen   0x0800a514       0x10 c:/mios32_toolchain/bin/../lib/gcc/arm-none-eabi/4.5.1/../../../../arm-none-eabi/lib/thumb/v7m\libg.a(lib_a-strlen.o)
                0x0800a514                strlen
 .text.strncpy  0x0800a524       0x28 c:/mios32_toolchain/bin/../lib/gcc/arm-none-eabi/4.5.1/../../../../arm-none-eabi/lib/thumb/v7m\libg.a(lib_a-strncpy.o)
                0x0800a524                strncpy
 *(.plt)
 *(.gnu.warning)
 *(.glue_7t)
 .glue_7t       0x00000000        0x0 linker stubs
 *(.glue_7)
 .glue_7        0x00000000        0x0 linker stubs
 *(.vfp11_veneer)
 .vfp11_veneer  0x00000000        0x0 linker stubs
 *(.ARM.extab* .gnu.linkonce.armextab.*)
 *(.gcc_except_table)

.v4_bx          0x20000000        0x0
 .v4_bx         0x00000000        0x0 linker stubs

.eh_frame_hdr
 *(.eh_frame_hdr)

.eh_frame
 *(.eh_frame)
                0x20000000                __exidx_start = .

.ARM.exidx
 *(.ARM.exidx* .gnu.linkonce.armexidx.*)
                0x20000000                __exidx_end = .

.rodata         0x0800a54c      0xc64
 *(.rodata .rodata.* .gnu.linkonce.r.*)
 .rodata.note_table
                0x0800a54c      0x300 project_build/app.o
                0x0800a54c                note_table
 .rodata.velocity_table
                0x0800a84c      0x200 project_build/app.o
                0x0800a84c                velocity_table
 .rodata.str1.1
                0x0800aa4c      0x1da project_build/app.o
 *fill*         0x0800ac26        0x2 00
 .rodata.channel_table
                0x0800ac28       0x40 project_build/app.o
                0x0800ac28                channel_table
 .rodata.str1.1
                0x0800ac68      0x130 project_build//C/mios32/trunk/programming_models/traditional/main.o
 .rodata.str1.1
                0x0800ad98        0x5 project_build//C/mios32/trunk/FreeRTOS/Source/tasks.o
 .rodata.str1.1
                0x0800ad9d      0x121 project_build//C/mios32/trunk/FreeRTOS/Source/portable/MemMang/umm_malloc.o
 *fill*         0x0800aebe        0x2 00
 .rodata.C.7.7796
                0x0800aec0        0x4 project_build//C/mios32/trunk/mios32/common/mios32_lcd.o
 .rodata.str1.1
                0x0800aec4       0x22 project_build//C/mios32/trunk/mios32/common/mios32_lcd.o
 *fill*         0x0800aee6        0x2 00
 .rodata.mios32_midi_expected_bytes_system
                0x0800aee8       0x10 project_build//C/mios32/trunk/mios32/common/mios32_midi.o
                0x0800aee8                mios32_midi_expected_bytes_system
 .rodata.mios32_midi_pcktype_num_bytes
                0x0800aef8       0x10 project_build//C/mios32/trunk/mios32/common/mios32_midi.o
                0x0800aef8                mios32_midi_pcktype_num_bytes
 .rodata.str1.1
                0x0800af08      0x112 project_build//C/mios32/trunk/mios32/common/mios32_midi.o
                                0x134 (size before relaxing)
 *fill*         0x0800b01a        0x2 00
 .rodata.mios32_midi_expected_bytes_common
                0x0800b01c        0x8 project_build//C/mios32/trunk/mios32/common/mios32_midi.o
                0x0800b01c                mios32_midi_expected_bytes_common
 .rodata.mios32_midi_sysex_header
                0x0800b024        0x8 project_build//C/mios32/trunk/mios32/common/mios32_midi.o
                0x0800b024                mios32_midi_sysex_header
 .rodata.CSWTCH.16
                0x0800b02c        0xc project_build//C/mios32/trunk/mios32/common/mios32_uart_midi.o
 .rodata.str1.1
                0x0800b038       0x11 project_build//C/mios32/trunk/mios32/STM32F10x/mios32_sys.o
 *fill*         0x0800b049        0x3 00
 .rodata.j5_pin
                0x0800b04c       0x60 project_build//C/mios32/trunk/mios32/STM32F10x/mios32_board.o
 .rodata.adc_chn_map
                0x0800b0ac       0x10 project_build//C/mios32/trunk/mios32/STM32F10x/mios32_ain.o
 .rodata.My_User_Standard_Requests
                0x0800b0bc       0x24 project_build//C/mios32/trunk/mios32/STM32F10x/mios32_usb.o
 .rodata.MIOS32_USB_DeviceDescriptor
                0x0800b0e0       0x14 project_build//C/mios32/trunk/mios32/STM32F10x/mios32_usb.o
 .rodata.My_Device_Property
                0x0800b0f4       0x30 project_build//C/mios32/trunk/mios32/STM32F10x/mios32_usb.o
 .rodata.str1.1
                0x0800b124        0xc project_build//C/mios32/trunk/mios32/STM32F10x/mios32_usb.o
                                 0x13 (size before relaxing)
 .rodata.C.9.8393
                0x0800b130        0x8 project_build//C/mios32/trunk/mios32/STM32F10x/mios32_usb.o
 .rodata.C.8.8390
                0x0800b138        0x8 project_build//C/mios32/trunk/mios32/STM32F10x/mios32_usb.o
 .rodata.MIOS32_USB_ConfigDescriptor
                0x0800b140       0x68 project_build//C/mios32/trunk/mios32/STM32F10x/mios32_usb.o
 .rodata.str1.1
                0x0800b1a8        0x7 project_build//C/mios32/trunk/mios32/common/printf-stdarg.o
                0x0800b1b0                . = ALIGN (0x4)
 *fill*         0x0800b1af        0x1 00
 *(.init)
                0x0800b1b0                . = ALIGN (0x4)
                0x0800b1b0                __preinit_array_start = .
 *(.preinit_array)
                0x0800b1b0                __preinit_array_end = .
                0x0800b1b0                . = ALIGN (0x4)
                0x0800b1b0                __init_array_start = .
 *(SORT(.init_array.*))
 *(.init_array)
                0x0800b1b0                __init_array_end = .
                0x0800b1b0                . = ALIGN (0x4)
 *(.fini)
                0x0800b1b0                . = ALIGN (0x4)
                0x0800b1b0                __fini_array_start = .
 *(.fini_array)
 *(SORT(.fini_array.*))
                0x0800b1b0                __fini_array_end = .
                0x0800b1b0                . = ALIGN (0x4)
 *crtbegin.o(.ctors)
 *(EXCLUDE_FILE(*crtend.o) .ctors)
 *(SORT(.ctors.*))
 *crtend.o(.ctors)
                0x0800b1b0                . = ALIGN (0x4)
 *crtbegin.o(.dtors)
 *(EXCLUDE_FILE(*crtend.o) .dtors)
 *(SORT(.dtors.*))
 *crtend.o(.dtors)
 *(.init .init.*)
 *(.fini .fini.*)
                0x0800b1b0                PROVIDE (__preinit_array_start, .)
 *(.preinit_array)
                0x0800b1b0                PROVIDE (__preinit_array_end, .)
                0x0800b1b0                PROVIDE (__init_array_start, .)
 *(SORT(.init_array.*))
 *(.init_array)
                0x0800b1b0                PROVIDE (__init_array_end, .)
                0x0800b1b0                PROVIDE (__fini_array_start, .)
 *(.fini_array)
 *(SORT(.fini_array.*))
                0x0800b1b0                PROVIDE (__fini_array_end, .)
                0x0800b1b0                . = ALIGN (0x8)
 *(.rom)
 *(.rom.b)
                0x0800b1b0                _etext = .
                0x0800b1b0                _sidata = _etext

.data           0x20000000       0x58 load address 0x0800b1b0
                0x20000000                _sdata = .
                0x20000000                . = ALIGN (0x80)
                0x00000000                _isr_vectorsram_offs = (. - 0x20000000)
 *(.isr_vectorsram)
                0x20000000                . = ALIGN (0x4)
 *(.jcr)
 *(.got.plt)
 *(.got)
 *(.shdata)
 *(.data .data.* .gnu.linkonce.d.*)
 .data.uxCriticalNesting
                0x20000000        0x4 project_build//C/mios32/trunk/FreeRTOS/Source/portable/GCC/ARM_CM3/port.o
 .data.default_port
                0x20000004        0x1 project_build//C/mios32/trunk/mios32/common/mios32_midi.o
 .data.debug_port
                0x20000005        0x1 project_build//C/mios32/trunk/mios32/common/mios32_midi.o
 .data.debug_req.6342
                0x20000006        0x1 project_build//C/mios32/trunk/mios32/common/mios32_midi.o
 .data.default_port
                0x20000007        0x1 project_build//C/mios32/trunk/mios32/common/mios32_com.o
 .data.debug_port
                0x20000008        0x1 project_build//C/mios32/trunk/mios32/common/mios32_com.o
 *fill*         0x20000009        0x3 00
 .data.pEpInt_IN
                0x2000000c       0x1c project_build//C/mios32/trunk/mios32/STM32F10x/mios32_usb.o
                0x2000000c                pEpInt_IN
 .data.pEpInt_OUT
                0x20000028       0x1c project_build//C/mios32/trunk/mios32/STM32F10x/mios32_usb.o
                0x20000028                pEpInt_OUT
 .data.ADCPrescTable
                0x20000044        0x4 project_build//C/mios32/trunk/drivers/STM32F10x/v3.3.0/STM32F10x_StdPeriph_Driver/src/stm32f10x_rcc.o
 .data.APBAHBPrescTable
                0x20000048       0x10 project_build//C/mios32/trunk/drivers/STM32F10x/v3.3.0/STM32F10x_StdPeriph_Driver/src/stm32f10x_rcc.o
                0x20000058                . = ALIGN (0x8)
 *(.ram)
 *(.ramfunc*)
                0x20000058                . = ALIGN (0x4)
                0x20000058                _edata = .

.bss            0x20000058     0x3758 load address 0x0800b208
                0x20000058                . = ALIGN (0x4)
                0x20000058                _sbss = .
 *(.shbss)
 *(.bss .bss.* .gnu.linkonce.b.*)
 .bss.keyboard_delay_fastest
                0x20000058        0x4 project_build/app.o
 .bss.din_value
                0x2000005c       0x44 project_build/app.o
 .bss.channel   0x200000a0        0x4 project_build/app.o
                0x200000a0                channel
 .bss.keyboard_delay_slowest
                0x200000a4        0x4 project_build/app.o
 .bss.last_timestamp
                0x200000a8      0x600 project_build/app.o
 .bss.uxMissedTicks
                0x200006a8        0x4 project_build//C/mios32/trunk/FreeRTOS/Source/tasks.o
 .bss.xNumOfOverflows
                0x200006ac        0x4 project_build//C/mios32/trunk/FreeRTOS/Source/tasks.o
 .bss.pxDelayedTaskList
                0x200006b0        0x4 project_build//C/mios32/trunk/FreeRTOS/Source/tasks.o
 .bss.xSchedulerRunning
                0x200006b4        0x4 project_build//C/mios32/trunk/FreeRTOS/Source/tasks.o
 .bss.uxTasksDeleted
                0x200006b8        0x4 project_build//C/mios32/trunk/FreeRTOS/Source/tasks.o
 .bss.xTasksWaitingTermination
                0x200006bc       0x14 project_build//C/mios32/trunk/FreeRTOS/Source/tasks.o
 .bss.xSuspendedTaskList
                0x200006d0       0x14 project_build//C/mios32/trunk/FreeRTOS/Source/tasks.o
 .bss.pxReadyTasksLists
                0x200006e4       0x64 project_build//C/mios32/trunk/FreeRTOS/Source/tasks.o
 .bss.uxSchedulerSuspended
                0x20000748        0x4 project_build//C/mios32/trunk/FreeRTOS/Source/tasks.o
 .bss.pxCurrentTCB
                0x2000074c        0x4 project_build//C/mios32/trunk/FreeRTOS/Source/tasks.o
                0x2000074c                pxCurrentTCB
 .bss.xPendingReadyList
                0x20000750       0x14 project_build//C/mios32/trunk/FreeRTOS/Source/tasks.o
 .bss.xTickCount
                0x20000764        0x4 project_build//C/mios32/trunk/FreeRTOS/Source/tasks.o
 .bss.pxOverflowDelayedTaskList
                0x20000768        0x4 project_build//C/mios32/trunk/FreeRTOS/Source/tasks.o
 .bss.uxTopReadyPriority
                0x2000076c        0x4 project_build//C/mios32/trunk/FreeRTOS/Source/tasks.o
 .bss.uxTaskNumber
                0x20000770        0x4 project_build//C/mios32/trunk/FreeRTOS/Source/tasks.o
 .bss.xDelayedTaskList1
                0x20000774       0x14 project_build//C/mios32/trunk/FreeRTOS/Source/tasks.o
 .bss.xDelayedTaskList2
                0x20000788       0x14 project_build//C/mios32/trunk/FreeRTOS/Source/tasks.o
 .bss.xMissedYield
                0x2000079c        0x4 project_build//C/mios32/trunk/FreeRTOS/Source/tasks.o
 .bss.uxCurrentNumberOfTasks
                0x200007a0        0x4 project_build//C/mios32/trunk/FreeRTOS/Source/tasks.o
 .bss.uxTopUsedPriority
                0x200007a4        0x4 project_build//C/mios32/trunk/FreeRTOS/Source/tasks.o
 .bss.srio_scan_finished_hook
                0x200007a8        0x4 project_build//C/mios32/trunk/mios32/common/mios32_srio.o
 .bss.debounce_time
                0x200007ac        0x1 project_build//C/mios32/trunk/mios32/common/mios32_srio.o
 .bss.srio_values_transfered
                0x200007ad        0x1 project_build//C/mios32/trunk/mios32/common/mios32_srio.o
 .bss.debounce_ctr
                0x200007ae        0x1 project_build//C/mios32/trunk/mios32/common/mios32_srio.o
 .bss.mios32_lcd_device
                0x200007af        0x1 project_build//C/mios32/trunk/mios32/common/mios32_lcd.o
                0x200007af                mios32_lcd_device
 .bss.direct_tx_callback_func
                0x200007b0        0x4 project_build//C/mios32/trunk/mios32/common/mios32_midi.o
 .bss.sysex_cmd
                0x200007b4        0x1 project_build//C/mios32/trunk/mios32/common/mios32_midi.o
 *fill*         0x200007b5        0x3 00
 .bss.direct_rx_callback_func
                0x200007b8        0x4 project_build//C/mios32/trunk/mios32/common/mios32_midi.o
 .bss.last_sysex_port
                0x200007bc        0x1 project_build//C/mios32/trunk/mios32/common/mios32_midi.o
 .bss.sysex_device_id
                0x200007bd        0x1 project_build//C/mios32/trunk/mios32/common/mios32_midi.o
 .bss.sysex_timeout_ctr
                0x200007be        0x2 project_build//C/mios32/trunk/mios32/common/mios32_midi.o
 .bss.query_req.6319
                0x200007c0        0x1 project_build//C/mios32/trunk/mios32/common/mios32_midi.o
 *fill*         0x200007c1        0x3 00
 .bss.sysex_state
                0x200007c4        0x8 project_build//C/mios32/trunk/mios32/common/mios32_midi.o
 .bss.debug_command_callback_func
                0x200007cc        0x4 project_build//C/mios32/trunk/mios32/common/mios32_midi.o
 .bss.sysex_timeout_ctr_flags
                0x200007d0        0x4 project_build//C/mios32/trunk/mios32/common/mios32_midi.o
 .bss.sysex_callback_func
                0x200007d4        0x4 project_build//C/mios32/trunk/mios32/common/mios32_midi.o
 .bss.timeout_callback_func
                0x200007d8        0x4 project_build//C/mios32/trunk/mios32/common/mios32_midi.o
 .bss.receive_callback_func
                0x200007dc        0x4 project_build//C/mios32/trunk/mios32/common/mios32_com.o
 .bss.rs_last   0x200007e0        0x4 project_build//C/mios32/trunk/mios32/common/mios32_uart_midi.o
 .bss.midi_rec  0x200007e4       0x18 project_build//C/mios32/trunk/mios32/common/mios32_uart_midi.o
 .bss.rs_optimisation
                0x200007fc        0x1 project_build//C/mios32/trunk/mios32/common/mios32_uart_midi.o
 *fill*         0x200007fd        0x3 00
 .bss.rs_expire_ctr
                0x20000800        0x4 project_build//C/mios32/trunk/mios32/common/mios32_uart_midi.o
 .bss.prev_primask
                0x20000804        0x4 project_build//C/mios32/trunk/mios32/STM32F10x/mios32_irq.o
 .bss.nested_ctr
                0x20000808        0x4 project_build//C/mios32/trunk/mios32/STM32F10x/mios32_irq.o
 .bss.spi_callback
                0x2000080c        0xc project_build//C/mios32/trunk/mios32/STM32F10x/mios32_spi.o
 .bss.sw_spi2_mode
                0x20000818        0x1 project_build//C/mios32/trunk/mios32/STM32F10x/mios32_spi.o
 *fill*         0x20000819        0x1 00
 .bss.j5_enable_mask
                0x2000081a        0x2 project_build//C/mios32/trunk/mios32/STM32F10x/mios32_board.o
 .bss.timer_callback
                0x2000081c        0xc project_build//C/mios32/trunk/mios32/STM32F10x/mios32_timer.o
 .bss.ain_pin_values
                0x20000828       0x20 project_build//C/mios32/trunk/mios32/STM32F10x/mios32_ain.o
 .bss.oversampling_ctr
                0x20000848        0x1 project_build//C/mios32/trunk/mios32/STM32F10x/mios32_ain.o
 *fill*         0x20000849        0x3 00
 .bss.adc_conversion_values
                0x2000084c       0x20 project_build//C/mios32/trunk/mios32/STM32F10x/mios32_ain.o
 .bss.mux_ctr   0x2000086c        0x1 project_build//C/mios32/trunk/mios32/STM32F10x/mios32_ain.o
 *fill*         0x2000086d        0x3 00
 .bss.ain_pin_idle_ctr
                0x20000870       0x20 project_build//C/mios32/trunk/mios32/STM32F10x/mios32_ain.o
 .bss.num_channels
                0x20000890        0x1 project_build//C/mios32/trunk/mios32/STM32F10x/mios32_ain.o
 *fill*         0x20000891        0x3 00
 .bss.service_prepare_callback
                0x20000894        0x4 project_build//C/mios32/trunk/mios32/STM32F10x/mios32_ain.o
 .bss.num_used_channels
                0x20000898        0x1 project_build//C/mios32/trunk/mios32/STM32F10x/mios32_ain.o
 *fill*         0x20000899        0x3 00
 .bss.ain_pin_changed
                0x2000089c        0x4 project_build//C/mios32/trunk/mios32/STM32F10x/mios32_ain.o
 .bss.bDeviceState
                0x200008a0        0x4 project_build//C/mios32/trunk/mios32/STM32F10x/mios32_usb.o
 .bss.My_Device_Info
                0x200008a4       0x1c project_build//C/mios32/trunk/mios32/STM32F10x/mios32_usb.o
 .bss.rx_buffer_size
                0x200008c0        0x2 project_build//C/mios32/trunk/mios32/STM32F10x/mios32_usb_midi.o
 .bss.rx_buffer_tail
                0x200008c2        0x2 project_build//C/mios32/trunk/mios32/STM32F10x/mios32_usb_midi.o
 .bss.tx_buffer
                0x200008c4      0x100 project_build//C/mios32/trunk/mios32/STM32F10x/mios32_usb_midi.o
 .bss.tx_buffer_busy
                0x200009c4        0x1 project_build//C/mios32/trunk/mios32/STM32F10x/mios32_usb_midi.o
 *fill*         0x200009c5        0x3 00
 .bss.rx_buffer
                0x200009c8      0x100 project_build//C/mios32/trunk/mios32/STM32F10x/mios32_usb_midi.o
 .bss.rx_buffer_new_data
                0x20000ac8        0x1 project_build//C/mios32/trunk/mios32/STM32F10x/mios32_usb_midi.o
 *fill*         0x20000ac9        0x1 00
 .bss.rx_buffer_head
                0x20000aca        0x2 project_build//C/mios32/trunk/mios32/STM32F10x/mios32_usb_midi.o
 .bss.tx_buffer_size
                0x20000acc        0x2 project_build//C/mios32/trunk/mios32/STM32F10x/mios32_usb_midi.o
 .bss.tx_buffer_tail
                0x20000ace        0x2 project_build//C/mios32/trunk/mios32/STM32F10x/mios32_usb_midi.o
 .bss.timeout_ctr.6139
                0x20000ad0        0x2 project_build//C/mios32/trunk/mios32/STM32F10x/mios32_usb_midi.o
 .bss.transfer_possible
                0x20000ad2        0x1 project_build//C/mios32/trunk/mios32/STM32F10x/mios32_usb_midi.o
 *fill*         0x20000ad3        0x1 00
 .bss.tx_buffer_head
                0x20000ad4        0x2 project_build//C/mios32/trunk/mios32/STM32F10x/mios32_usb_midi.o
 *fill*         0x20000ad6        0x2 00
 .bss.tx_buffer_tail
                0x20000ad8        0x4 project_build//C/mios32/trunk/mios32/STM32F10x/mios32_uart.o
 .bss.rx_buffer_size
                0x20000adc        0x4 project_build//C/mios32/trunk/mios32/STM32F10x/mios32_uart.o
 .bss.rx_buffer_tail
                0x20000ae0        0x4 project_build//C/mios32/trunk/mios32/STM32F10x/mios32_uart.o
 .bss.tx_buffer
                0x20000ae4       0x80 project_build//C/mios32/trunk/mios32/STM32F10x/mios32_uart.o
 .bss.rx_buffer
                0x20000b64       0x80 project_build//C/mios32/trunk/mios32/STM32F10x/mios32_uart.o
 .bss.rx_buffer_head
                0x20000be4        0x4 project_build//C/mios32/trunk/mios32/STM32F10x/mios32_uart.o
 .bss.tx_buffer_size
                0x20000be8        0x4 project_build//C/mios32/trunk/mios32/STM32F10x/mios32_uart.o
 .bss.uart_baudrate
                0x20000bec        0x8 project_build//C/mios32/trunk/mios32/STM32F10x/mios32_uart.o
 .bss.tx_buffer_head
                0x20000bf4        0x4 project_build//C/mios32/trunk/mios32/STM32F10x/mios32_uart.o