Archive member included because of file (symbol)

c:/mios32_toolchain/bin/../lib/gcc/arm-none-eabi/4.5.1/thumb/v7m\libgcc.a(_arm_muldivdf3.o)
                              project_build//C/mios32/trunk/mios32/common/mios32_osc.o (__aeabi_dmul)
c:/mios32_toolchain/bin/../lib/gcc/arm-none-eabi/4.5.1/thumb/v7m\libgcc.a(_arm_fixdfsi.o)
                              project_build//C/mios32/trunk/mios32/common/mios32_osc.o (__aeabi_d2iz)
c:/mios32_toolchain/bin/../lib/gcc/arm-none-eabi/4.5.1/thumb/v7m\libgcc.a(_arm_muldivsf3.o)
                              project_build//C/mios32/trunk/mios32/common/mios32_osc.o (__aeabi_fmul)
c:/mios32_toolchain/bin/../lib/gcc/arm-none-eabi/4.5.1/thumb/v7m\libgcc.a(_arm_fixsfsi.o)
                              project_build//C/mios32/trunk/mios32/common/mios32_osc.o (__aeabi_f2iz)
c:/mios32_toolchain/bin/../lib/gcc/arm-none-eabi/4.5.1/../../../../arm-none-eabi/lib/thumb/v7m\libg.a(lib_a-init.o)
                              project_build//C/mios32/trunk/programming_models/traditional/main.o (__libc_init_array)
c:/mios32_toolchain/bin/../lib/gcc/arm-none-eabi/4.5.1/../../../../arm-none-eabi/lib/thumb/v7m\libg.a(lib_a-memcpy.o)
                              project_build//C/mios32/trunk/FreeRTOS/Source/queue.o (memcpy)
c:/mios32_toolchain/bin/../lib/gcc/arm-none-eabi/4.5.1/../../../../arm-none-eabi/lib/thumb/v7m\libg.a(lib_a-memmove.o)
                              project_build//C/mios32/trunk/FreeRTOS/Source/portable/MemMang/umm_malloc.o (memmove)
c:/mios32_toolchain/bin/../lib/gcc/arm-none-eabi/4.5.1/../../../../arm-none-eabi/lib/thumb/v7m\libg.a(lib_a-memset.o)
                              project_build//C/mios32/trunk/FreeRTOS/Source/tasks.o (memset)
c:/mios32_toolchain/bin/../lib/gcc/arm-none-eabi/4.5.1/../../../../arm-none-eabi/lib/thumb/v7m\libg.a(lib_a-stpcpy.o)
                              project_build//C/mios32/trunk/mios32/common/mios32_osc.o (stpcpy)
c:/mios32_toolchain/bin/../lib/gcc/arm-none-eabi/4.5.1/../../../../arm-none-eabi/lib/thumb/v7m\libg.a(lib_a-strcpy.o)
                              project_build//C/mios32/trunk/mios32/common/mios32_midi.o (strcpy)
c:/mios32_toolchain/bin/../lib/gcc/arm-none-eabi/4.5.1/../../../../arm-none-eabi/lib/thumb/v7m\libg.a(lib_a-strlen.o)
                              project_build//C/mios32/trunk/mios32/common/mios32_midi.o (strlen)
c:/mios32_toolchain/bin/../lib/gcc/arm-none-eabi/4.5.1/../../../../arm-none-eabi/lib/thumb/v7m\libg.a(lib_a-strncmp.o)
                              project_build//C/mios32/trunk/mios32/common/mios32_osc.o (strncmp)
c:/mios32_toolchain/bin/../lib/gcc/arm-none-eabi/4.5.1/../../../../arm-none-eabi/lib/thumb/v7m\libg.a(lib_a-strncpy.o)
                              project_build//C/mios32/trunk/FreeRTOS/Source/tasks.o (strncpy)

Allocating common symbols
Common symbol       size              file

SaveRState          0x2               project_build//C/mios32/trunk/drivers/STM32F10x/v3.3.0/STM32_USB-FS-Device_Driver/src/usb_int.o
heapInfo            0xc               project_build//C/mios32/trunk/FreeRTOS/Source/portable/MemMang/umm_malloc.o
font_bitmap         0xc               project_build//C/mios32/trunk/mios32/common/mios32_lcd.o
mios32_srio_din_changed
                    0x10              project_build//C/mios32/trunk/mios32/common/mios32_srio.o
pProperty           0x4               project_build//C/mios32/trunk/mios32/STM32F10x/mios32_usb.o
xQueueRegistry      0x50              project_build//C/mios32/trunk/FreeRTOS/Source/queue.o
mios32_lcd_y        0x2               project_build//C/mios32/trunk/mios32/common/mios32_lcd.o
mios32_srio_dout    0x10              project_build//C/mios32/trunk/mios32/common/mios32_srio.o
SaveTState          0x2               project_build//C/mios32/trunk/drivers/STM32F10x/v3.3.0/STM32_USB-FS-Device_Driver/src/usb_int.o
pUser_Standard_Requests
                    0x4               project_build//C/mios32/trunk/mios32/STM32F10x/mios32_usb.o
mios32_lcd_column   0x2               project_build//C/mios32/trunk/mios32/common/mios32_lcd.o
MIOS32_IIC_unexpected_event
                    0x4               project_build//C/mios32/trunk/mios32/STM32F10x/mios32_iic.o
enc_config          0x100             project_build//C/mios32/trunk/mios32/common/mios32_enc.o
StatusInfo          0x2               project_build//C/mios32/trunk/drivers/STM32F10x/v3.3.0/STM32_USB-FS-Device_Driver/src/usb_core.o
pInformation        0x4               project_build//C/mios32/trunk/mios32/STM32F10x/mios32_usb.o
enc_state           0x200             project_build//C/mios32/trunk/mios32/common/mios32_enc.o
mios32_lcd_cursor_map
                    0x4               project_build//C/mios32/trunk/mios32/common/mios32_lcd.o
mios32_lcd_line     0x2               project_build//C/mios32/trunk/mios32/common/mios32_lcd.o
mios32_srio_din_buffer
                    0x10              project_build//C/mios32/trunk/mios32/common/mios32_srio.o
[...]
Memory Configuration

Name             Origin             Length             Attributes
RAM              0x20000000         0x00010000         xrw
FLASH            0x08000000         0x00080000         xr
FLASHB1          0x00000000         0x00000000         xr
EXTMEMB0         0x00000000         0x00000000         xr
EXTMEMB1         0x00000000         0x00000000         xr
EXTMEMB2         0x00000000         0x00000000         xr
EXTMEMB3         0x00000000         0x00000000         xr
*default*        0x00000000         0xffffffff

Linker script and memory map

LOAD project_build/app.o
LOAD project_build//C/mios32/trunk/programming_models/traditional/main.o
LOAD project_build//C/mios32/trunk/FreeRTOS/Source/tasks.o
LOAD project_build//C/mios32/trunk/FreeRTOS/Source/list.o
LOAD project_build//C/mios32/trunk/FreeRTOS/Source/queue.o
LOAD project_build//C/mios32/trunk/FreeRTOS/Source/portable/GCC/ARM_CM3/port.o
LOAD project_build//C/mios32/trunk/FreeRTOS/Source/portable/MemMang/umm_malloc.o
LOAD project_build//C/mios32/trunk/programming_models/traditional/startup_stm32f10x_hd.o
LOAD project_build//C/mios32/trunk/mios32/common/mios32_srio.o
LOAD project_build//C/mios32/trunk/mios32/common/mios32_din.o
LOAD project_build//C/mios32/trunk/mios32/common/mios32_dout.o
LOAD project_build//C/mios32/trunk/mios32/common/mios32_enc.o
LOAD project_build//C/mios32/trunk/mios32/common/mios32_lcd.o
LOAD project_build//C/mios32/trunk/mios32/common/mios32_midi.o
LOAD project_build//C/mios32/trunk/mios32/common/mios32_osc.o
LOAD project_build//C/mios32/trunk/mios32/common/mios32_com.o
LOAD project_build//C/mios32/trunk/mios32/common/mios32_uart_midi.o
LOAD project_build//C/mios32/trunk/mios32/common/mios32_iic_midi.o
LOAD project_build//C/mios32/trunk/mios32/common/mios32_iic_bs.o
LOAD project_build//C/mios32/trunk/mios32/common/mios32_mf.o
LOAD project_build//C/mios32/trunk/mios32/common/mios32_sdcard.o
LOAD project_build//C/mios32/trunk/mios32/common/mios32_enc28j60.o
LOAD project_build//C/mios32/trunk/mios32/STM32F10x/mios32_bsl.o
LOAD project_build//C/mios32/trunk/mios32/STM32F10x/mios32_sys.o
LOAD project_build//C/mios32/trunk/mios32/STM32F10x/mios32_irq.o
LOAD project_build//C/mios32/trunk/mios32/STM32F10x/mios32_spi.o
LOAD project_build//C/mios32/trunk/mios32/STM32F10x/mios32_i2s.o
LOAD project_build//C/mios32/trunk/mios32/STM32F10x/mios32_board.o
LOAD project_build//C/mios32/trunk/mios32/STM32F10x/mios32_timer.o
LOAD project_build//C/mios32/trunk/mios32/STM32F10x/mios32_stopwatch.o
LOAD project_build//C/mios32/trunk/mios32/STM32F10x/mios32_delay.o
LOAD project_build//C/mios32/trunk/mios32/STM32F10x/mios32_ain.o
LOAD project_build//C/mios32/trunk/mios32/STM32F10x/mios32_usb.o
LOAD project_build//C/mios32/trunk/mios32/STM32F10x/mios32_usb_midi.o
LOAD project_build//C/mios32/trunk/mios32/STM32F10x/mios32_usb_com.o
LOAD project_build//C/mios32/trunk/mios32/STM32F10x/mios32_uart.o
LOAD project_build//C/mios32/trunk/mios32/STM32F10x/mios32_iic.o
LOAD project_build//C/mios32/trunk/mios32/common/printf-stdarg.o
LOAD project_build//C/mios32/trunk/drivers/STM32F10x/v3.3.0/STM32F10x_StdPeriph_Driver/src/stm32f10x_gpio.o
LOAD project_build//C/mios32/trunk/drivers/STM32F10x/v3.3.0/STM32F10x_StdPeriph_Driver/src/stm32f10x_flash.o
LOAD project_build//C/mios32/trunk/drivers/STM32F10x/v3.3.0/STM32F10x_StdPeriph_Driver/src/stm32f10x_adc.o
LOAD project_build//C/mios32/trunk/drivers/STM32F10x/v3.3.0/STM32F10x_StdPeriph_Driver/src/stm32f10x_dac.o
LOAD project_build//C/mios32/trunk/drivers/STM32F10x/v3.3.0/STM32F10x_StdPeriph_Driver/src/stm32f10x_spi.o
LOAD project_build//C/mios32/trunk/drivers/STM32F10x/v3.3.0/STM32F10x_StdPeriph_Driver/src/stm32f10x_usart.o
LOAD project_build//C/mios32/trunk/drivers/STM32F10x/v3.3.0/STM32F10x_StdPeriph_Driver/src/stm32f10x_i2c.o
LOAD project_build//C/mios32/trunk/drivers/STM32F10x/v3.3.0/STM32F10x_StdPeriph_Driver/src/stm32f10x_dma.o
LOAD project_build//C/mios32/trunk/drivers/STM32F10x/v3.3.0/STM32F10x_StdPeriph_Driver/src/stm32f10x_tim.o
LOAD project_build//C/mios32/trunk/drivers/STM32F10x/v3.3.0/STM32F10x_StdPeriph_Driver/src/stm32f10x_rcc.o
LOAD project_build//C/mios32/trunk/drivers/STM32F10x/v3.3.0/STM32F10x_StdPeriph_Driver/src/stm32f10x_rtc.o
LOAD project_build//C/mios32/trunk/drivers/STM32F10x/v3.3.0/STM32F10x_StdPeriph_Driver/src/stm32f10x_bkp.o
LOAD project_build//C/mios32/trunk/drivers/STM32F10x/v3.3.0/STM32F10x_StdPeriph_Driver/src/stm32f10x_pwr.o
LOAD project_build//C/mios32/trunk/drivers/STM32F10x/v3.3.0/STM32F10x_StdPeriph_Driver/src/stm32f10x_exti.o
LOAD project_build//C/mios32/trunk/drivers/STM32F10x/v3.3.0/STM32F10x_StdPeriph_Driver/src/misc.o
LOAD project_build//C/mios32/trunk/drivers/STM32F10x/v3.3.0/CMSIS/CM3/CoreSupport/core_cm3.o
LOAD project_build//C/mios32/trunk/drivers/STM32F10x/v3.3.0/STM32_USB-FS-Device_Driver/src/usb_core.o
LOAD project_build//C/mios32/trunk/drivers/STM32F10x/v3.3.0/STM32_USB-FS-Device_Driver/src/usb_int.o
LOAD project_build//C/mios32/trunk/drivers/STM32F10x/v3.3.0/STM32_USB-FS-Device_Driver/src/usb_mem.o
LOAD project_build//C/mios32/trunk/drivers/STM32F10x/v3.3.0/STM32_USB-FS-Device_Driver/src/usb_regs.o
LOAD project_build//C/mios32/trunk/drivers/STM32F10x/v3.3.0/STM32_USB-FS-Device_Driver/src/otgd_fs_cal.o
LOAD project_build//C/mios32/trunk/drivers/STM32F10x/v3.3.0/STM32_USB-FS-Device_Driver/src/otgd_fs_dev.o
LOAD project_build//C/mios32/trunk/drivers/STM32F10x/v3.3.0/STM32_USB-FS-Device_Driver/src/otgd_fs_int.o
LOAD project_build//C/mios32/trunk/drivers/STM32F10x/v3.3.0/STM32_USB-FS-Device_Driver/src/otgd_fs_pcd.o
LOAD project_build//C/mios32/trunk/modules/app_lcd/clcd/app_lcd.o
LOAD project_build//C/mios32/trunk/programming_models/traditional/mini_cpp.o
LOAD project_build//C/mios32/trunk/programming_models/traditional/freertos_heap.o
LOAD c:/mios32_toolchain/bin/../lib/gcc/arm-none-eabi/4.5.1/../../../../arm-none-eabi/lib/thumb/v7m\libstdc++.a
START GROUP
LOAD c:/mios32_toolchain/bin/../lib/gcc/arm-none-eabi/4.5.1/thumb/v7m\libgcc.a
LOAD c:/mios32_toolchain/bin/../lib/gcc/arm-none-eabi/4.5.1/../../../../arm-none-eabi/lib/thumb/v7m\libg.a
LOAD c:/mios32_toolchain/bin/../lib/gcc/arm-none-eabi/4.5.1/../../../../arm-none-eabi/lib/thumb/v7m\libc.a
END GROUP
                0x20010000                _estack = 0x20010000
                0x00000080                __Stack_Size = 0x80
                0x00000080                PROVIDE (_Stack_Size, __Stack_Size)
                0x2000ff80                __Stack_Init = (_estack - __Stack_Size)
                0x2000ff80                PROVIDE (_Stack_Init, __Stack_Init)
                0x00000100                _Minimum_Stack_Size = 0x100
                0x42000000                PERIPH_BB_BASE = 0x42000000
                0x22000000                SRAM_BB_BASE = 0x22000000
                0x20000000                SRAM_BASE = 0x20000000
                0x40000000                PERIPH_BASE = 0x40000000
                0x40022000                PROVIDE (FLASH_BASE, 0x40022000)
                0x1ffff800                PROVIDE (OB_BASE, 0x1ffff800)
                0x40000000                APB1PERIPH_BASE = PERIPH_BASE
                0x40010000                APB2PERIPH_BASE = (PERIPH_BASE + 0x10000)
                0x40020000                AHBPERIPH_BASE = (PERIPH_BASE + 0x20000)
                0x40000000                PROVIDE (TIM2, (APB1PERIPH_BASE + 0x0))
                0x40000400                PROVIDE (TIM3, (APB1PERIPH_BASE + 0x400))
                0x40000800                PROVIDE (TIM4, (APB1PERIPH_BASE + 0x800))
                0x40002800                PROVIDE (RTC, (APB1PERIPH_BASE + 0x2800))
                0x40002c00                PROVIDE (WWDG, (APB1PERIPH_BASE + 0x2c00))
                0x40003000                PROVIDE (IWDG, (APB1PERIPH_BASE + 0x3000))
                0x40003800                PROVIDE (SPI2, (APB1PERIPH_BASE + 0x3800))
                0x40004400                PROVIDE (USART2, (APB1PERIPH_BASE + 0x4400))
                0x40004800                PROVIDE (USART3, (APB1PERIPH_BASE + 0x4800))
                0x40005400                PROVIDE (I2C1, (APB1PERIPH_BASE + 0x5400))
                0x40005800                PROVIDE (I2C2, (APB1PERIPH_BASE + 0x5800))
                0x40006400                PROVIDE (CAN, (APB1PERIPH_BASE + 0x6400))
                0x40006c00                PROVIDE (BKP, (APB1PERIPH_BASE + 0x6c00))
                0x40007000                PROVIDE (PWR, (APB1PERIPH_BASE + 0x7000))
                0x40010000                PROVIDE (AFIO, (APB2PERIPH_BASE + 0x0))
                0x40010400                PROVIDE (EXTI, (APB2PERIPH_BASE + 0x400))
                0x40010800                PROVIDE (GPIOA, (APB2PERIPH_BASE + 0x800))
                0x40010c00                PROVIDE (GPIOB, (APB2PERIPH_BASE + 0xc00))
                0x40011000                PROVIDE (GPIOC, (APB2PERIPH_BASE + 0x1000))
                0x40011400                PROVIDE (GPIOD, (APB2PERIPH_BASE + 0x1400))
                0x40011800                PROVIDE (GPIOE, (APB2PERIPH_BASE + 0x1800))
                0x40012400                PROVIDE (ADC1, (APB2PERIPH_BASE + 0x2400))
                0x40012800                PROVIDE (ADC2, (APB2PERIPH_BASE + 0x2800))
                0x40012c00                PROVIDE (TIM1, (APB2PERIPH_BASE + 0x2c00))
                0x40013000                PROVIDE (SPI1, (APB2PERIPH_BASE + 0x3000))
                0x40013800                PROVIDE (USART1, (APB2PERIPH_BASE + 0x3800))
                0x40020000                PROVIDE (DMA, (AHBPERIPH_BASE + 0x0))
                0x40020008                PROVIDE (DMA_Channel1, (AHBPERIPH_BASE + 0x8))
                0x4002001c                PROVIDE (DMA_Channel2, (AHBPERIPH_BASE + 0x1c))
                0x40020030                PROVIDE (DMA_Channel3, (AHBPERIPH_BASE + 0x30))
                0x40020044                PROVIDE (DMA_Channel4, (AHBPERIPH_BASE + 0x44))
                0x40020058                PROVIDE (DMA_Channel5, (AHBPERIPH_BASE + 0x58))
                0x4002006c                PROVIDE (DMA_Channel6, (AHBPERIPH_BASE + 0x6c))
                0x40020080                PROVIDE (DMA_Channel7, (AHBPERIPH_BASE + 0x80))
                0x40021000                PROVIDE (RCC, (AHBPERIPH_BASE + 0x1000))
                0xe000e000                SCS_BASE = 0xe000e000
                0xe000e010                PROVIDE (SysTick, (SCS_BASE + 0x10))
                0xe000e100                PROVIDE (NVIC, (SCS_BASE + 0x100))
                0xe000ed00                PROVIDE (SCB, (SCS_BASE + 0xd00))

.mios32_bsl     0x08000000     0x4000
                0x08000000                . = ALIGN (0x4)
 *(.mios32_bsl)
 .mios32_bsl    0x08000000     0x4000 project_build//C/mios32/trunk/mios32/STM32F10x/mios32_bsl.o
                0x08000000                mios32_bsl_image
                0x08004000                . = ALIGN (0x4)

.isr_vector     0x08004000      0x1e4
                0x08004000                _mios32_sys_isr_vector = .
                0x08004000                . = ALIGN (0x4)
 *(.isr_vector)
 .isr_vector    0x08004000      0x1e4 project_build//C/mios32/trunk/programming_models/traditional/startup_stm32f10x_hd.o
                0x08004000                g_pfnVectors
                0x080041e4                . = ALIGN (0x4)
                0x08004000                PROVIDE (mios32_sys_isr_vector, _mios32_sys_isr_vector)

.flashtext      0x080041e4        0x0
                0x080041e4                . = ALIGN (0x4)
 *(.flashtext)
                0x080041e4                . = ALIGN (0x4)

.text           0x080041e4     0x5cec
                0x080041e4                . = ALIGN (0x4)
 CREATE_OBJECT_SYMBOLS
 *(.text .text.* .gnu.linkonce.t.*)
 .text.APP_Init
                0x080041e4       0x10 project_build/app.o
                0x080041e4                APP_Init
 .text.APP_Background
                0x080041f4        0x2 project_build/app.o
                0x080041f4                APP_Background
 *fill*         0x080041f6        0x2 00
 .text.APP_MIDI_NotifyPackage
                0x080041f8       0x4c project_build/app.o
                0x080041f8                APP_MIDI_NotifyPackage
 .text.APP_SRIO_ServicePrepare
                0x08004244        0x2 project_build/app.o
                0x08004244                APP_SRIO_ServicePrepare
 .text.APP_SRIO_ServiceFinish
                0x08004246        0x2 project_build/app.o
                0x08004246                APP_SRIO_ServiceFinish
 .text.APP_DIN_NotifyToggle
                0x08004248       0x30 project_build/app.o
                0x08004248                APP_DIN_NotifyToggle
 .text.APP_ENC_NotifyChange
                0x08004278        0x2 project_build/app.o
                0x08004278                APP_ENC_NotifyChange
 .text.APP_AIN_NotifyChange
                0x0800427a        0x2 project_build/app.o
                0x0800427a                APP_AIN_NotifyChange
 .text.SRIO_ServiceFinish
                0x0800427c        0xc project_build//C/mios32/trunk/programming_models/traditional/main.o
                0x0800427c                SRIO_ServiceFinish
 .text.TASK_MIDI_Hooks
                0x08004288       0x34 project_build//C/mios32/trunk/programming_models/traditional/main.o
 .text.TASK_Hooks
                0x080042bc       0x48 project_build//C/mios32/trunk/programming_models/traditional/main.o
 .text.main     0x08004304       0xc8 project_build//C/mios32/trunk/programming_models/traditional/main.o
                0x08004304                main
 .text.vApplicationTickHook
                0x080043cc       0x14 project_build//C/mios32/trunk/programming_models/traditional/main.o
                0x080043cc                vApplicationTickHook
 .text.vApplicationIdleHook
                0x080043e0        0x8 project_build//C/mios32/trunk/programming_models/traditional/main.o
                0x080043e0                vApplicationIdleHook
 .text._abort   0x080043e8       0x44 project_build//C/mios32/trunk/programming_models/traditional/main.o
                0x080043e8                _abort
 .text.HardFault_Handler_c
                0x0800442c      0x12c project_build//C/mios32/trunk/programming_models/traditional/main.o
                0x0800442c                HardFault_Handler_c
 .text.HardFault_Handler
                0x08004558       0x14 project_build//C/mios32/trunk/programming_models/traditional/main.o
                0x08004558                HardFault_Handler
 .text.xTaskGenericCreate
                0x0800456c      0x19c project_build//C/mios32/trunk/FreeRTOS/Source/tasks.o
                0x0800456c                xTaskGenericCreate
 .text.vTaskStartScheduler
                0x08004708       0x48 project_build//C/mios32/trunk/FreeRTOS/Source/tasks.o
                0x08004708                vTaskStartScheduler
 .text.vTaskSuspendAll
                0x08004750       0x10 project_build//C/mios32/trunk/FreeRTOS/Source/tasks.o
                0x08004750                vTaskSuspendAll
 .text.xTaskGetTickCount
                0x08004760       0x18 project_build//C/mios32/trunk/FreeRTOS/Source/tasks.o
                0x08004760                xTaskGetTickCount
 .text.vTaskIncrementTick
                0x08004778       0xbc project_build//C/mios32/trunk/FreeRTOS/Source/tasks.o
                0x08004778                vTaskIncrementTick
 .text.xTaskResumeAll
                0x08004834       0xc8 project_build//C/mios32/trunk/FreeRTOS/Source/tasks.o
                0x08004834                xTaskResumeAll
 .text.prvIdleTask
                0x080048fc       0x68 project_build//C/mios32/trunk/FreeRTOS/Source/tasks.o
 .text.vTaskDelayUntil
                0x08004964       0x78 project_build//C/mios32/trunk/FreeRTOS/Source/tasks.o
                0x08004964                vTaskDelayUntil
 .text.vTaskSwitchContext
                0x080049dc       0x78 project_build//C/mios32/trunk/FreeRTOS/Source/tasks.o
                0x080049dc                vTaskSwitchContext
 .text.vListInitialise
                0x08004a54       0x16 project_build//C/mios32/trunk/FreeRTOS/Source/list.o
                0x08004a54                vListInitialise
 .text.vListInitialiseItem
                0x08004a6a        0x6 project_build//C/mios32/trunk/FreeRTOS/Source/list.o
                0x08004a6a                vListInitialiseItem
 .text.vListInsertEnd
                0x08004a70       0x1a project_build//C/mios32/trunk/FreeRTOS/Source/list.o
                0x08004a70                vListInsertEnd
 .text.vListInsert
                0x08004a8a       0x34 project_build//C/mios32/trunk/FreeRTOS/Source/list.o
                0x08004a8a                vListInsert
 .text.vListRemove
                0x08004abe       0x20 project_build//C/mios32/trunk/FreeRTOS/Source/list.o
                0x08004abe                vListRemove
 .text.pxPortInitialiseStack
                0x08004ade       0x20 project_build//C/mios32/trunk/FreeRTOS/Source/portable/GCC/ARM_CM3/port.o
                0x08004ade                pxPortInitialiseStack
 *fill*         0x08004afe        0x2 00
 .text.vPortSVCHandler
                0x08004b00       0x20 project_build//C/mios32/trunk/FreeRTOS/Source/portable/GCC/ARM_CM3/port.o
                0x08004b00                vPortSVCHandler
 .text.vPortStartFirstTask
                0x08004b20       0x10 project_build//C/mios32/trunk/FreeRTOS/Source/portable/GCC/ARM_CM3/port.o
                0x08004b20                vPortStartFirstTask
 .text.xPortStartScheduler
                0x08004b30       0x40 project_build//C/mios32/trunk/FreeRTOS/Source/portable/GCC/ARM_CM3/port.o
                0x08004b30                xPortStartScheduler
 .text.vPortYieldFromISR
                0x08004b70       0x10 project_build//C/mios32/trunk/FreeRTOS/Source/portable/GCC/ARM_CM3/port.o
                0x08004b70                vPortYieldFromISR
 .text.vPortEnterCritical
                0x08004b80       0x18 project_build//C/mios32/trunk/FreeRTOS/Source/portable/GCC/ARM_CM3/port.o
                0x08004b80                vPortEnterCritical
 .text.vPortExitCritical
                0x08004b98       0x18 project_build//C/mios32/trunk/FreeRTOS/Source/portable/GCC/ARM_CM3/port.o
                0x08004b98                vPortExitCritical
 .text.xPortPendSVHandler
                0x08004bb0       0x3c project_build//C/mios32/trunk/FreeRTOS/Source/portable/GCC/ARM_CM3/port.o
                0x08004bb0                xPortPendSVHandler
 .text.xPortSysTickHandler
                0x08004bec       0x24 project_build//C/mios32/trunk/FreeRTOS/Source/portable/GCC/ARM_CM3/port.o
                0x08004bec                xPortSysTickHandler
 .text.umm_make_new_block
                0x08004c10       0x3c project_build//C/mios32/trunk/FreeRTOS/Source/portable/MemMang/umm_malloc.o
 .text.umm_disconnect_from_free_list
                0x08004c4c       0x34 project_build//C/mios32/trunk/FreeRTOS/Source/portable/MemMang/umm_malloc.o
 .text.umm_assimilate_up
                0x08004c80       0x40 project_build//C/mios32/trunk/FreeRTOS/Source/portable/MemMang/umm_malloc.o
 .text.vPortFree
                0x08004cc0       0x6c project_build//C/mios32/trunk/FreeRTOS/Source/portable/MemMang/umm_malloc.o
                0x08004cc0                vPortFree
 .text.pvPortMalloc
                0x08004d2c      0x114 project_build//C/mios32/trunk/FreeRTOS/Source/portable/MemMang/umm_malloc.o
                0x08004d2c                pvPortMalloc
 .text.Reset_Handler
                0x08004e40       0x48 project_build//C/mios32/trunk/programming_models/traditional/startup_stm32f10x_hd.o
                0x08004e40                Reset_Handler
 .text._init    0x08004e88        0x2 project_build//C/mios32/trunk/programming_models/traditional/startup_stm32f10x_hd.o
                0x08004e88                _init
 .text.Default_Handler
                0x08004e8a        0x2 project_build//C/mios32/trunk/programming_models/traditional/startup_stm32f10x_hd.o
                0x08004e8a                EXTI2_IRQHandler
                0x08004e8a                TIM8_TRG_COM_IRQHandler
                0x08004e8a                TIM8_CC_IRQHandler
                0x08004e8a                DebugMon_Handler
                0x08004e8a                TIM1_CC_IRQHandler
                0x08004e8a                TIM6_IRQHandler
                0x08004e8a                SysTick_Handler
                0x08004e8a                PVD_IRQHandler
                0x08004e8a                SDIO_IRQHandler
                0x08004e8a                PendSV_Handler
                0x08004e8a                NMI_Handler
                0x08004e8a                EXTI3_IRQHandler
                0x08004e8a                EXTI0_IRQHandler
                0x08004e8a                UsageFault_Handler
                0x08004e8a                ADC1_2_IRQHandler
                0x08004e8a                SPI1_IRQHandler
                0x08004e8a                TAMPER_IRQHandler
                0x08004e8a                TIM8_UP_IRQHandler
                0x08004e8a                DMA2_Channel2_IRQHandler
                0x08004e8a                RTC_IRQHandler
                0x08004e8a                DMA1_Channel7_IRQHandler
                0x08004e8a                CAN1_RX1_IRQHandler
                0x08004e8a                UART5_IRQHandler
                0x08004e8a                ADC3_IRQHandler
                0x08004e8a                TIM4_IRQHandler
                0x08004e8a                DMA2_Channel1_IRQHandler
                0x08004e8a                I2C1_EV_IRQHandler
                0x08004e8a                DMA1_Channel6_IRQHandler
                0x08004e8a                UART4_IRQHandler
                0x08004e8a                DMA2_Channel4_IRQHandler
                0x08004e8a                RCC_IRQHandler
                0x08004e8a                TIM1_TRG_COM_IRQHandler
                0x08004e8a                DMA1_Channel1_IRQHandler
                0x08004e8a                Default_Handler
                0x08004e8a                EXTI15_10_IRQHandler
                0x08004e8a                TIM7_IRQHandler
                0x08004e8a                EXTI9_5_IRQHandler
                0x08004e8a                SPI2_IRQHandler
                0x08004e8a                MemManage_Handler
                0x08004e8a                SVC_Handler
                0x08004e8a                DMA2_Channel5_IRQHandler
                0x08004e8a                DMA1_Channel5_IRQHandler
                0x08004e8a                EXTI4_IRQHandler
                0x08004e8a                USB_HP_CAN1_TX_IRQHandler
                0x08004e8a                DMA1_Channel3_IRQHandler
                0x08004e8a                FSMC_IRQHandler
                0x08004e8a                TIM1_UP_IRQHandler
                0x08004e8a                WWDG_IRQHandler
                0x08004e8a                TIM1_BRK_IRQHandler
                0x08004e8a                EXTI1_IRQHandler
                0x08004e8a                RTCAlarm_IRQHandler
                0x08004e8a                TIM8_BRK_IRQHandler
                0x08004e8a                CAN1_SCE_IRQHandler
                0x08004e8a                FLASH_IRQHandler
                0x08004e8a                BusFault_Handler
                0x08004e8a                SPI3_IRQHandler
                0x08004e8a                I2C1_ER_IRQHandler
                0x08004e8a                USBWakeUp_IRQHandler
                0x08004e8a                DMA2_Channel3_IRQHandler
 .text.MIOS32_SRIO_DMA_Callback
                0x08004e8c       0xa0 project_build//C/mios32/trunk/mios32/common/mios32_srio.o
 .text.MIOS32_SRIO_Init
                0x08004f2c       0x80 project_build//C/mios32/trunk/mios32/common/mios32_srio.o
                0x08004f2c                MIOS32_SRIO_Init
 .text.MIOS32_SRIO_DebounceStart
                0x08004fac       0x14 project_build//C/mios32/trunk/mios32/common/mios32_srio.o
                0x08004fac                MIOS32_SRIO_DebounceStart
 .text.MIOS32_SRIO_ScanStart
                0x08004fc0       0x58 project_build//C/mios32/trunk/mios32/common/mios32_srio.o
                0x08004fc0                MIOS32_SRIO_ScanStart
 .text.MIOS32_DIN_Init
                0x08005018       0x2c project_build//C/mios32/trunk/mios32/common/mios32_din.o
                0x08005018                MIOS32_DIN_Init
 .text.MIOS32_DIN_SRGet
                0x08005044       0x14 project_build//C/mios32/trunk/mios32/common/mios32_din.o
                0x08005044                MIOS32_DIN_SRGet
 .text.MIOS32_DIN_SRChangedGetAndClear
                0x08005058       0x30 project_build//C/mios32/trunk/mios32/common/mios32_din.o
                0x08005058                MIOS32_DIN_SRChangedGetAndClear
 .text.MIOS32_DIN_Handler
                0x08005088       0x50 project_build//C/mios32/trunk/mios32/common/mios32_din.o
                0x08005088                MIOS32_DIN_Handler
 .text.MIOS32_DOUT_Init
                0x080050d8       0x1c project_build//C/mios32/trunk/mios32/common/mios32_dout.o
                0x080050d8                MIOS32_DOUT_Init
 .text.MIOS32_DOUT_PinSet
                0x080050f4       0x58 project_build//C/mios32/trunk/mios32/common/mios32_dout.o
                0x080050f4                MIOS32_DOUT_PinSet
 .text.MIOS32_ENC_Init
                0x0800514c       0x5c project_build//C/mios32/trunk/mios32/common/mios32_enc.o
                0x0800514c                MIOS32_ENC_Init
 .text.MIOS32_ENC_UpdateStates
                0x080051a8      0x27c project_build//C/mios32/trunk/mios32/common/mios32_enc.o
                0x080051a8                MIOS32_ENC_UpdateStates
 .text.MIOS32_ENC_Handler
                0x08005424       0x40 project_build//C/mios32/trunk/mios32/common/mios32_enc.o
                0x08005424                MIOS32_ENC_Handler
 .text.MIOS32_LCD_DeviceSet
                0x08005464        0xc project_build//C/mios32/trunk/mios32/common/mios32_lcd.o
                0x08005464                MIOS32_LCD_DeviceSet
 .text.MIOS32_LCD_CursorSet
                0x08005470       0x44 project_build//C/mios32/trunk/mios32/common/mios32_lcd.o
                0x08005470                MIOS32_LCD_CursorSet
 .text.MIOS32_LCD_GCursorSet
                0x080054b4       0x18 project_build//C/mios32/trunk/mios32/common/mios32_lcd.o
                0x080054b4                MIOS32_LCD_GCursorSet
 .text.MIOS32_LCD_CursorMapSet
                0x080054cc       0x18 project_build//C/mios32/trunk/mios32/common/mios32_lcd.o
                0x080054cc                MIOS32_LCD_CursorMapSet
 .text.MIOS32_LCD_Init
                0x080054e4       0x50 project_build//C/mios32/trunk/mios32/common/mios32_lcd.o
                0x080054e4                MIOS32_LCD_Init
 .text.MIOS32_LCD_Clear
                0x08005534        0x8 project_build//C/mios32/trunk/mios32/common/mios32_lcd.o
                0x08005534                MIOS32_LCD_Clear
 .text.MIOS32_LCD_PrintChar
                0x0800553c       0x5c project_build//C/mios32/trunk/mios32/common/mios32_lcd.o
                0x0800553c                MIOS32_LCD_PrintChar
 .text.MIOS32_LCD_PrintString
                0x08005598       0x1a project_build//C/mios32/trunk/mios32/common/mios32_lcd.o
                0x08005598                MIOS32_LCD_PrintString
 *fill*         0x080055b2        0x2 00
 .text.MIOS32_LCD_PrintBootMessage
                0x080055b4       0x40 project_build//C/mios32/trunk/mios32/common/mios32_lcd.o
                0x080055b4                MIOS32_LCD_PrintBootMessage
 .text.MIOS32_LCD_PrintFormattedString
                0x080055f4       0x26 project_build//C/mios32/trunk/mios32/common/mios32_lcd.o
                0x080055f4                MIOS32_LCD_PrintFormattedString
 .text.MIOS32_LCD_BColourSet
                0x0800561a        0x8 project_build//C/mios32/trunk/mios32/common/mios32_lcd.o
                0x0800561a                MIOS32_LCD_BColourSet
 .text.MIOS32_LCD_FColourSet
                0x08005622        0x8 project_build//C/mios32/trunk/mios32/common/mios32_lcd.o
                0x08005622                MIOS32_LCD_FColourSet
 *fill*         0x0800562a        0x2 00
 .text.MIOS32_MIDI_Init
                0x0800562c       0x98 project_build//C/mios32/trunk/mios32/common/mios32_midi.o
                0x0800562c                MIOS32_MIDI_Init
 .text.MIOS32_MIDI_SendPackage
                0x080056c4       0x78 project_build//C/mios32/trunk/mios32/common/mios32_midi.o
                0x080056c4                MIOS32_MIDI_SendPackage
 .text.MIOS32_MIDI_SendEvent
                0x0800573c       0x22 project_build//C/mios32/trunk/mios32/common/mios32_midi.o
                0x0800573c                MIOS32_MIDI_SendEvent
 .text.MIOS32_MIDI_SendCC
                0x0800575e        0xc project_build//C/mios32/trunk/mios32/common/mios32_midi.o
                0x0800575e                MIOS32_MIDI_SendCC
 .text.MIOS32_MIDI_SendSysEx
                0x0800576a       0xa2 project_build//C/mios32/trunk/mios32/common/mios32_midi.o
                0x0800576a                MIOS32_MIDI_SendSysEx
 .text.MIOS32_MIDI_SYSEX_SendAckStr
                0x0800580c       0x60 project_build//C/mios32/trunk/mios32/common/mios32_midi.o
 .text.MIOS32_MIDI_SYSEX_SendAck
                0x0800586c       0x48 project_build//C/mios32/trunk/mios32/common/mios32_midi.o
 .text.MIOS32_MIDI_SendDebugMessage
                0x080058b4       0xa4 project_build//C/mios32/trunk/mios32/common/mios32_midi.o
                0x080058b4                MIOS32_MIDI_SendDebugMessage
 .text.MIOS32_MIDI_SYSEX_Cmd
                0x08005958      0x1ac project_build//C/mios32/trunk/mios32/common/mios32_midi.o
 .text.MIOS32_MIDI_SYSEX_Parser
                0x08005b04       0xdc project_build//C/mios32/trunk/mios32/common/mios32_midi.o
 .text.MIOS32_MIDI_TimeOut
                0x08005be0       0x4c project_build//C/mios32/trunk/mios32/common/mios32_midi.o
 .text.MIOS32_MIDI_Receive_Handler
                0x08005c2c      0x334 project_build//C/mios32/trunk/mios32/common/mios32_midi.o
                0x08005c2c                MIOS32_MIDI_Receive_Handler
 .text.MIOS32_MIDI_Periodic_mS
                0x08005f60       0x30 project_build//C/mios32/trunk/mios32/common/mios32_midi.o
                0x08005f60                MIOS32_MIDI_Periodic_mS
 .text.MIOS32_MIDI_SendByteToRxCallback
                0x08005f90       0x14 project_build//C/mios32/trunk/mios32/common/mios32_midi.o
                0x08005f90                MIOS32_MIDI_SendByteToRxCallback
 .text.MIOS32_MIDI_SendPackageToRxCallback
                0x08005fa4       0x58 project_build//C/mios32/trunk/mios32/common/mios32_midi.o
                0x08005fa4                MIOS32_MIDI_SendPackageToRxCallback
 .text.MIOS32_OSC_Init
                0x08005ffc        0xc project_build//C/mios32/trunk/mios32/common/mios32_osc.o
                0x08005ffc                MIOS32_OSC_Init
 .text.MIOS32_COM_Init
                0x08006008       0x24 project_build//C/mios32/trunk/mios32/common/mios32_com.o
                0x08006008                MIOS32_COM_Init
 .text.MIOS32_COM_SendBuffer
                0x0800602c       0x30 project_build//C/mios32/trunk/mios32/common/mios32_com.o
                0x0800602c                MIOS32_COM_SendBuffer
 .text.MIOS32_COM_SendChar
                0x0800605c       0x12 project_build//C/mios32/trunk/mios32/common/mios32_com.o
                0x0800605c                MIOS32_COM_SendChar
 .text.MIOS32_COM_Receive_Handler
                0x0800606e       0x12 project_build//C/mios32/trunk/mios32/common/mios32_com.o
                0x0800606e                MIOS32_COM_Receive_Handler
 .text.MIOS32_UART_MIDI_RS_Reset
                0x08006080       0x30 project_build//C/mios32/trunk/mios32/common/mios32_uart_midi.o
                0x08006080                MIOS32_UART_MIDI_RS_Reset
 .text.MIOS32_UART_MIDI_Init
                0x080060b0       0x50 project_build//C/mios32/trunk/mios32/common/mios32_uart_midi.o
                0x080060b0                MIOS32_UART_MIDI_Init
 .text.MIOS32_UART_MIDI_Periodic_mS
                0x08006100       0x58 project_build//C/mios32/trunk/mios32/common/mios32_uart_midi.o
                0x08006100                MIOS32_UART_MIDI_Periodic_mS
 .text.MIOS32_UART_MIDI_PackageSend_NonBlocking
                0x08006158       0xcc project_build//C/mios32/trunk/mios32/common/mios32_uart_midi.o
                0x08006158                MIOS32_UART_MIDI_PackageSend_NonBlocking
 .text.MIOS32_UART_MIDI_PackageSend
                0x08006224       0x16 project_build//C/mios32/trunk/mios32/common/mios32_uart_midi.o
                0x08006224                MIOS32_UART_MIDI_PackageSend
 *fill*         0x0800623a        0x2 00
 .text.MIOS32_UART_MIDI_PackageReceive
                0x0800623c      0x1b0 project_build//C/mios32/trunk/mios32/common/mios32_uart_midi.o
                0x0800623c                MIOS32_UART_MIDI_PackageReceive
 .text.MIOS32_IIC_MIDI_Init
                0x080063ec        0x6 project_build//C/mios32/trunk/mios32/common/mios32_iic_midi.o
                0x080063ec                MIOS32_IIC_MIDI_Init
 .text.MIOS32_IIC_MIDI_Periodic_mS
                0x080063f2        0x4 project_build//C/mios32/trunk/mios32/common/mios32_iic_midi.o
                0x080063f2                MIOS32_IIC_MIDI_Periodic_mS
 .text.MIOS32_IIC_MIDI_PackageSend
                0x080063f6        0x6 project_build//C/mios32/trunk/mios32/common/mios32_iic_midi.o
                0x080063f6                MIOS32_IIC_MIDI_PackageSend
 .text.MIOS32_IIC_MIDI_PackageReceive
                0x080063fc        0x6 project_build//C/mios32/trunk/mios32/common/mios32_iic_midi.o
                0x080063fc                MIOS32_IIC_MIDI_PackageReceive
 .text.MIOS32_IIC_BS_Init
                0x08006402        0x6 project_build//C/mios32/trunk/mios32/common/mios32_iic_bs.o
                0x08006402                MIOS32_IIC_BS_Init
 .text.MIOS32_MF_Init
                0x08006408        0x6 project_build//C/mios32/trunk/mios32/common/mios32_mf.o
                0x08006408                MIOS32_MF_Init
 *fill*         0x0800640e        0x2 00
 .text.MIOS32_SYS_Reset
                0x08006410       0x78 project_build//C/mios32/trunk/mios32/STM32F10x/mios32_sys.o
                0x08006410                MIOS32_SYS_Reset
 .text.MIOS32_SYS_ChipIDGet
                0x08006488        0xc project_build//C/mios32/trunk/mios32/STM32F10x/mios32_sys.o
                0x08006488                MIOS32_SYS_ChipIDGet
 .text.MIOS32_SYS_FlashSizeGet
                0x08006494       0x10 project_build//C/mios32/trunk/mios32/STM32F10x/mios32_sys.o
                0x08006494                MIOS32_SYS_FlashSizeGet
 .text.MIOS32_SYS_RAMSizeGet
                0x080064a4       0x10 project_build//C/mios32/trunk/mios32/STM32F10x/mios32_sys.o
                0x080064a4                MIOS32_SYS_RAMSizeGet
 .text.MIOS32_SYS_SerialNumberGet
                0x080064b4       0x34 project_build//C/mios32/trunk/mios32/STM32F10x/mios32_sys.o
                0x080064b4                MIOS32_SYS_SerialNumberGet
 .text.MIOS32_SYS_TimeSet
                0x080064e8       0x5c project_build//C/mios32/trunk/mios32/STM32F10x/mios32_sys.o
                0x080064e8                MIOS32_SYS_TimeSet
 .text.MIOS32_SYS_Init
                0x08006544      0x120 project_build//C/mios32/trunk/mios32/STM32F10x/mios32_sys.o
                0x08006544                MIOS32_SYS_Init
 .text.MIOS32_IRQ_Disable
                0x08006664       0x2c project_build//C/mios32/trunk/mios32/STM32F10x/mios32_irq.o
                0x08006664                MIOS32_IRQ_Disable
 .text.MIOS32_IRQ_Enable
                0x08006690       0x24 project_build//C/mios32/trunk/mios32/STM32F10x/mios32_irq.o
                0x08006690                MIOS32_IRQ_Enable
 .text.MIOS32_IRQ_Install
                0x080066b4       0x48 project_build//C/mios32/trunk/mios32/STM32F10x/mios32_irq.o
                0x080066b4                MIOS32_IRQ_Install
 .text.MIOS32_SPI_IO_Init
                0x080066fc      0x160 project_build//C/mios32/trunk/mios32/STM32F10x/mios32_spi.o
                0x080066fc                MIOS32_SPI_IO_Init
 .text.MIOS32_SPI_RC_PinSet
                0x0800685c       0x90 project_build//C/mios32/trunk/mios32/STM32F10x/mios32_spi.o
                0x0800685c                MIOS32_SPI_RC_PinSet
 .text.MIOS32_SPI_TransferByte
                0x080068ec      0x4ac project_build//C/mios32/trunk/mios32/STM32F10x/mios32_spi.o
                0x080068ec                MIOS32_SPI_TransferByte
 .text.MIOS32_SPI_TransferModeInit
                0x08006d98      0x108 project_build//C/mios32/trunk/mios32/STM32F10x/mios32_spi.o
                0x08006d98                MIOS32_SPI_TransferModeInit
 .text.MIOS32_SPI_Init
                0x08006ea0      0x1b0 project_build//C/mios32/trunk/mios32/STM32F10x/mios32_spi.o
                0x08006ea0                MIOS32_SPI_Init
 .text.MIOS32_SPI_TransferBlock
                0x08007050      0x120 project_build//C/mios32/trunk/mios32/STM32F10x/mios32_spi.o
                0x08007050                MIOS32_SPI_TransferBlock
 .text.DMA1_Channel2_IRQHandler
                0x08007170       0x18 project_build//C/mios32/trunk/mios32/STM32F10x/mios32_spi.o
                0x08007170                DMA1_Channel2_IRQHandler
 .text.DMA1_Channel4_IRQHandler
                0x08007188       0x18 project_build//C/mios32/trunk/mios32/STM32F10x/mios32_spi.o
                0x08007188                DMA1_Channel4_IRQHandler
 .text.MIOS32_BOARD_Init
                0x080071a0       0x14 project_build//C/mios32/trunk/mios32/STM32F10x/mios32_board.o
                0x080071a0                MIOS32_BOARD_Init
 .text.MIOS32_BOARD_LED_Init
                0x080071b4       0x40 project_build//C/mios32/trunk/mios32/STM32F10x/mios32_board.o
                0x080071b4                MIOS32_BOARD_LED_Init
 .text.MIOS32_BOARD_LED_Set
                0x080071f4       0x28 project_build//C/mios32/trunk/mios32/STM32F10x/mios32_board.o
                0x080071f4                MIOS32_BOARD_LED_Set
 .text.MIOS32_BOARD_LED_Get
                0x0800721c       0x10 project_build//C/mios32/trunk/mios32/STM32F10x/mios32_board.o
                0x0800721c                MIOS32_BOARD_LED_Get
 .text.MIOS32_BOARD_J15_PortInit
                0x0800722c       0xc8 project_build//C/mios32/trunk/mios32/STM32F10x/mios32_board.o
                0x0800722c                MIOS32_BOARD_J15_PortInit
 .text.MIOS32_BOARD_J15_DataSet
                0x080072f4       0xc0 project_build//C/mios32/trunk/mios32/STM32F10x/mios32_board.o
                0x080072f4                MIOS32_BOARD_J15_DataSet
 .text.MIOS32_BOARD_J15_RS_Set
                0x080073b4       0x18 project_build//C/mios32/trunk/mios32/STM32F10x/mios32_board.o
                0x080073b4                MIOS32_BOARD_J15_RS_Set
 .text.MIOS32_BOARD_J15_RW_Set
                0x080073cc       0x18 project_build//C/mios32/trunk/mios32/STM32F10x/mios32_board.o
                0x080073cc                MIOS32_BOARD_J15_RW_Set
 .text.MIOS32_BOARD_J15_E_Set
                0x080073e4       0x34 project_build//C/mios32/trunk/mios32/STM32F10x/mios32_board.o
                0x080073e4                MIOS32_BOARD_J15_E_Set
 .text.MIOS32_BOARD_J15_PollUnbusy
                0x08007418       0x74 project_build//C/mios32/trunk/mios32/STM32F10x/mios32_board.o
                0x08007418                MIOS32_BOARD_J15_PollUnbusy
 .text.TIM2_IRQHandler
                0x0800748c       0x24 project_build//C/mios32/trunk/mios32/STM32F10x/mios32_timer.o
                0x0800748c                TIM2_IRQHandler
 .text.TIM3_IRQHandler
                0x080074b0       0x24 project_build//C/mios32/trunk/mios32/STM32F10x/mios32_timer.o
                0x080074b0                TIM3_IRQHandler
 .text.TIM5_IRQHandler
                0x080074d4       0x24 project_build//C/mios32/trunk/mios32/STM32F10x/mios32_timer.o
                0x080074d4                TIM5_IRQHandler
 .text.MIOS32_DELAY_Init
                0x080074f8       0x44 project_build//C/mios32/trunk/mios32/STM32F10x/mios32_delay.o
                0x080074f8                MIOS32_DELAY_Init
 .text.MIOS32_DELAY_Wait_uS
                0x0800753c       0x18 project_build//C/mios32/trunk/mios32/STM32F10x/mios32_delay.o
                0x0800753c                MIOS32_DELAY_Wait_uS
 .text.MIOS32_AIN_Init
                0x08007554        0x6 project_build//C/mios32/trunk/mios32/STM32F10x/mios32_ain.o
                0x08007554                MIOS32_AIN_Init
 .text.MIOS32_AIN_Handler
                0x0800755a        0x6 project_build//C/mios32/trunk/mios32/STM32F10x/mios32_ain.o
                0x0800755a                MIOS32_AIN_Handler
 .text.MIOS32_USB_CB_SetDeviceAddress
                0x08007560        0xc project_build//C/mios32/trunk/mios32/STM32F10x/mios32_usb.o
 .text.MIOS32_USB_CB_Status_In
                0x0800756c        0x2 project_build//C/mios32/trunk/mios32/STM32F10x/mios32_usb.o
 .text.MIOS32_USB_CB_Status_Out
                0x0800756e        0x2 project_build//C/mios32/trunk/mios32/STM32F10x/mios32_usb.o
 .text.MIOS32_USB_CB_Data_Setup
                0x08007570        0x4 project_build//C/mios32/trunk/mios32/STM32F10x/mios32_usb.o
 .text.MIOS32_USB_CB_NoData_Setup
                0x08007574        0x4 project_build//C/mios32/trunk/mios32/STM32F10x/mios32_usb.o
 .text.MIOS32_USB_CB_Get_Interface_Setting
                0x08007578       0x10 project_build//C/mios32/trunk/mios32/STM32F10x/mios32_usb.o
 .text.MIOS32_USB_CB_SetConfiguration
                0x08007588       0x20 project_build//C/mios32/trunk/mios32/STM32F10x/mios32_usb.o
 .text.MIOS32_USB_CB_GetStringDescriptor
                0x080075a8      0x110 project_build//C/mios32/trunk/mios32/STM32F10x/mios32_usb.o
 .text.MIOS32_USB_CB_GetConfigDescriptor
                0x080076b8       0x1c project_build//C/mios32/trunk/mios32/STM32F10x/mios32_usb.o
 .text.MIOS32_USB_CB_GetDeviceDescriptor
                0x080076d4       0x1c project_build//C/mios32/trunk/mios32/STM32F10x/mios32_usb.o
 .text.MIOS32_USB_CB_Reset
                0x080076f0       0xac project_build//C/mios32/trunk/mios32/STM32F10x/mios32_usb.o
 .text.USB_LP_CAN1_RX0_IRQHandler
                0x0800779c       0x40 project_build//C/mios32/trunk/mios32/STM32F10x/mios32_usb.o
                0x0800779c                USB_LP_CAN1_RX0_IRQHandler
 .text.MIOS32_USB_IsInitialized
                0x080077dc       0x10 project_build//C/mios32/trunk/mios32/STM32F10x/mios32_usb.o
                0x080077dc                MIOS32_USB_IsInitialized
 .text.MIOS32_USB_Init
                0x080077ec      0x148 project_build//C/mios32/trunk/mios32/STM32F10x/mios32_usb.o
                0x080077ec                MIOS32_USB_Init
 .text.MIOS32_USB_MIDI_RxBufferHandler
                0x08007934       0xa8 project_build//C/mios32/trunk/mios32/STM32F10x/mios32_usb_midi.o
 .text.MIOS32_USB_MIDI_TxBufferHandler
                0x080079dc       0xd4 project_build//C/mios32/trunk/mios32/STM32F10x/mios32_usb_midi.o
 .text.MIOS32_USB_MIDI_Init
                0x08007ab0        0xc project_build//C/mios32/trunk/mios32/STM32F10x/mios32_usb_midi.o
                0x08007ab0                MIOS32_USB_MIDI_Init
 .text.MIOS32_USB_MIDI_ChangeConnectionState
                0x08007abc       0x68 project_build//C/mios32/trunk/mios32/STM32F10x/mios32_usb_midi.o
                0x08007abc                MIOS32_USB_MIDI_ChangeConnectionState
 .text.MIOS32_USB_MIDI_PackageSend_NonBlocking
                0x08007b24       0x70 project_build//C/mios32/trunk/mios32/STM32F10x/mios32_usb_midi.o
                0x08007b24                MIOS32_USB_MIDI_PackageSend_NonBlocking
 .text.MIOS32_USB_MIDI_PackageSend
                0x08007b94       0x34 project_build//C/mios32/trunk/mios32/STM32F10x/mios32_usb_midi.o
                0x08007b94                MIOS32_USB_MIDI_PackageSend
 .text.MIOS32_USB_MIDI_PackageReceive
                0x08007bc8       0x58 project_build//C/mios32/trunk/mios32/STM32F10x/mios32_usb_midi.o
                0x08007bc8                MIOS32_USB_MIDI_PackageReceive
 .text.MIOS32_USB_MIDI_Periodic_mS
                0x08007c20        0xe project_build//C/mios32/trunk/mios32/STM32F10x/mios32_usb_midi.o
                0x08007c20                MIOS32_USB_MIDI_Periodic_mS
 *fill*         0x08007c2e        0x2 00
 .text.MIOS32_USB_MIDI_EP1_IN_Callback
                0x08007c30       0x14 project_build//C/mios32/trunk/mios32/STM32F10x/mios32_usb_midi.o
                0x08007c30                MIOS32_USB_MIDI_EP1_IN_Callback
 .text.MIOS32_USB_MIDI_EP1_OUT_Callback
                0x08007c44       0x14 project_build//C/mios32/trunk/mios32/STM32F10x/mios32_usb_midi.o
                0x08007c44                MIOS32_USB_MIDI_EP1_OUT_Callback
 .text.MIOS32_UART_BaudrateSet
                0x08007c58       0x58 project_build//C/mios32/trunk/mios32/STM32F10x/mios32_uart.o
                0x08007c58                MIOS32_UART_BaudrateSet
 .text.MIOS32_UART_Init
                0x08007cb0      0x148 project_build//C/mios32/trunk/mios32/STM32F10x/mios32_uart.o
                0x08007cb0                MIOS32_UART_Init
 .text.MIOS32_UART_RxBufferGet
                0x08007df8       0x58 project_build//C/mios32/trunk/mios32/STM32F10x/mios32_uart.o
                0x08007df8                MIOS32_UART_RxBufferGet
 .text.MIOS32_UART_RxBufferPut
                0x08007e50       0x60 project_build//C/mios32/trunk/mios32/STM32F10x/mios32_uart.o
                0x08007e50                MIOS32_UART_RxBufferPut
 .text.MIOS32_UART_TxBufferGet
                0x08007eb0       0x58 project_build//C/mios32/trunk/mios32/STM32F10x/mios32_uart.o
                0x08007eb0                MIOS32_UART_TxBufferGet
 .text.MIOS32_UART_TxBufferPutMore_NonBlocking
                0x08007f08       0xd4 project_build//C/mios32/trunk/mios32/STM32F10x/mios32_uart.o
                0x08007f08                MIOS32_UART_TxBufferPutMore_NonBlocking
 .text.MIOS32_UART_TxBufferPutMore
                0x08007fdc       0x1a project_build//C/mios32/trunk/mios32/STM32F10x/mios32_uart.o
                0x08007fdc                MIOS32_UART_TxBufferPutMore
 *fill*         0x08007ff6        0x2 00
 .text.USART1_IRQHandler
                0x08007ff8       0x5c project_build//C/mios32/trunk/mios32/STM32F10x/mios32_uart.o
                0x08007ff8                USART1_IRQHandler
 .text.USART3_IRQHandler
                0x08008054       0x60 project_build//C/mios32/trunk/mios32/STM32F10x/mios32_uart.o
                0x08008054                USART3_IRQHandler
 .text.USART2_IRQHandler
                0x080080b4       0x40 project_build//C/mios32/trunk/mios32/STM32F10x/mios32_uart.o
                0x080080b4                USART2_IRQHandler
 .text.I2C2_EV_IRQHandler
                0x080080f4      0x1bc project_build//C/mios32/trunk/mios32/STM32F10x/mios32_iic.o
                0x080080f4                I2C2_EV_IRQHandler
 .text.I2C2_ER_IRQHandler
                0x080082b0       0x90 project_build//C/mios32/trunk/mios32/STM32F10x/mios32_iic.o
                0x080082b0                I2C2_ER_IRQHandler
 .text.printchar
                0x08008340       0x1a project_build//C/mios32/trunk/mios32/common/printf-stdarg.o
 .text.prints   0x0800835a       0x82 project_build//C/mios32/trunk/mios32/common/printf-stdarg.o
 .text.printi   0x080083dc       0xb2 project_build//C/mios32/trunk/mios32/common/printf-stdarg.o
 *fill*         0x0800848e        0x2 00
 .text.print    0x08008490      0x11c project_build//C/mios32/trunk/mios32/common/printf-stdarg.o
 .text.sprintf  0x080085ac       0x1e project_build//C/mios32/trunk/mios32/common/printf-stdarg.o
                0x080085ac                sprintf
 .text.vsprintf
                0x080085ca       0x10 project_build//C/mios32/trunk/mios32/common/printf-stdarg.o
                0x080085ca                vsprintf
 .text.GPIO_Init
                0x080085da       0xb2 project_build//C/mios32/trunk/drivers/STM32F10x/v3.3.0/STM32F10x_StdPeriph_Driver/src/stm32f10x_gpio.o
                0x080085da                GPIO_Init
 .text.GPIO_StructInit
                0x0800868c       0x10 project_build//C/mios32/trunk/drivers/STM32F10x/v3.3.0/STM32F10x_StdPeriph_Driver/src/stm32f10x_gpio.o
                0x0800868c                GPIO_StructInit
 .text.GPIO_PinRemapConfig
                0x0800869c       0x74 project_build//C/mios32/trunk/drivers/STM32F10x/v3.3.0/STM32F10x_StdPeriph_Driver/src/stm32f10x_gpio.o
                0x0800869c                GPIO_PinRemapConfig
 .text.FLASH_SetLatency
                0x08008710       0x14 project_build//C/mios32/trunk/drivers/STM32F10x/v3.3.0/STM32F10x_StdPeriph_Driver/src/stm32f10x_flash.o
                0x08008710                FLASH_SetLatency
 .text.FLASH_PrefetchBufferCmd
                0x08008724       0x18 project_build//C/mios32/trunk/drivers/STM32F10x/v3.3.0/STM32F10x_StdPeriph_Driver/src/stm32f10x_flash.o
                0x08008724                FLASH_PrefetchBufferCmd
 .text.SPI_Init
                0x0800873c       0x5a project_build//C/mios32/trunk/drivers/STM32F10x/v3.3.0/STM32F10x_StdPeriph_Driver/src/stm32f10x_spi.o
                0x0800873c                SPI_Init
 .text.SPI_Cmd  0x08008796       0x1a project_build//C/mios32/trunk/drivers/STM32F10x/v3.3.0/STM32F10x_StdPeriph_Driver/src/stm32f10x_spi.o
                0x08008796                SPI_Cmd
 .text.SPI_I2S_DMACmd
                0x080087b0       0x16 project_build//C/mios32/trunk/drivers/STM32F10x/v3.3.0/STM32F10x_StdPeriph_Driver/src/stm32f10x_spi.o
                0x080087b0                SPI_I2S_DMACmd
 *fill*         0x080087c6        0x2 00
 .text.USART_Init
                0x080087c8       0xb8 project_build//C/mios32/trunk/drivers/STM32F10x/v3.3.0/STM32F10x_StdPeriph_Driver/src/stm32f10x_usart.o
                0x080087c8                USART_Init
 .text.USART_Cmd
                0x08008880       0x1a project_build//C/mios32/trunk/drivers/STM32F10x/v3.3.0/STM32F10x_StdPeriph_Driver/src/stm32f10x_usart.o
                0x08008880                USART_Cmd
 .text.USART_ITConfig
                0x0800889a       0x36 project_build//C/mios32/trunk/drivers/STM32F10x/v3.3.0/STM32F10x_StdPeriph_Driver/src/stm32f10x_usart.o
                0x0800889a                USART_ITConfig
 .text.I2C_GenerateSTART
                0x080088d0       0x1a project_build//C/mios32/trunk/drivers/STM32F10x/v3.3.0/STM32F10x_StdPeriph_Driver/src/stm32f10x_i2c.o
                0x080088d0                I2C_GenerateSTART
 .text.I2C_GenerateSTOP
                0x080088ea       0x1a project_build//C/mios32/trunk/drivers/STM32F10x/v3.3.0/STM32F10x_StdPeriph_Driver/src/stm32f10x_i2c.o
                0x080088ea                I2C_GenerateSTOP
 .text.I2C_AcknowledgeConfig
                0x08008904       0x1a project_build//C/mios32/trunk/drivers/STM32F10x/v3.3.0/STM32F10x_StdPeriph_Driver/src/stm32f10x_i2c.o
                0x08008904                I2C_AcknowledgeConfig
 .text.I2C_ITConfig
                0x0800891e       0x16 project_build//C/mios32/trunk/drivers/STM32F10x/v3.3.0/STM32F10x_StdPeriph_Driver/src/stm32f10x_i2c.o
                0x0800891e                I2C_ITConfig
 .text.I2C_SendData
                0x08008934        0x4 project_build//C/mios32/trunk/drivers/STM32F10x/v3.3.0/STM32F10x_StdPeriph_Driver/src/stm32f10x_i2c.o
                0x08008934                I2C_SendData
 .text.I2C_ReceiveData
                0x08008938        0x6 project_build//C/mios32/trunk/drivers/STM32F10x/v3.3.0/STM32F10x_StdPeriph_Driver/src/stm32f10x_i2c.o
                0x08008938                I2C_ReceiveData
 .text.I2C_Send7bitAddress
                0x0800893e       0x10 project_build//C/mios32/trunk/drivers/STM32F10x/v3.3.0/STM32F10x_StdPeriph_Driver/src/stm32f10x_i2c.o
                0x0800893e                I2C_Send7bitAddress
 .text.I2C_GetLastEvent
                0x0800894e       0x10 project_build//C/mios32/trunk/drivers/STM32F10x/v3.3.0/STM32F10x_StdPeriph_Driver/src/stm32f10x_i2c.o
                0x0800894e                I2C_GetLastEvent
 .text.I2C_ClearITPendingBit
                0x0800895e        0x8 project_build//C/mios32/trunk/drivers/STM32F10x/v3.3.0/STM32F10x_StdPeriph_Driver/src/stm32f10x_i2c.o
                0x0800895e                I2C_ClearITPendingBit
 .text.DMA_Init
                0x08008966       0x56 project_build//C/mios32/trunk/drivers/STM32F10x/v3.3.0/STM32F10x_StdPeriph_Driver/src/stm32f10x_dma.o
                0x08008966                DMA_Init
 .text.DMA_StructInit
                0x080089bc       0x1a project_build//C/mios32/trunk/drivers/STM32F10x/v3.3.0/STM32F10x_StdPeriph_Driver/src/stm32f10x_dma.o
                0x080089bc                DMA_StructInit
 .text.DMA_Cmd  0x080089d6       0x14 project_build//C/mios32/trunk/drivers/STM32F10x/v3.3.0/STM32F10x_StdPeriph_Driver/src/stm32f10x_dma.o
                0x080089d6                DMA_Cmd
 *fill*         0x080089ea        0x2 00
 .text.DMA_ClearFlag
                0x080089ec       0x18 project_build//C/mios32/trunk/drivers/STM32F10x/v3.3.0/STM32F10x_StdPeriph_Driver/src/stm32f10x_dma.o
                0x080089ec                DMA_ClearFlag
 .text.TIM_TimeBaseInit
                0x08008a04       0xe0 project_build//C/mios32/trunk/drivers/STM32F10x/v3.3.0/STM32F10x_StdPeriph_Driver/src/stm32f10x_tim.o
                0x08008a04                TIM_TimeBaseInit
 .text.TIM_Cmd  0x08008ae4       0x1a project_build//C/mios32/trunk/drivers/STM32F10x/v3.3.0/STM32F10x_StdPeriph_Driver/src/stm32f10x_tim.o
                0x08008ae4                TIM_Cmd
 .text.TIM_GetITStatus
                0x08008afe       0x18 project_build//C/mios32/trunk/drivers/STM32F10x/v3.3.0/STM32F10x_StdPeriph_Driver/src/stm32f10x_tim.o
                0x08008afe                TIM_GetITStatus
 .text.TIM_ClearITPendingBit
                0x08008b16        0x8 project_build//C/mios32/trunk/drivers/STM32F10x/v3.3.0/STM32F10x_StdPeriph_Driver/src/stm32f10x_tim.o
                0x08008b16                TIM_ClearITPendingBit
 *fill*         0x08008b1e        0x2 00
 .text.RCC_DeInit
                0x08008b20       0x40 project_build//C/mios32/trunk/drivers/STM32F10x/v3.3.0/STM32F10x_StdPeriph_Driver/src/stm32f10x_rcc.o
                0x08008b20                RCC_DeInit
 .text.RCC_HSEConfig
                0x08008b60       0x38 project_build//C/mios32/trunk/drivers/STM32F10x/v3.3.0/STM32F10x_StdPeriph_Driver/src/stm32f10x_rcc.o
                0x08008b60                RCC_HSEConfig
 .text.RCC_PLLConfig
                0x08008b98       0x14 project_build//C/mios32/trunk/drivers/STM32F10x/v3.3.0/STM32F10x_StdPeriph_Driver/src/stm32f10x_rcc.o
                0x08008b98                RCC_PLLConfig
 .text.RCC_PLLCmd
                0x08008bac        0xc project_build//C/mios32/trunk/drivers/STM32F10x/v3.3.0/STM32F10x_StdPeriph_Driver/src/stm32f10x_rcc.o
                0x08008bac                RCC_PLLCmd
 .text.RCC_SYSCLKConfig
                0x08008bb8       0x14 project_build//C/mios32/trunk/drivers/STM32F10x/v3.3.0/STM32F10x_StdPeriph_Driver/src/stm32f10x_rcc.o
                0x08008bb8                RCC_SYSCLKConfig
 .text.RCC_GetSYSCLKSource
                0x08008bcc       0x10 project_build//C/mios32/trunk/drivers/STM32F10x/v3.3.0/STM32F10x_StdPeriph_Driver/src/stm32f10x_rcc.o
                0x08008bcc                RCC_GetSYSCLKSource
 .text.RCC_HCLKConfig
                0x08008bdc       0x14 project_build//C/mios32/trunk/drivers/STM32F10x/v3.3.0/STM32F10x_StdPeriph_Driver/src/stm32f10x_rcc.o
                0x08008bdc                RCC_HCLKConfig
 .text.RCC_PCLK1Config
                0x08008bf0       0x14 project_build//C/mios32/trunk/drivers/STM32F10x/v3.3.0/STM32F10x_StdPeriph_Driver/src/stm32f10x_rcc.o
                0x08008bf0                RCC_PCLK1Config
 .text.RCC_PCLK2Config
                0x08008c04       0x14 project_build//C/mios32/trunk/drivers/STM32F10x/v3.3.0/STM32F10x_StdPeriph_Driver/src/stm32f10x_rcc.o
                0x08008c04                RCC_PCLK2Config
 .text.RCC_USBCLKConfig
                0x08008c18        0xc project_build//C/mios32/trunk/drivers/STM32F10x/v3.3.0/STM32F10x_StdPeriph_Driver/src/stm32f10x_rcc.o
                0x08008c18                RCC_USBCLKConfig
 .text.RCC_ADCCLKConfig
                0x08008c24       0x14 project_build//C/mios32/trunk/drivers/STM32F10x/v3.3.0/STM32F10x_StdPeriph_Driver/src/stm32f10x_rcc.o
                0x08008c24                RCC_ADCCLKConfig
 .text.RCC_RTCCLKConfig
                0x08008c38       0x10 project_build//C/mios32/trunk/drivers/STM32F10x/v3.3.0/STM32F10x_StdPeriph_Driver/src/stm32f10x_rcc.o
                0x08008c38                RCC_RTCCLKConfig
 .text.RCC_RTCCLKCmd
                0x08008c48        0xc project_build//C/mios32/trunk/drivers/STM32F10x/v3.3.0/STM32F10x_StdPeriph_Driver/src/stm32f10x_rcc.o
                0x08008c48                RCC_RTCCLKCmd
 .text.RCC_GetClocksFreq
                0x08008c54       0xa8 project_build//C/mios32/trunk/drivers/STM32F10x/v3.3.0/STM32F10x_StdPeriph_Driver/src/stm32f10x_rcc.o
                0x08008c54                RCC_GetClocksFreq
 .text.RCC_AHBPeriphClockCmd
                0x08008cfc       0x1c project_build//C/mios32/trunk/drivers/STM32F10x/v3.3.0/STM32F10x_StdPeriph_Driver/src/stm32f10x_rcc.o
                0x08008cfc                RCC_AHBPeriphClockCmd
 .text.RCC_APB2PeriphClockCmd
                0x08008d18       0x1c project_build//C/mios32/trunk/drivers/STM32F10x/v3.3.0/STM32F10x_StdPeriph_Driver/src/stm32f10x_rcc.o
                0x08008d18                RCC_APB2PeriphClockCmd
 .text.RCC_APB1PeriphClockCmd
                0x08008d34       0x1c project_build//C/mios32/trunk/drivers/STM32F10x/v3.3.0/STM32F10x_StdPeriph_Driver/src/stm32f10x_rcc.o
                0x08008d34                RCC_APB1PeriphClockCmd
 .text.RCC_APB2PeriphResetCmd
                0x08008d50       0x1c project_build//C/mios32/trunk/drivers/STM32F10x/v3.3.0/STM32F10x_StdPeriph_Driver/src/stm32f10x_rcc.o
                0x08008d50                RCC_APB2PeriphResetCmd
 .text.RCC_APB1PeriphResetCmd
                0x08008d6c       0x1c project_build//C/mios32/trunk/drivers/STM32F10x/v3.3.0/STM32F10x_StdPeriph_Driver/src/stm32f10x_rcc.o
                0x08008d6c                RCC_APB1PeriphResetCmd
 .text.RCC_BackupResetCmd
                0x08008d88        0xc project_build//C/mios32/trunk/drivers/STM32F10x/v3.3.0/STM32F10x_StdPeriph_Driver/src/stm32f10x_rcc.o
                0x08008d88                RCC_BackupResetCmd
 .text.RCC_GetFlagStatus
                0x08008d94       0x2c project_build//C/mios32/trunk/drivers/STM32F10x/v3.3.0/STM32F10x_StdPeriph_Driver/src/stm32f10x_rcc.o
                0x08008d94                RCC_GetFlagStatus
 .text.RCC_WaitForHSEStartUp
                0x08008dc0       0x2c project_build//C/mios32/trunk/drivers/STM32F10x/v3.3.0/STM32F10x_StdPeriph_Driver/src/stm32f10x_rcc.o
                0x08008dc0                RCC_WaitForHSEStartUp
 .text.RTC_ITConfig
                0x08008dec       0x20 project_build//C/mios32/trunk/drivers/STM32F10x/v3.3.0/STM32F10x_StdPeriph_Driver/src/stm32f10x_rtc.o
                0x08008dec                RTC_ITConfig
 .text.RTC_EnterConfigMode
                0x08008e0c       0x14 project_build//C/mios32/trunk/drivers/STM32F10x/v3.3.0/STM32F10x_StdPeriph_Driver/src/stm32f10x_rtc.o
                0x08008e0c                RTC_EnterConfigMode
 .text.RTC_ExitConfigMode
                0x08008e20       0x14 project_build//C/mios32/trunk/drivers/STM32F10x/v3.3.0/STM32F10x_StdPeriph_Driver/src/stm32f10x_rtc.o
                0x08008e20                RTC_ExitConfigMode
 .text.RTC_SetCounter
                0x08008e34       0x1c project_build//C/mios32/trunk/drivers/STM32F10x/v3.3.0/STM32F10x_StdPeriph_Driver/src/stm32f10x_rtc.o
                0x08008e34                RTC_SetCounter
 .text.RTC_SetPrescaler
                0x08008e50       0x20 project_build//C/mios32/trunk/drivers/STM32F10x/v3.3.0/STM32F10x_StdPeriph_Driver/src/stm32f10x_rtc.o
                0x08008e50                RTC_SetPrescaler
 .text.RTC_WaitForLastTask
                0x08008e70       0x10 project_build//C/mios32/trunk/drivers/STM32F10x/v3.3.0/STM32F10x_StdPeriph_Driver/src/stm32f10x_rtc.o
                0x08008e70                RTC_WaitForLastTask
 .text.RTC_WaitForSynchro
                0x08008e80       0x1c project_build//C/mios32/trunk/drivers/STM32F10x/v3.3.0/STM32F10x_StdPeriph_Driver/src/stm32f10x_rtc.o
                0x08008e80                RTC_WaitForSynchro
 .text.BKP_DeInit
                0x08008e9c       0x10 project_build//C/mios32/trunk/drivers/STM32F10x/v3.3.0/STM32F10x_StdPeriph_Driver/src/stm32f10x_bkp.o
                0x08008e9c                BKP_DeInit
 .text.PWR_BackupAccessCmd
                0x08008eac        0xc project_build//C/mios32/trunk/drivers/STM32F10x/v3.3.0/STM32F10x_StdPeriph_Driver/src/stm32f10x_pwr.o
                0x08008eac                PWR_BackupAccessCmd
 .text.NVIC_PriorityGroupConfig
                0x08008eb8       0x14 project_build//C/mios32/trunk/drivers/STM32F10x/v3.3.0/STM32F10x_StdPeriph_Driver/src/misc.o
                0x08008eb8                NVIC_PriorityGroupConfig
 .text.NVIC_SetVectorTable
                0x08008ecc       0x18 project_build//C/mios32/trunk/drivers/STM32F10x/v3.3.0/STM32F10x_StdPeriph_Driver/src/misc.o
                0x08008ecc                NVIC_SetVectorTable
 .text.SysTick_CLKSourceConfig
                0x08008ee4       0x20 project_build//C/mios32/trunk/drivers/STM32F10x/v3.3.0/STM32F10x_StdPeriph_Driver/src/misc.o
                0x08008ee4                SysTick_CLKSourceConfig
 .text.Standard_GetConfiguration
                0x08008f04       0x24 project_build//C/mios32/trunk/drivers/STM32F10x/v3.3.0/STM32_USB-FS-Device_Driver/src/usb_core.o
                0x08008f04                Standard_GetConfiguration
 .text.Standard_GetInterface
                0x08008f28       0x24 project_build//C/mios32/trunk/drivers/STM32F10x/v3.3.0/STM32_USB-FS-Device_Driver/src/usb_core.o
                0x08008f28                Standard_GetInterface
 .text.Standard_GetStatus
                0x08008f4c       0xac project_build//C/mios32/trunk/drivers/STM32F10x/v3.3.0/STM32_USB-FS-Device_Driver/src/usb_core.o
                0x08008f4c                Standard_GetStatus
 .text.DataStageIn
                0x08008ff8       0xb8 project_build//C/mios32/trunk/drivers/STM32F10x/v3.3.0/STM32_USB-FS-Device_Driver/src/usb_core.o
 .text.Standard_SetConfiguration
                0x080090b0       0x38 project_build//C/mios32/trunk/drivers/STM32F10x/v3.3.0/STM32_USB-FS-Device_Driver/src/usb_core.o
                0x080090b0                Standard_SetConfiguration
 .text.Standard_SetInterface
                0x080090e8       0x48 project_build//C/mios32/trunk/drivers/STM32F10x/v3.3.0/STM32_USB-FS-Device_Driver/src/usb_core.o
                0x080090e8                Standard_SetInterface
 .text.Standard_ClearFeature
                0x08009130      0x110 project_build//C/mios32/trunk/drivers/STM32F10x/v3.3.0/STM32_USB-FS-Device_Driver/src/usb_core.o
                0x08009130                Standard_ClearFeature
 .text.Standard_SetEndPointFeature
                0x08009240       0xbc project_build//C/mios32/trunk/drivers/STM32F10x/v3.3.0/STM32_USB-FS-Device_Driver/src/usb_core.o
                0x08009240                Standard_SetEndPointFeature
 .text.Standard_SetDeviceFeature
                0x080092fc       0x24 project_build//C/mios32/trunk/drivers/STM32F10x/v3.3.0/STM32_USB-FS-Device_Driver/src/usb_core.o
                0x080092fc                Standard_SetDeviceFeature
 .text.Standard_GetDescriptorData
                0x08009320       0x1c project_build//C/mios32/trunk/drivers/STM32F10x/v3.3.0/STM32_USB-FS-Device_Driver/src/usb_core.o
                0x08009320                Standard_GetDescriptorData
 .text.Post0_Process
                0x0800933c       0x44 project_build//C/mios32/trunk/drivers/STM32F10x/v3.3.0/STM32_USB-FS-Device_Driver/src/usb_core.o
                0x0800933c                Post0_Process
 .text.Out0_Process
                0x08009380       0xfc project_build//C/mios32/trunk/drivers/STM32F10x/v3.3.0/STM32_USB-FS-Device_Driver/src/usb_core.o
                0x08009380                Out0_Process
 .text.Setup0_Process
                0x0800947c      0x308 project_build//C/mios32/trunk/drivers/STM32F10x/v3.3.0/STM32_USB-FS-Device_Driver/src/usb_core.o
                0x0800947c                Setup0_Process
 .text.SetDeviceAddress
                0x08009784       0x48 project_build//C/mios32/trunk/drivers/STM32F10x/v3.3.0/STM32_USB-FS-Device_Driver/src/usb_core.o
                0x08009784                SetDeviceAddress
 .text.In0_Process
                0x080097cc       0x68 project_build//C/mios32/trunk/drivers/STM32F10x/v3.3.0/STM32_USB-FS-Device_Driver/src/usb_core.o
                0x080097cc                In0_Process
 .text.NOP_Process
                0x08009834        0x2 project_build//C/mios32/trunk/drivers/STM32F10x/v3.3.0/STM32_USB-FS-Device_Driver/src/usb_core.o
                0x08009834                NOP_Process
 *fill*         0x08009836        0x2 00
 .text.CTR_LP   0x08009838      0x178 project_build//C/mios32/trunk/drivers/STM32F10x/v3.3.0/STM32_USB-FS-Device_Driver/src/usb_int.o
                0x08009838                CTR_LP
 .text.UserToPMABufferCopy
                0x080099b0       0x2c project_build//C/mios32/trunk/drivers/STM32F10x/v3.3.0/STM32_USB-FS-Device_Driver/src/usb_mem.o
                0x080099b0                UserToPMABufferCopy
 .text.PMAToUserBufferCopy
                0x080099dc       0x20 project_build//C/mios32/trunk/drivers/STM32F10x/v3.3.0/STM32_USB-FS-Device_Driver/src/usb_mem.o
                0x080099dc                PMAToUserBufferCopy
 .text.SetBTABLE
                0x080099fc       0x14 project_build//C/mios32/trunk/drivers/STM32F10x/v3.3.0/STM32_USB-FS-Device_Driver/src/usb_regs.o
                0x080099fc                SetBTABLE
 .text.SetEPType
                0x08009a10       0x1e project_build//C/mios32/trunk/drivers/STM32F10x/v3.3.0/STM32_USB-FS-Device_Driver/src/usb_regs.o
                0x08009a10                SetEPType
 .text.GetEPType
                0x08009a2e       0x12 project_build//C/mios32/trunk/drivers/STM32F10x/v3.3.0/STM32_USB-FS-Device_Driver/src/usb_regs.o
                0x08009a2e                GetEPType
 .text.SetEPTxStatus
                0x08009a40       0x38 project_build//C/mios32/trunk/drivers/STM32F10x/v3.3.0/STM32_USB-FS-Device_Driver/src/usb_regs.o
                0x08009a40                SetEPTxStatus
 .text.SetEPTxValid
                0x08009a78       0x24 project_build//C/mios32/trunk/drivers/STM32F10x/v3.3.0/STM32_USB-FS-Device_Driver/src/usb_regs.o
                0x08009a78                SetEPTxValid
 .text.SetEPRxValid
                0x08009a9c       0x24 project_build//C/mios32/trunk/drivers/STM32F10x/v3.3.0/STM32_USB-FS-Device_Driver/src/usb_regs.o
                0x08009a9c                SetEPRxValid
 .text.Clear_Status_Out
                0x08009ac0       0x20 project_build//C/mios32/trunk/drivers/STM32F10x/v3.3.0/STM32_USB-FS-Device_Driver/src/usb_regs.o
                0x08009ac0                Clear_Status_Out
 .text.ClearDTOG_RX
                0x08009ae0       0x28 project_build//C/mios32/trunk/drivers/STM32F10x/v3.3.0/STM32_USB-FS-Device_Driver/src/usb_regs.o
                0x08009ae0                ClearDTOG_RX
 .text.ClearDTOG_TX
                0x08009b08       0x28 project_build//C/mios32/trunk/drivers/STM32F10x/v3.3.0/STM32_USB-FS-Device_Driver/src/usb_regs.o
                0x08009b08                ClearDTOG_TX
 .text.SetEPTxAddr
                0x08009b30       0x20 project_build//C/mios32/trunk/drivers/STM32F10x/v3.3.0/STM32_USB-FS-Device_Driver/src/usb_regs.o
                0x08009b30                SetEPTxAddr
 .text.SetEPRxAddr
                0x08009b50       0x20 project_build//C/mios32/trunk/drivers/STM32F10x/v3.3.0/STM32_USB-FS-Device_Driver/src/usb_regs.o
                0x08009b50                SetEPRxAddr
 .text.GetEPTxAddr
                0x08009b70       0x1c project_build//C/mios32/trunk/drivers/STM32F10x/v3.3.0/STM32_USB-FS-Device_Driver/src/usb_regs.o
                0x08009b70                GetEPTxAddr
 .text.GetEPRxAddr
                0x08009b8c       0x1c project_build//C/mios32/trunk/drivers/STM32F10x/v3.3.0/STM32_USB-FS-Device_Driver/src/usb_regs.o
                0x08009b8c                GetEPRxAddr
 .text.SetEPTxCount
                0x08009ba8       0x1c project_build//C/mios32/trunk/drivers/STM32F10x/v3.3.0/STM32_USB-FS-Device_Driver/src/usb_regs.o
                0x08009ba8                SetEPTxCount
 .text.SetEPRxCount
                0x08009bc4       0x40 project_build//C/mios32/trunk/drivers/STM32F10x/v3.3.0/STM32_USB-FS-Device_Driver/src/usb_regs.o
                0x08009bc4                SetEPRxCount
 .text.GetEPRxCount
                0x08009c04       0x20 project_build//C/mios32/trunk/drivers/STM32F10x/v3.3.0/STM32_USB-FS-Device_Driver/src/usb_regs.o
                0x08009c04                GetEPRxCount
 .text.ByteSwap
                0x08009c24        0xa project_build//C/mios32/trunk/drivers/STM32F10x/v3.3.0/STM32_USB-FS-Device_Driver/src/usb_regs.o
                0x08009c24                ByteSwap
 *fill*         0x08009c2e        0x2 00
 .text.APP_LCD_Data
                0x08009c30       0x64 project_build//C/mios32/trunk/modules/app_lcd/clcd/app_lcd.o
                0x08009c30                APP_LCD_Data
 .text.APP_LCD_Cmd
                0x08009c94       0x64 project_build//C/mios32/trunk/modules/app_lcd/clcd/app_lcd.o
                0x08009c94                APP_LCD_Cmd
 .text.APP_LCD_Init
                0x08009cf8       0xd0 project_build//C/mios32/trunk/modules/app_lcd/clcd/app_lcd.o
                0x08009cf8                APP_LCD_Init
 .text.APP_LCD_Clear
                0x08009dc8        0xa project_build//C/mios32/trunk/modules/app_lcd/clcd/app_lcd.o
                0x08009dc8                APP_LCD_Clear
 *fill*         0x08009dd2        0x2 00
 .text.APP_LCD_CursorSet
                0x08009dd4       0x24 project_build//C/mios32/trunk/modules/app_lcd/clcd/app_lcd.o
                0x08009dd4                APP_LCD_CursorSet
 .text.APP_LCD_GCursorSet
                0x08009df8        0x6 project_build//C/mios32/trunk/modules/app_lcd/clcd/app_lcd.o
                0x08009df8                APP_LCD_GCursorSet
 .text.APP_LCD_BColourSet
                0x08009dfe        0x6 project_build//C/mios32/trunk/modules/app_lcd/clcd/app_lcd.o
                0x08009dfe                APP_LCD_BColourSet
 .text.APP_LCD_FColourSet
                0x08009e04        0x6 project_build//C/mios32/trunk/modules/app_lcd/clcd/app_lcd.o
                0x08009e04                APP_LCD_FColourSet
 .text.APP_LCD_BitmapPrint
                0x08009e0a       0x10 project_build//C/mios32/trunk/modules/app_lcd/clcd/app_lcd.o
                0x08009e0a                APP_LCD_BitmapPrint
 *fill*         0x08009e1a        0x2 00
 .text.__libc_init_array
                0x08009e1c       0x48 c:/mios32_toolchain/bin/../lib/gcc/arm-none-eabi/4.5.1/../../../../arm-none-eabi/lib/thumb/v7m\libg.a(lib_a-init.o)
                0x08009e1c                __libc_init_array
 .text.memcpy   0x08009e64       0x16 c:/mios32_toolchain/bin/../lib/gcc/arm-none-eabi/4.5.1/../../../../arm-none-eabi/lib/thumb/v7m\libg.a(lib_a-memcpy.o)
                0x08009e64                memcpy
 .text.memset   0x08009e7a       0x10 c:/mios32_toolchain/bin/../lib/gcc/arm-none-eabi/4.5.1/../../../../arm-none-eabi/lib/thumb/v7m\libg.a(lib_a-memset.o)
                0x08009e7a                memset
 .text.strcpy   0x08009e8a        0xe c:/mios32_toolchain/bin/../lib/gcc/arm-none-eabi/4.5.1/../../../../arm-none-eabi/lib/thumb/v7m\libg.a(lib_a-strcpy.o)
                0x08009e8a                strcpy
 .text.strlen   0x08009e98       0x10 c:/mios32_toolchain/bin/../lib/gcc/arm-none-eabi/4.5.1/../../../../arm-none-eabi/lib/thumb/v7m\libg.a(lib_a-strlen.o)
                0x08009e98                strlen
 .text.strncpy  0x08009ea8       0x28 c:/mios32_toolchain/bin/../lib/gcc/arm-none-eabi/4.5.1/../../../../arm-none-eabi/lib/thumb/v7m\libg.a(lib_a-strncpy.o)
                0x08009ea8                strncpy
 *(.plt)
 *(.gnu.warning)
 *(.glue_7t)
 .glue_7t       0x00000000        0x0 linker stubs
 *(.glue_7)
 .glue_7        0x00000000        0x0 linker stubs
 *(.vfp11_veneer)
 .vfp11_veneer  0x00000000        0x0 linker stubs
 *(.ARM.extab* .gnu.linkonce.armextab.*)
 *(.gcc_except_table)

.v4_bx          0x20000000        0x0
 .v4_bx         0x00000000        0x0 linker stubs

.eh_frame_hdr
 *(.eh_frame_hdr)

.eh_frame
 *(.eh_frame)
                0x20000000                __exidx_start = .

.ARM.exidx
 *(.ARM.exidx* .gnu.linkonce.armexidx.*)
                0x20000000                __exidx_end = .

.rodata         0x08009ed0      0x4d8
 *(.rodata .rodata.* .gnu.linkonce.r.*)
 .rodata.str1.1
                0x08009ed0        0x5 project_build/app.o
 .rodata.str1.1
                0x08009ed5      0x130 project_build//C/mios32/trunk/programming_models/traditional/main.o
 .rodata.str1.1
                0x0800a005        0x5 project_build//C/mios32/trunk/FreeRTOS/Source/tasks.o
 .rodata.str1.1
                0x0800a00a      0x121 project_build//C/mios32/trunk/FreeRTOS/Source/portable/MemMang/umm_malloc.o
 *fill*         0x0800a12b        0x1 00
 .rodata.C.7.7796
                0x0800a12c        0x4 project_build//C/mios32/trunk/mios32/common/mios32_lcd.o
 .rodata.str1.1
                0x0800a130       0x1f project_build//C/mios32/trunk/mios32/common/mios32_lcd.o
 *fill*         0x0800a14f        0x1 00
 .rodata.mios32_midi_expected_bytes_system
                0x0800a150       0x10 project_build//C/mios32/trunk/mios32/common/mios32_midi.o
                0x0800a150                mios32_midi_expected_bytes_system
 .rodata.mios32_midi_pcktype_num_bytes
                0x0800a160       0x10 project_build//C/mios32/trunk/mios32/common/mios32_midi.o
                0x0800a160                mios32_midi_pcktype_num_bytes
 .rodata.str1.1
                0x0800a170      0x112 project_build//C/mios32/trunk/mios32/common/mios32_midi.o
                                0x131 (size before relaxing)
 *fill*         0x0800a282        0x2 00
 .rodata.mios32_midi_expected_bytes_common
                0x0800a284        0x8 project_build//C/mios32/trunk/mios32/common/mios32_midi.o
                0x0800a284                mios32_midi_expected_bytes_common
 .rodata.mios32_midi_sysex_header
                0x0800a28c        0x8 project_build//C/mios32/trunk/mios32/common/mios32_midi.o
                0x0800a28c                mios32_midi_sysex_header
 .rodata.CSWTCH.16
                0x0800a294        0xc project_build//C/mios32/trunk/mios32/common/mios32_uart_midi.o
 .rodata.str1.1
                0x0800a2a0       0x11 project_build//C/mios32/trunk/mios32/STM32F10x/mios32_sys.o
 *fill*         0x0800a2b1        0x3 00
 .rodata.My_User_Standard_Requests
                0x0800a2b4       0x24 project_build//C/mios32/trunk/mios32/STM32F10x/mios32_usb.o
 .rodata.MIOS32_USB_DeviceDescriptor
                0x0800a2d8       0x14 project_build//C/mios32/trunk/mios32/STM32F10x/mios32_usb.o
 .rodata.My_Device_Property
                0x0800a2ec       0x30 project_build//C/mios32/trunk/mios32/STM32F10x/mios32_usb.o
 .rodata.str1.1
                0x0800a31c        0xc project_build//C/mios32/trunk/mios32/STM32F10x/mios32_usb.o
                                 0x13 (size before relaxing)
 .rodata.C.9.8393
                0x0800a328        0x8 project_build//C/mios32/trunk/mios32/STM32F10x/mios32_usb.o
 .rodata.C.8.8390
                0x0800a330        0x8 project_build//C/mios32/trunk/mios32/STM32F10x/mios32_usb.o
 .rodata.MIOS32_USB_ConfigDescriptor
                0x0800a338       0x68 project_build//C/mios32/trunk/mios32/STM32F10x/mios32_usb.o
 .rodata.str1.1
                0x0800a3a0        0x7 project_build//C/mios32/trunk/mios32/common/printf-stdarg.o
                0x0800a3a8                . = ALIGN (0x4)
 *fill*         0x0800a3a7        0x1 00
 *(.init)
                0x0800a3a8                . = ALIGN (0x4)
                0x0800a3a8                __preinit_array_start = .
 *(.preinit_array)
                0x0800a3a8                __preinit_array_end = .
                0x0800a3a8                . = ALIGN (0x4)
                0x0800a3a8                __init_array_start = .
 *(SORT(.init_array.*))
 *(.init_array)
                0x0800a3a8                __init_array_end = .
                0x0800a3a8                . = ALIGN (0x4)
 *(.fini)
                0x0800a3a8                . = ALIGN (0x4)
                0x0800a3a8                __fini_array_start = .
 *(.fini_array)
 *(SORT(.fini_array.*))
                0x0800a3a8                __fini_array_end = .
                0x0800a3a8                . = ALIGN (0x4)
 *crtbegin.o(.ctors)
 *(EXCLUDE_FILE(*crtend.o) .ctors)
 *(SORT(.ctors.*))
 *crtend.o(.ctors)
                0x0800a3a8                . = ALIGN (0x4)
 *crtbegin.o(.dtors)
 *(EXCLUDE_FILE(*crtend.o) .dtors)
 *(SORT(.dtors.*))
 *crtend.o(.dtors)
 *(.init .init.*)
 *(.fini .fini.*)
                0x0800a3a8                PROVIDE (__preinit_array_start, .)
 *(.preinit_array)
                0x0800a3a8                PROVIDE (__preinit_array_end, .)
                0x0800a3a8                PROVIDE (__init_array_start, .)
 *(SORT(.init_array.*))
 *(.init_array)
                0x0800a3a8                PROVIDE (__init_array_end, .)
                0x0800a3a8                PROVIDE (__fini_array_start, .)
 *(.fini_array)
 *(SORT(.fini_array.*))
                0x0800a3a8                PROVIDE (__fini_array_end, .)
                0x0800a3a8                . = ALIGN (0x8)
 *(.rom)
 *(.rom.b)
                0x0800a3a8                _etext = .
                0x0800a3a8                _sidata = _etext

.data           0x20000000       0x58 load address 0x0800a3a8
                0x20000000                _sdata = .
                0x20000000                . = ALIGN (0x80)
                0x00000000                _isr_vectorsram_offs = (. - 0x20000000)
 *(.isr_vectorsram)
                0x20000000                . = ALIGN (0x4)
 *(.jcr)
 *(.got.plt)
 *(.got)
 *(.shdata)
 *(.data .data.* .gnu.linkonce.d.*)
 .data.uxCriticalNesting
                0x20000000        0x4 project_build//C/mios32/trunk/FreeRTOS/Source/portable/GCC/ARM_CM3/port.o
 .data.default_port
                0x20000004        0x1 project_build//C/mios32/trunk/mios32/common/mios32_midi.o
 .data.debug_port
                0x20000005        0x1 project_build//C/mios32/trunk/mios32/common/mios32_midi.o
 .data.debug_req.6342
                0x20000006        0x1 project_build//C/mios32/trunk/mios32/common/mios32_midi.o
 .data.default_port
                0x20000007        0x1 project_build//C/mios32/trunk/mios32/common/mios32_com.o
 .data.debug_port
                0x20000008        0x1 project_build//C/mios32/trunk/mios32/common/mios32_com.o
 *fill*         0x20000009        0x3 00
 .data.pEpInt_IN
                0x2000000c       0x1c project_build//C/mios32/trunk/mios32/STM32F10x/mios32_usb.o
                0x2000000c                pEpInt_IN
 .data.pEpInt_OUT
                0x20000028       0x1c project_build//C/mios32/trunk/mios32/STM32F10x/mios32_usb.o
                0x20000028                pEpInt_OUT
 .data.ADCPrescTable
                0x20000044        0x4 project_build//C/mios32/trunk/drivers/STM32F10x/v3.3.0/STM32F10x_StdPeriph_Driver/src/stm32f10x_rcc.o
 .data.APBAHBPrescTable
                0x20000048       0x10 project_build//C/mios32/trunk/drivers/STM32F10x/v3.3.0/STM32F10x_StdPeriph_Driver/src/stm32f10x_rcc.o
                0x20000058                . = ALIGN (0x8)
 *(.ram)
 *(.ramfunc*)
                0x20000058                . = ALIGN (0x4)
                0x20000058                _edata = .

.bss            0x20000058     0x3088 load address 0x0800a400
                0x20000058                . = ALIGN (0x4)
                0x20000058                _sbss = .
 *(.shbss)
 *(.bss .bss.* .gnu.linkonce.b.*)
 .bss.uxMissedTicks
                0x20000058        0x4 project_build//C/mios32/trunk/FreeRTOS/Source/tasks.o
 .bss.xNumOfOverflows
                0x2000005c        0x4 project_build//C/mios32/trunk/FreeRTOS/Source/tasks.o
 .bss.pxDelayedTaskList
                0x20000060        0x4 project_build//C/mios32/trunk/FreeRTOS/Source/tasks.o
 .bss.xSchedulerRunning
                0x20000064        0x4 project_build//C/mios32/trunk/FreeRTOS/Source/tasks.o
 .bss.uxTasksDeleted
                0x20000068        0x4 project_build//C/mios32/trunk/FreeRTOS/Source/tasks.o
 .bss.xTasksWaitingTermination
                0x2000006c       0x14 project_build//C/mios32/trunk/FreeRTOS/Source/tasks.o
 .bss.xSuspendedTaskList
                0x20000080       0x14 project_build//C/mios32/trunk/FreeRTOS/Source/tasks.o
 .bss.pxReadyTasksLists
                0x20000094       0x64 project_build//C/mios32/trunk/FreeRTOS/Source/tasks.o
 .bss.uxSchedulerSuspended
                0x200000f8        0x4 project_build//C/mios32/trunk/FreeRTOS/Source/tasks.o
 .bss.pxCurrentTCB
                0x200000fc        0x4 project_build//C/mios32/trunk/FreeRTOS/Source/tasks.o
                0x200000fc                pxCurrentTCB
 .bss.xPendingReadyList
                0x20000100       0x14 project_build//C/mios32/trunk/FreeRTOS/Source/tasks.o
 .bss.xTickCount
                0x20000114        0x4 project_build//C/mios32/trunk/FreeRTOS/Source/tasks.o
 .bss.pxOverflowDelayedTaskList
                0x20000118        0x4 project_build//C/mios32/trunk/FreeRTOS/Source/tasks.o
 .bss.uxTopReadyPriority
                0x2000011c        0x4 project_build//C/mios32/trunk/FreeRTOS/Source/tasks.o
 .bss.uxTaskNumber
                0x20000120        0x4 project_build//C/mios32/trunk/FreeRTOS/Source/tasks.o
 .bss.xDelayedTaskList1
                0x20000124       0x14 project_build//C/mios32/trunk/FreeRTOS/Source/tasks.o
 .bss.xDelayedTaskList2
                0x20000138       0x14 project_build//C/mios32/trunk/FreeRTOS/Source/tasks.o
 .bss.xMissedYield
                0x2000014c        0x4 project_build//C/mios32/trunk/FreeRTOS/Source/tasks.o
 .bss.uxCurrentNumberOfTasks
                0x20000150        0x4 project_build//C/mios32/trunk/FreeRTOS/Source/tasks.o
 .bss.uxTopUsedPriority
                0x20000154        0x4 project_build//C/mios32/trunk/FreeRTOS/Source/tasks.o
 .bss.srio_scan_finished_hook
                0x20000158        0x4 project_build//C/mios32/trunk/mios32/common/mios32_srio.o
 .bss.debounce_time
                0x2000015c        0x1 project_build//C/mios32/trunk/mios32/common/mios32_srio.o
 .bss.srio_values_transfered
                0x2000015d        0x1 project_build//C/mios32/trunk/mios32/common/mios32_srio.o
 .bss.debounce_ctr
                0x2000015e        0x1 project_build//C/mios32/trunk/mios32/common/mios32_srio.o
 .bss.mios32_lcd_device
                0x2000015f        0x1 project_build//C/mios32/trunk/mios32/common/mios32_lcd.o
                0x2000015f                mios32_lcd_device
 .bss.direct_tx_callback_func
                0x20000160        0x4 project_build//C/mios32/trunk/mios32/common/mios32_midi.o
 .bss.sysex_cmd
                0x20000164        0x1 project_build//C/mios32/trunk/mios32/common/mios32_midi.o
 *fill*         0x20000165        0x3 00
 .bss.direct_rx_callback_func
                0x20000168        0x4 project_build//C/mios32/trunk/mios32/common/mios32_midi.o
 .bss.last_sysex_port
                0x2000016c        0x1 project_build//C/mios32/trunk/mios32/common/mios32_midi.o
 .bss.sysex_device_id
                0x2000016d        0x1 project_build//C/mios32/trunk/mios32/common/mios32_midi.o
 .bss.sysex_timeout_ctr
                0x2000016e        0x2 project_build//C/mios32/trunk/mios32/common/mios32_midi.o
 .bss.query_req.6319
                0x20000170        0x1 project_build//C/mios32/trunk/mios32/common/mios32_midi.o
 *fill*         0x20000171        0x3 00
 .bss.sysex_state
                0x20000174        0x8 project_build//C/mios32/trunk/mios32/common/mios32_midi.o
 .bss.debug_command_callback_func
                0x2000017c        0x4 project_build//C/mios32/trunk/mios32/common/mios32_midi.o
 .bss.sysex_timeout_ctr_flags
                0x20000180        0x4 project_build//C/mios32/trunk/mios32/common/mios32_midi.o
 .bss.sysex_callback_func
                0x20000184        0x4 project_build//C/mios32/trunk/mios32/common/mios32_midi.o
 .bss.timeout_callback_func
                0x20000188        0x4 project_build//C/mios32/trunk/mios32/common/mios32_midi.o
 .bss.receive_callback_func
                0x2000018c        0x4 project_build//C/mios32/trunk/mios32/common/mios32_com.o
 .bss.rs_last   0x20000190        0x4 project_build//C/mios32/trunk/mios32/common/mios32_uart_midi.o
 .bss.midi_rec  0x20000194       0x18 project_build//C/mios32/trunk/mios32/common/mios32_uart_midi.o
 .bss.rs_optimisation
                0x200001ac        0x1 project_build//C/mios32/trunk/mios32/common/mios32_uart_midi.o
 *fill*         0x200001ad        0x3 00
 .bss.rs_expire_ctr
                0x200001b0        0x4 project_build//C/mios32/trunk/mios32/common/mios32_uart_midi.o
 .bss.prev_primask
                0x200001b4        0x4 project_build//C/mios32/trunk/mios32/STM32F10x/mios32_irq.o
 .bss.nested_ctr
                0x200001b8        0x4 project_build//C/mios32/trunk/mios32/STM32F10x/mios32_irq.o
 .bss.spi_callback
                0x200001bc        0xc project_build//C/mios32/trunk/mios32/STM32F10x/mios32_spi.o
 .bss.tx_dummy_byte
                0x200001c8        0x1 project_build//C/mios32/trunk/mios32/STM32F10x/mios32_spi.o
 .bss.sw_spi2_mode
                0x200001c9        0x1 project_build//C/mios32/trunk/mios32/STM32F10x/mios32_spi.o
 .bss.rx_dummy_byte
                0x200001ca        0x1 project_build//C/mios32/trunk/mios32/STM32F10x/mios32_spi.o
 *fill*         0x200001cb        0x1 00
 .bss.j5_enable_mask
                0x200001cc        0x2 project_build//C/mios32/trunk/mios32/STM32F10x/mios32_board.o
 *fill*         0x200001ce        0x2 00
 .bss.timer_callback
                0x200001d0        0xc project_build//C/mios32/trunk/mios32/STM32F10x/mios32_timer.o
 .bss.bDeviceState
                0x200001dc        0x4 project_build//C/mios32/trunk/mios32/STM32F10x/mios32_usb.o
 .bss.My_Device_Info
                0x200001e0       0x1c project_build//C/mios32/trunk/mios32/STM32F10x/mios32_usb.o
 .bss.rx_buffer_size
                0x200001fc        0x2 project_build//C/mios32/trunk/mios32/STM32F10x/mios32_usb_midi.o
 .bss.rx_buffer_tail
                0x200001fe        0x2 project_build//C/mios32/trunk/mios32/STM32F10x/mios32_usb_midi.o
 .bss.tx_buffer
                0x20000200      0x100 project_build//C/mios32/trunk/mios32/STM32F10x/mios32_usb_midi.o
 .bss.tx_buffer_busy
                0x20000300        0x1 project_build//C/mios32/trunk/mios32/STM32F10x/mios32_usb_midi.o
 *fill*         0x20000301        0x3 00
 .bss.rx_buffer
                0x20000304      0x100 project_build//C/mios32/trunk/mios32/STM32F10x/mios32_usb_midi.o
 .bss.rx_buffer_new_data
                0x20000404        0x1 project_build//C/mios32/trunk/mios32/STM32F10x/mios32_usb_midi.o
 *fill*         0x20000405        0x1 00
 .bss.rx_buffer_head
                0x20000406        0x2 project_build//C/mios32/trunk/mios32/STM32F10x/mios32_usb_midi.o
 .bss.tx_buffer_size
                0x20000408        0x2 project_build//C/mios32/trunk/mios32/STM32F10x/mios32_usb_midi.o
 .bss.tx_buffer_tail
                0x2000040a        0x2 project_build//C/mios32/trunk/mios32/STM32F10x/mios32_usb_midi.o
 .bss.timeout_ctr.6139
                0x2000040c        0x2 project_build//C/mios32/trunk/mios32/STM32F10x/mios32_usb_midi.o
 .bss.transfer_possible
                0x2000040e        0x1 project_build//C/mios32/trunk/mios32/STM32F10x/mios32_usb_midi.o
 *fill*         0x2000040f        0x1 00
 .bss.tx_buffer_head
                0x20000410        0x2 project_build//C/mios32/trunk/mios32/STM32F10x/mios32_usb_midi.o
 *fill*         0x20000412        0x2 00
 .bss.tx_buffer_tail
                0x20000414        0x4 project_build//C/mios32/trunk/mios32/STM32F10x/mios32_uart.o
 .bss.rx_buffer_size
                0x20000418        0x4 project_build//C/mios32/trunk/mios32/STM32F10x/mios32_uart.o
 .bss.rx_buffer_tail
                0x2000041c        0x4 project_build//C/mios32/trunk/mios32/STM32F10x/mios32_uart.o
 .bss.tx_buffer
                0x20000420       0x80 project_build//C/mios32/trunk/mios32/STM32F10x/mios32_uart.o
 .bss.rx_buffer
                0x200004a0       0x80 project_build//C/mios32/trunk/mios32/STM32F10x/mios32_uart.o
 .bss.rx_buffer_head
                0x20000520        0x4 project_build//C/mios32/trunk/mios32/STM32F10x/mios32_uart.o
 .bss.tx_buffer_size
                0x20000524        0x4 project_build//C/mios32/trunk/mios32/STM32F10x/mios32_uart.o
 .bss.uart_baudrate
                0x20000528        0x8 project_build//C/mios32/trunk/mios32/STM32F10x/mios32_uart.o
 .bss.tx_buffer_head
                0x20000530        0x4 project_build//C/mios32/trunk/mios32/STM32F10x/mios32_uart.o
 .bss.iic_rec   0x20000534       0x24 project_build//C/mios32/trunk/mios32/STM32F10x/mios32_iic.o
 .bss.Data_Mul_MaxPacketSize
                0x20000558        0x1 project_build//C/mios32/trunk/drivers/STM32F10x/v3.3.0/STM32_USB-FS-Device_Driver/src/usb_core.o
                0x20000558                Data_Mul_MaxPacketSize
 *fill*         0x20000559        0x3 00
 .bss.display_available
                0x2000055c        0x4 project_build//C/mios32/trunk/modules/app_lcd/clcd/app_lcd.o
 *(COMMON)
 COMMON         0x20000560     0x2808 project_build//C/mios32/trunk/FreeRTOS/Source/portable/MemMang/umm_malloc.o
                0x20000560                heapInfo
                0x2000056c                umm_heap
 COMMON         0x20002d68       0x40 project_build//C/mios32/trunk/mios32/common/mios32_srio.o
                0x20002d68                mios32_srio_din_changed
                0x20002d78                mios32_srio_dout
                0x20002d88                mios32_srio_din_buffer
                0x20002d98                mios32_srio_din
 COMMON         0x20002da8      0x300 project_build//C/mios32/trunk/mios32/common/mios32_enc.o
                0x20002da8                enc_config
                0x20002ea8                enc_state
 COMMON         0x200030a8       0x1a project_build//C/mios32/trunk/mios32/common/mios32_lcd.o
                0x200030a8                font_bitmap
                0x200030b4                mios32_lcd_y
                0x200030b6                mios32_lcd_column
                0x200030b8                mios32_lcd_cursor_map
                0x200030bc                mios32_lcd_line
                0x200030be                mios32_lcd_type
                0x200030c0                mios32_lcd_x
 *fill*         0x200030c2        0x2 00
 COMMON         0x200030c4        0xe project_build//C/mios32/trunk/mios32/STM32F10x/mios32_usb.o
                0x200030c4                pProperty
                0x200030c8                pUser_Standard_Requests
                0x200030cc                pInformation
                0x200030d0                Device_Table
 *fill*         0x200030d2        0x2 00
 COMMON         0x200030d4        0x4 project_build//C/mios32/trunk/mios32/STM32F10x/mios32_iic.o
                0x200030d4                MIOS32_IIC_unexpected_event
 COMMON         0x200030d8        0x2 project_build//C/mios32/trunk/drivers/STM32F10x/v3.3.0/STM32_USB-FS-Device_Driver/src/usb_core.o
                0x200030d8                StatusInfo
 COMMON         0x200030da        0x4 project_build//C/mios32/trunk/drivers/STM32F10x/v3.3.0/STM32_USB-FS-Device_Driver/src/usb_int.o
                0x200030da                SaveRState
                0x200030dc                SaveTState
                0x200030e0                . = ALIGN (0x8)
 *fill*         0x200030de        0x2 00
 *(.ram.b)
                0x200030e0                . = ALIGN (0x4)
                0x200030e0                _ebss = .
                0x200030e0                _end = .
                0x200030e0                __end = .
                0x200030e0                PROVIDE (end, _ebss)
                0x200030e0                PROVIDE (_end, _ebss)
                0x20000058                PROVIDE (__bss_start__, _sbss)
                0x200030e0                PROVIDE (__bss_end__, _ebss)

._usrstack      0x200030e0      0x100 load address 0x0800a400
                0x200030e0                . = ALIGN (0x4)
                0x200030e0                _susrstack = .
                0x200031e0                . = (. + _Minimum_Stack_Size)
 *fill*         0x200030e0      0x100 00
                0x200031e0                . = ALIGN (0x4)
                0x200031e0                _eusrstack = .

.b1text
 *(.b1text)
 *(.b1rodata)
 *(.b1rodata*)

.eb0text
 *(.eb0text)
 *(.eb0rodata)
 *(.eb0rodata*)

.eb1text
 *(.eb1text)
 *(.eb1rodata)
 *(.eb1rodata*)

.eb2text
 *(.eb2text)
 *(.eb2rodata)
 *(.eb2rodata*)

.eb3text
 *(.eb3text)
 *(.eb3rodata)
 *(.eb3rodata*)

/DISCARD/
 libc.a(*)
 libm.a(*)
 libgcc.a(*)

.stab
 *(.stab)

.stabstr
 *(.stabstr)

.stab.excl
 *(.stab.excl)

.stab.exclstr
 *(.stab.exclstr)

.stab.index
 *(.stab.index)

.stab.indexstr
 *(.stab.indexstr)

.ARM.attributes
                0x00000000       0x31
 .ARM.attributes
                0x00000000       0x31 project_build/app.o
 .ARM.attributes
                0x00000031       0x31 project_build//C/mios32/trunk/programming_models/traditional/main.o
 .ARM.attributes
                0x00000062       0x31 project_build//C/mios32/trunk/FreeRTOS/Source/tasks.o
 .ARM.attributes
                0x00000093       0x31 project_build//C/mios32/trunk/FreeRTOS/Source/list.o
 .ARM.attributes
                0x000000c4       0x31 project_build//C/mios32/trunk/FreeRTOS/Source/queue.o
 .ARM.attributes
                0x000000f5       0x31 project_build//C/mios32/trunk/FreeRTOS/Source/portable/GCC/ARM_CM3/port.o
 .ARM.attributes